Archive member included to satisfy reference by file (symbol)

.\CortexM0\ARM_GCC_541\Debug\PSoC Project Template.a(CyLib.o)
                              .\CortexM0\ARM_GCC_541\Debug\cyfitter_cfg.o (CyIntEnable)
.\CortexM0\ARM_GCC_541\Debug\PSoC Project Template.a(CyLFClk.o)
                              .\CortexM0\ARM_GCC_541\Debug\cyfitter_cfg.o (CySysClkWcoStart)
.\CortexM0\ARM_GCC_541\Debug\PSoC Project Template.a(CAN.o)
                              .\CortexM0\ARM_GCC_541\Debug\PortPSOC_CY8C4248AZI_L485.o (CAN_GlobalIntEnable)
.\CortexM0\ARM_GCC_541\Debug\PSoC Project Template.a(CAN_INT.o)
                              .\CortexM0\ARM_GCC_541\Debug\PSoC Project Template.a(CAN.o) (CAN_ISR)
.\CortexM0\ARM_GCC_541\Debug\PSoC Project Template.a(CAN_TX_RX_func.o)
                              .\CortexM0\ARM_GCC_541\Debug\PortPSOC_CY8C4248AZI_L485.o (CAN_SendMsg)
.\CortexM0\ARM_GCC_541\Debug\PSoC Project Template.a(DIP1.o)
                              .\CortexM0\ARM_GCC_541\Debug\main.o (DIP1_Read)
.\CortexM0\ARM_GCC_541\Debug\PSoC Project Template.a(DIP2.o)
                              .\CortexM0\ARM_GCC_541\Debug\main.o (DIP2_Read)
.\CortexM0\ARM_GCC_541\Debug\PSoC Project Template.a(DIP3.o)
                              .\CortexM0\ARM_GCC_541\Debug\main.o (DIP3_Read)
.\CortexM0\ARM_GCC_541\Debug\PSoC Project Template.a(DIP4.o)
                              .\CortexM0\ARM_GCC_541\Debug\main.o (DIP4_Read)
.\CortexM0\ARM_GCC_541\Debug\PSoC Project Template.a(DBG_UART.o)
                              .\CortexM0\ARM_GCC_541\Debug\main.o (DBG_UART_Start)
.\CortexM0\ARM_GCC_541\Debug\PSoC Project Template.a(DBG_UART_SPI_UART.o)
                              .\CortexM0\ARM_GCC_541\Debug\main.o (DBG_UART_SpiUartGetRxBufferSize)
.\CortexM0\ARM_GCC_541\Debug\PSoC Project Template.a(DBG_UART_UART.o)
                              .\CortexM0\ARM_GCC_541\Debug\PSoC Project Template.a(DBG_UART.o) (DBG_UART_UartInit)
.\CortexM0\ARM_GCC_541\Debug\PSoC Project Template.a(LED_ERR.o)
                              .\CortexM0\ARM_GCC_541\Debug\main.o (LED_ERR_Write)
.\CortexM0\ARM_GCC_541\Debug\PSoC Project Template.a(LED_DBG_1.o)
                              .\CortexM0\ARM_GCC_541\Debug\main.o (LED_DBG_1_Write)
.\CortexM0\ARM_GCC_541\Debug\PSoC Project Template.a(LED_CAN.o)
                              .\CortexM0\ARM_GCC_541\Debug\main.o (LED_CAN_Write)
.\CortexM0\ARM_GCC_541\Debug\PSoC Project Template.a(Timer_Period_Reset.o)
                              .\CortexM0\ARM_GCC_541\Debug\main.o (Timer_Period_Reset_Start)
.\CortexM0\ARM_GCC_541\Debug\PSoC Project Template.a(isr_Period_Reset.o)
                              .\CortexM0\ARM_GCC_541\Debug\main.o (isr_Period_Reset_StartEx)
.\CortexM0\ARM_GCC_541\Debug\PSoC Project Template.a(isr_Button_1.o)
                              .\CortexM0\ARM_GCC_541\Debug\main.o (isr_Button_1_StartEx)
.\CortexM0\ARM_GCC_541\Debug\PSoC Project Template.a(CyBootAsmGnu.o)
                              .\CortexM0\ARM_GCC_541\Debug\cyfitter_cfg.o (CyDelayCycles)
.\CortexM0\ARM_GCC_541\Debug\PSoC Project Template.a(CyFlash.o)
                              .\CortexM0\ARM_GCC_541\Debug\PSoC Project Template.a(CyLib.o) (CySysFlashSetWaitCycles)
c:/program files (x86)/cypress/psoc creator/4.4/psoc creator/import/gnu/arm/5.4.1/bin/../lib/gcc/arm-none-eabi/5.4.1/armv6-m\libgcc.a(_udivsi3.o)
                              .\CortexM0\ARM_GCC_541\Debug\PSoC Project Template.a(CyLib.o) (__aeabi_uidiv)
c:/program files (x86)/cypress/psoc creator/4.4/psoc creator/import/gnu/arm/5.4.1/bin/../lib/gcc/arm-none-eabi/5.4.1/armv6-m\libgcc.a(_divsi3.o)
                              .\CortexM0\ARM_GCC_541\Debug\PSoC Project Template.a(CyLib.o) (__aeabi_idiv)
c:/program files (x86)/cypress/psoc creator/4.4/psoc creator/import/gnu/arm/5.4.1/bin/../lib/gcc/arm-none-eabi/5.4.1/armv6-m\libgcc.a(_dvmd_tls.o)
                              c:/program files (x86)/cypress/psoc creator/4.4/psoc creator/import/gnu/arm/5.4.1/bin/../lib/gcc/arm-none-eabi/5.4.1/armv6-m\libgcc.a(_udivsi3.o) (__aeabi_idiv0)
c:/program files (x86)/cypress/psoc creator/4.4/psoc creator/import/gnu/arm/5.4.1/bin/../lib/gcc/arm-none-eabi/5.4.1/../../../../arm-none-eabi/lib/armv6-m\libg_nano.a(lib_a-errno.o)
                              .\CortexM0\ARM_GCC_541\Debug\Cm0Start.o (__errno)
c:/program files (x86)/cypress/psoc creator/4.4/psoc creator/import/gnu/arm/5.4.1/bin/../lib/gcc/arm-none-eabi/5.4.1/../../../../arm-none-eabi/lib/armv6-m\libg_nano.a(lib_a-exit.o)
                              c:/program files (x86)/cypress/psoc creator/4.4/psoc creator/import/gnu/arm/5.4.1/bin/../lib/gcc/arm-none-eabi/5.4.1/../../../../arm-none-eabi/lib/armv6-m/crt0.o (exit)
c:/program files (x86)/cypress/psoc creator/4.4/psoc creator/import/gnu/arm/5.4.1/bin/../lib/gcc/arm-none-eabi/5.4.1/../../../../arm-none-eabi/lib/armv6-m\libg_nano.a(lib_a-impure.o)
[...]
Memory Configuration

Name             Origin             Length             Attributes
rom              0x00000000         0x00020000         xr
ram              0x20000000         0x00004000         xrw
*default*        0x00000000         0xffffffff

Linker script and memory map

LOAD c:/program files (x86)/cypress/psoc creator/4.4/psoc creator/import/gnu/arm/5.4.1/bin/../lib/gcc/arm-none-eabi/5.4.1/armv6-m/crti.o
LOAD c:/program files (x86)/cypress/psoc creator/4.4/psoc creator/import/gnu/arm/5.4.1/bin/../lib/gcc/arm-none-eabi/5.4.1/armv6-m/crtbegin.o
LOAD c:/program files (x86)/cypress/psoc creator/4.4/psoc creator/import/gnu/arm/5.4.1/bin/../lib/gcc/arm-none-eabi/5.4.1/../../../../arm-none-eabi/lib/armv6-m/crt0.o
START GROUP
LOAD .\CortexM0\ARM_GCC_541\Debug\main.o
LOAD .\CortexM0\ARM_GCC_541\Debug\Temp_CAN.o
LOAD .\CortexM0\ARM_GCC_541\Debug\Temp_FSM.o
LOAD .\CortexM0\ARM_GCC_541\Debug\CANCommon.o
LOAD .\CortexM0\ARM_GCC_541\Debug\CANGPIO.o
LOAD .\CortexM0\ARM_GCC_541\Debug\CANLocalization.o
LOAD .\CortexM0\ARM_GCC_541\Debug\CANPacket.o
LOAD .\CortexM0\ARM_GCC_541\Debug\PortPSOC_CY8C4248AZI_L485.o
LOAD .\CortexM0\ARM_GCC_541\Debug\CANMotorUnit.o
LOAD .\CortexM0\ARM_GCC_541\Debug\cyfitter_cfg.o
LOAD .\CortexM0\ARM_GCC_541\Debug\cymetadata.o
LOAD .\CortexM0\ARM_GCC_541\Debug\Cm0Start.o
LOAD .\CortexM0\ARM_GCC_541\Debug\PSoC Project Template.a
END GROUP
START GROUP
LOAD c:/program files (x86)/cypress/psoc creator/4.4/psoc creator/import/gnu/arm/5.4.1/bin/../lib/gcc/arm-none-eabi/5.4.1/armv6-m\libgcc.a
LOAD c:/program files (x86)/cypress/psoc creator/4.4/psoc creator/import/gnu/arm/5.4.1/bin/../lib/gcc/arm-none-eabi/5.4.1/../../../../arm-none-eabi/lib/armv6-m\libg_nano.a
LOAD c:/program files (x86)/cypress/psoc creator/4.4/psoc creator/import/gnu/arm/5.4.1/bin/../lib/gcc/arm-none-eabi/5.4.1/../../../../arm-none-eabi/lib/armv6-m\libc_nano.a
END GROUP
START GROUP
LOAD c:/program files (x86)/cypress/psoc creator/4.4/psoc creator/import/gnu/arm/5.4.1/bin/../lib/gcc/arm-none-eabi/5.4.1/armv6-m\libgcc.a
LOAD c:/program files (x86)/cypress/psoc creator/4.4/psoc creator/import/gnu/arm/5.4.1/bin/../lib/gcc/arm-none-eabi/5.4.1/../../../../arm-none-eabi/lib/armv6-m\libc_nano.a
END GROUP
LOAD c:/program files (x86)/cypress/psoc creator/4.4/psoc creator/import/gnu/arm/5.4.1/bin/../lib/gcc/arm-none-eabi/5.4.1/armv6-m/crtend.o
LOAD c:/program files (x86)/cypress/psoc creator/4.4/psoc creator/import/gnu/arm/5.4.1/bin/../lib/gcc/arm-none-eabi/5.4.1/armv6-m/crtn.o
START GROUP
LOAD c:/program files (x86)/cypress/psoc creator/4.4/psoc creator/import/gnu/arm/5.4.1/bin/../lib/gcc/arm-none-eabi/5.4.1/armv6-m\libgcc.a
LOAD c:/program files (x86)/cypress/psoc creator/4.4/psoc creator/import/gnu/arm/5.4.1/bin/../lib/gcc/arm-none-eabi/5.4.1/../../../../arm-none-eabi/lib/armv6-m\libc.a
LOAD c:/program files (x86)/cypress/psoc creator/4.4/psoc creator/import/gnu/arm/5.4.1/bin/../lib/gcc/arm-none-eabi/5.4.1/../../../../arm-none-eabi/lib/armv6-m\libnosys.a
END GROUP
                0x00000000                CY_APPL_ORIGIN = 0x0
                0x00000100                CY_FLASH_ROW_SIZE = 0x100
                0x00000001                CY_APPL_NUM = 0x1
                0x00000001                CY_APPL_MAX = 0x1
                0x00000040                CY_METADATA_SIZE = 0x40
                0x00000000                CY_APPL_LOADABLE = 0x0
                0x00000000                CY_CHECKSUM_EXCLUDE_SIZE = ALIGN (0x0, CY_FLASH_ROW_SIZE)
                0x00000000                CY_APP_FOR_STACK_AND_COPIER = 0x0
                [!provide]                PROVIDE (__cy_heap_start, _end)
                0x00000001                PROVIDE (__cy_region_num, ((__cy_regions_end - __cy_regions) / 0x10))
                0x20004000                PROVIDE (__cy_stack, (ORIGIN (ram) + LENGTH (ram)))
                [!provide]                PROVIDE (__cy_heap_end, (__cy_stack - 0x800))

.cybootloader   0x00000000        0x0
 *(.cybootloader)
                0x00000000                appl1_start = CY_APPL_ORIGIN?CY_APPL_ORIGIN:ALIGN (CY_FLASH_ROW_SIZE)
                0x0000ff00                appl2_start = (appl1_start + ALIGN ((((LENGTH (rom) - appl1_start) - (0x2 * CY_FLASH_ROW_SIZE)) / 0x2), CY_FLASH_ROW_SIZE))
                0x00000000                appl_start = (CY_APPL_NUM == 0x1)?appl1_start:appl2_start
                0x00000001                cy_project_type_bootloader = (appl_start == 0x0)?0x1:0x0
                0x00000000                cy_project_type_app_for_stack_and_copier = (CY_APP_FOR_STACK_AND_COPIER == 0x1)?0x1:0x0

.text           0x00000000     0x2556
 CREATE_OBJECT_SYMBOLS
                0x00000000                PROVIDE (__cy_interrupt_vector, RomVectors)
 *(.romvectors)
 .romvectors    0x00000000       0x10 .\CortexM0\ARM_GCC_541\Debug\Cm0Start.o
                0x00000000                RomVectors
                0x00000001                ASSERT ((. != __cy_interrupt_vector), No interrupt vector)
                0x00000001                ASSERT (CY_APPL_ORIGIN?(SIZEOF (.cybootloader) <= CY_APPL_ORIGIN):0x1, Wrong image location)
                0x00000010                PROVIDE (__cy_reset, Reset)
 *(.text.Reset)
 .text.Reset    0x00000010        0x8 .\CortexM0\ARM_GCC_541\Debug\Cm0Start.o
                0x00000010                Reset
                0x00000001                ASSERT ((. != __cy_reset), No reset code)
 *(.psocinit)
 .psocinit      0x00000018      0x1e0 .\CortexM0\ARM_GCC_541\Debug\cyfitter_cfg.o
                0x000000b8                cyfitter_cfg
                0x000001f8                . = MAX (., 0x100)
 *(.text .text.* .gnu.linkonce.t.*)
 .text          0x000001f8       0x60 c:/program files (x86)/cypress/psoc creator/4.4/psoc creator/import/gnu/arm/5.4.1/bin/../lib/gcc/arm-none-eabi/5.4.1/armv6-m/crtbegin.o
 .text.Period_Reset_Handler
                0x00000258       0x38 .\CortexM0\ARM_GCC_541\Debug\main.o
                0x00000258                Period_Reset_Handler
 .text.Button_1_Handler
                0x00000290       0x14 .\CortexM0\ARM_GCC_541\Debug\main.o
                0x00000290                Button_1_Handler
 .text.DebugPrint
                0x000002a4       0x54 .\CortexM0\ARM_GCC_541\Debug\main.o
                0x000002a4                DebugPrint
 .text.getSerialAddress
                0x000002f8       0x38 .\CortexM0\ARM_GCC_541\Debug\main.o
                0x000002f8                getSerialAddress
 .text.Initialize
                0x00000330       0x58 .\CortexM0\ARM_GCC_541\Debug\main.o
                0x00000330                Initialize
 .text.DisplayErrorCode
                0x00000388       0x3c .\CortexM0\ARM_GCC_541\Debug\main.o
                0x00000388                DisplayErrorCode
 .text.main     0x000003c4       0x90 .\CortexM0\ARM_GCC_541\Debug\main.o
                0x000003c4                main
 .text.ProcessCAN
                0x00000454       0x94 .\CortexM0\ARM_GCC_541\Debug\Temp_CAN.o
                0x00000454                ProcessCAN
 .text.GotoUninitState
                0x000004e8        0xc .\CortexM0\ARM_GCC_541\Debug\Temp_FSM.o
                0x000004e8                GotoUninitState
 .text.SetStateTo
                0x000004f4        0xc .\CortexM0\ARM_GCC_541\Debug\Temp_FSM.o
                0x000004f4                SetStateTo
 .text.SetModeTo
                0x00000500        0xc .\CortexM0\ARM_GCC_541\Debug\Temp_FSM.o
                0x00000500                SetModeTo
 .text.GetState
                0x0000050c        0xc .\CortexM0\ARM_GCC_541\Debug\Temp_FSM.o
                0x0000050c                GetState
 .text.GetMode  0x00000518        0xc .\CortexM0\ARM_GCC_541\Debug\Temp_FSM.o
                0x00000518                GetMode
 .text.AssembleTelemetryReportPacket
                0x00000524       0x2c .\CortexM0\ARM_GCC_541\Debug\CANCommon.o
                0x00000524                AssembleTelemetryReportPacket
 .text.DecodeTelemetryType
                0x00000550        0x4 .\CortexM0\ARM_GCC_541\Debug\CANCommon.o
                0x00000550                DecodeTelemetryType
 .text.ConstructCANID
                0x00000554       0x1c .\CortexM0\ARM_GCC_541\Debug\CANPacket.o
                0x00000554                ConstructCANID
 .text.WriteSenderSerialAndPacketID
                0x00000570       0x18 .\CortexM0\ARM_GCC_541\Debug\CANPacket.o
                0x00000570                WriteSenderSerialAndPacketID
 .text.GetSenderDeviceSerialNumber
                0x00000588        0x4 .\CortexM0\ARM_GCC_541\Debug\CANPacket.o
                0x00000588                GetSenderDeviceSerialNumber
 .text.GetSenderDeviceGroupCode
                0x0000058c        0x4 .\CortexM0\ARM_GCC_541\Debug\CANPacket.o
                0x0000058c                GetSenderDeviceGroupCode
 .text.GetPacketID
                0x00000590        0x4 .\CortexM0\ARM_GCC_541\Debug\CANPacket.o
                0x00000590                GetPacketID
 .text.PackIntIntoDataMSBFirst
                0x00000594       0x18 .\CortexM0\ARM_GCC_541\Debug\CANPacket.o
                0x00000594                PackIntIntoDataMSBFirst
 .text.InitCAN  0x000005ac       0x98 .\CortexM0\ARM_GCC_541\Debug\PortPSOC_CY8C4248AZI_L485.o
                0x000005ac                InitCAN
 .text.SendCANPacket
                0x00000644       0x40 .\CortexM0\ARM_GCC_541\Debug\PortPSOC_CY8C4248AZI_L485.o
                0x00000644                SendCANPacket
 .text.getLocalDeviceSerial
                0x00000684        0xc .\CortexM0\ARM_GCC_541\Debug\PortPSOC_CY8C4248AZI_L485.o
                0x00000684                getLocalDeviceSerial
 .text.getLocalDeviceGroup
                0x00000690        0xc .\CortexM0\ARM_GCC_541\Debug\PortPSOC_CY8C4248AZI_L485.o
                0x00000690                getLocalDeviceGroup
 .text.FIFOSize
                0x0000069c       0x48 .\CortexM0\ARM_GCC_541\Debug\PortPSOC_CY8C4248AZI_L485.o
                0x0000069c                FIFOSize
 .text.countAddFIFO
                0x000006e4       0x50 .\CortexM0\ARM_GCC_541\Debug\PortPSOC_CY8C4248AZI_L485.o
                0x000006e4                countAddFIFO
 .text.CAN_FLAG_ISR
                0x00000734      0x12c .\CortexM0\ARM_GCC_541\Debug\PortPSOC_CY8C4248AZI_L485.o
                0x00000734                CAN_FLAG_ISR
 .text.countRemoveFIFO
                0x00000860       0x28 .\CortexM0\ARM_GCC_541\Debug\PortPSOC_CY8C4248AZI_L485.o
                0x00000860                countRemoveFIFO
 .text.PollAndReceiveCANPacket
                0x00000888       0x4c .\CortexM0\ARM_GCC_541\Debug\PortPSOC_CY8C4248AZI_L485.o
                0x00000888                PollAndReceiveCANPacket
 .text.GetModeFromPacket
                0x000008d4        0x4 .\CortexM0\ARM_GCC_541\Debug\CANMotorUnit.o
                0x000008d4                GetModeFromPacket
 .text.cfg_write_bytes32
                0x000008d8       0x34 .\CortexM0\ARM_GCC_541\Debug\cyfitter_cfg.o
 .text.AnalogSetDefault
                0x0000090c       0x20 .\CortexM0\ARM_GCC_541\Debug\cyfitter_cfg.o
 .text.CYMEMZERO
                0x0000092c        0xc .\CortexM0\ARM_GCC_541\Debug\cyfitter_cfg.o
 .text.IntDefaultHandler
                0x00000938       0x10 .\CortexM0\ARM_GCC_541\Debug\Cm0Start.o
                0x00000938                IntDefaultHandler
 .text._sbrk    0x00000948       0x30 .\CortexM0\ARM_GCC_541\Debug\Cm0Start.o
                0x00000948                _sbrk
 .text.Start_c  0x00000978       0x48 .\CortexM0\ARM_GCC_541\Debug\Cm0Start.o
                0x00000978                Start_c
 .text.initialize_psoc
                0x000009c0       0x4c .\CortexM0\ARM_GCC_541\Debug\Cm0Start.o
                0x000009c0                initialize_psoc
 .text.CySysClkImoSetPwrBgTrim5
                0x00000a0c       0x30 .\CortexM0\ARM_GCC_541\Debug\PSoC Project Template.a(CyLib.o)
 .text.CySysClkImoSetImoTrims
                0x00000a3c       0xb0 .\CortexM0\ARM_GCC_541\Debug\PSoC Project Template.a(CyLib.o)
 .text.CySysClkImoDisableWcoLock
                0x00000aec       0x54 .\CortexM0\ARM_GCC_541\Debug\PSoC Project Template.a(CyLib.o)
                0x00000aec                CySysClkImoDisableWcoLock
 .text.CySysClkImoGetWcoLock
                0x00000b40       0x14 .\CortexM0\ARM_GCC_541\Debug\PSoC Project Template.a(CyLib.o)
                0x00000b40                CySysClkImoGetWcoLock
 .text.CySysClkImoEnableUsbLock
                0x00000b54       0x44 .\CortexM0\ARM_GCC_541\Debug\PSoC Project Template.a(CyLib.o)
                0x00000b54                CySysClkImoEnableUsbLock
 .text.CySysClkImoDisableUsbLock
                0x00000b98       0x74 .\CortexM0\ARM_GCC_541\Debug\PSoC Project Template.a(CyLib.o)
                0x00000b98                CySysClkImoDisableUsbLock
 .text.CySysClkImoGetUsbLock
                0x00000c0c       0x14 .\CortexM0\ARM_GCC_541\Debug\PSoC Project Template.a(CyLib.o)
                0x00000c0c                CySysClkImoGetUsbLock
 .text.CyIntEnable
                0x00000c20       0x14 .\CortexM0\ARM_GCC_541\Debug\PSoC Project Template.a(CyLib.o)
                0x00000c20                CyIntEnable
 .text.CyIntDisable
                0x00000c34       0x14 .\CortexM0\ARM_GCC_541\Debug\PSoC Project Template.a(CyLib.o)
                0x00000c34                CyIntDisable
 .text.CyHalt   0x00000c48        0x4 .\CortexM0\ARM_GCC_541\Debug\PSoC Project Template.a(CyLib.o)
                0x00000c48                CyHalt
 .text.CyIntSetVector
                0x00000c4c       0x24 .\CortexM0\ARM_GCC_541\Debug\PSoC Project Template.a(CyLib.o)
                0x00000c4c                CyIntSetVector
 .text.CyIntSetPriority
                0x00000c70       0x4c .\CortexM0\ARM_GCC_541\Debug\PSoC Project Template.a(CyLib.o)
                0x00000c70                CyIntSetPriority
 .text.CyDelay  0x00000cbc       0x30 .\CortexM0\ARM_GCC_541\Debug\PSoC Project Template.a(CyLib.o)
                0x00000cbc                CyDelay
 .text.CySysClkImoEnableWcoLock
                0x00000cec      0x104 .\CortexM0\ARM_GCC_541\Debug\PSoC Project Template.a(CyLib.o)
                0x00000cec                CySysClkImoEnableWcoLock
 .text.CyDelayUs
                0x00000df0       0x14 .\CortexM0\ARM_GCC_541\Debug\PSoC Project Template.a(CyLib.o)
                0x00000df0                CyDelayUs
 .text.CySysClkWriteImoFreq
                0x00000e04      0x1bc .\CortexM0\ARM_GCC_541\Debug\PSoC Project Template.a(CyLib.o)
                0x00000e04                CySysClkWriteImoFreq
 .text.CySysWdtLocked
                0x00000fc0       0x14 .\CortexM0\ARM_GCC_541\Debug\PSoC Project Template.a(CyLFClk.o)
 .text.CySysClkWcoStart
                0x00000fd4       0x40 .\CortexM0\ARM_GCC_541\Debug\PSoC Project Template.a(CyLFClk.o)
                0x00000fd4                CySysClkWcoStart
 .text.CySysClkWcoEnabled
                0x00001014       0x14 .\CortexM0\ARM_GCC_541\Debug\PSoC Project Template.a(CyLFClk.o)
                0x00001014                CySysClkWcoEnabled
 .text.CySysWdtLock
                0x00001028       0x1c .\CortexM0\ARM_GCC_541\Debug\PSoC Project Template.a(CyLFClk.o)
                0x00001028                CySysWdtLock
 .text.CySysWdtUnlock
                0x00001044       0x30 .\CortexM0\ARM_GCC_541\Debug\PSoC Project Template.a(CyLFClk.o)
                0x00001044                CySysWdtUnlock
 .text.CySysWdtClearInterrupt
                0x00001074       0x4c .\CortexM0\ARM_GCC_541\Debug\PSoC Project Template.a(CyLFClk.o)
                0x00001074                CySysWdtClearInterrupt
 .text.CySysWdtIsr
                0x000010c0       0xa4 .\CortexM0\ARM_GCC_541\Debug\PSoC Project Template.a(CyLFClk.o)
                0x000010c0                CySysWdtIsr
 .text.CAN_GlobalIntEnable
                0x00001164       0x1c .\CortexM0\ARM_GCC_541\Debug\PSoC Project Template.a(CAN.o)
                0x00001164                CAN_GlobalIntEnable
 .text.CAN_Enable
                0x00001180       0x48 .\CortexM0\ARM_GCC_541\Debug\PSoC Project Template.a(CAN.o)
                0x00001180                CAN_Enable
 .text.CAN_SetPreScaler
                0x000011c8       0x38 .\CortexM0\ARM_GCC_541\Debug\PSoC Project Template.a(CAN.o)
                0x000011c8                CAN_SetPreScaler
 .text.CAN_SetArbiter
                0x00001200       0x40 .\CortexM0\ARM_GCC_541\Debug\PSoC Project Template.a(CAN.o)
                0x00001200                CAN_SetArbiter
 .text.CAN_SetTsegSample
                0x00001240       0xa0 .\CortexM0\ARM_GCC_541\Debug\PSoC Project Template.a(CAN.o)
                0x00001240                CAN_SetTsegSample
 .text.CAN_SetRestartType
                0x000012e0       0x38 .\CortexM0\ARM_GCC_541\Debug\PSoC Project Template.a(CAN.o)
                0x000012e0                CAN_SetRestartType
 .text.CAN_SetEdgeMode
                0x00001318       0x38 .\CortexM0\ARM_GCC_541\Debug\PSoC Project Template.a(CAN.o)
                0x00001318                CAN_SetEdgeMode
 .text.CAN_SetIrqMask
                0x00001350       0x1c .\CortexM0\ARM_GCC_541\Debug\PSoC Project Template.a(CAN.o)
                0x00001350                CAN_SetIrqMask
 .text.CAN_RxBufConfig
                0x0000136c       0x98 .\CortexM0\ARM_GCC_541\Debug\PSoC Project Template.a(CAN.o)
                0x0000136c                CAN_RxBufConfig
 .text.CAN_TxBufConfig
                0x00001404       0x58 .\CortexM0\ARM_GCC_541\Debug\PSoC Project Template.a(CAN.o)
                0x00001404                CAN_TxBufConfig
 .text.CAN_RxTxBuffersConfig
                0x0000145c       0x54 .\CortexM0\ARM_GCC_541\Debug\PSoC Project Template.a(CAN.o)
                0x0000145c                CAN_RxTxBuffersConfig
 .text.CAN_SetSwapDataEndianness
                0x000014b0       0x40 .\CortexM0\ARM_GCC_541\Debug\PSoC Project Template.a(CAN.o)
                0x000014b0                CAN_SetSwapDataEndianness
 .text.CAN_Init
                0x000014f0       0xe8 .\CortexM0\ARM_GCC_541\Debug\PSoC Project Template.a(CAN.o)
                0x000014f0                CAN_Init
 .text.CAN_Start
                0x000015d8       0x28 .\CortexM0\ARM_GCC_541\Debug\PSoC Project Template.a(CAN.o)
                0x000015d8                CAN_Start
 .text.CAN_ISR  0x00001600        0x4 .\CortexM0\ARM_GCC_541\Debug\PSoC Project Template.a(CAN_INT.o)
                0x00001600                CAN_ISR
 .text.CAN_SendMsg
                0x00001604      0x154 .\CortexM0\ARM_GCC_541\Debug\PSoC Project Template.a(CAN_TX_RX_func.o)
                0x00001604                CAN_SendMsg
 .text.DIP1_Read
                0x00001758       0x10 .\CortexM0\ARM_GCC_541\Debug\PSoC Project Template.a(DIP1.o)
                0x00001758                DIP1_Read
 .text.DIP2_Read
                0x00001768       0x10 .\CortexM0\ARM_GCC_541\Debug\PSoC Project Template.a(DIP2.o)
                0x00001768                DIP2_Read
 .text.DIP3_Read
                0x00001778       0x10 .\CortexM0\ARM_GCC_541\Debug\PSoC Project Template.a(DIP3.o)
                0x00001778                DIP3_Read
 .text.DIP4_Read
                0x00001788       0x10 .\CortexM0\ARM_GCC_541\Debug\PSoC Project Template.a(DIP4.o)
                0x00001788                DIP4_Read
 .text.DBG_UART_ScbModePostEnable
                0x00001798        0x8 .\CortexM0\ARM_GCC_541\Debug\PSoC Project Template.a(DBG_UART.o)
 .text.DBG_UART_Init
                0x000017a0        0x8 .\CortexM0\ARM_GCC_541\Debug\PSoC Project Template.a(DBG_UART.o)
                0x000017a0                DBG_UART_Init
 .text.DBG_UART_Enable
                0x000017a8       0x18 .\CortexM0\ARM_GCC_541\Debug\PSoC Project Template.a(DBG_UART.o)
                0x000017a8                DBG_UART_Enable
 .text.DBG_UART_Start
                0x000017c0       0x20 .\CortexM0\ARM_GCC_541\Debug\PSoC Project Template.a(DBG_UART.o)
                0x000017c0                DBG_UART_Start
 .text.DBG_UART_SpiUartReadRxData
                0x000017e0        0xc .\CortexM0\ARM_GCC_541\Debug\PSoC Project Template.a(DBG_UART_SPI_UART.o)
                0x000017e0                DBG_UART_SpiUartReadRxData
 .text.DBG_UART_SpiUartGetRxBufferSize
                0x000017ec       0x10 .\CortexM0\ARM_GCC_541\Debug\PSoC Project Template.a(DBG_UART_SPI_UART.o)
                0x000017ec                DBG_UART_SpiUartGetRxBufferSize
 .text.DBG_UART_SpiUartWriteTxData
                0x000017fc       0x1c .\CortexM0\ARM_GCC_541\Debug\PSoC Project Template.a(DBG_UART_SPI_UART.o)
                0x000017fc                DBG_UART_SpiUartWriteTxData
 .text.DBG_UART_UartInit
                0x00001818       0xa8 .\CortexM0\ARM_GCC_541\Debug\PSoC Project Template.a(DBG_UART_UART.o)
                0x00001818                DBG_UART_UartInit
 .text.DBG_UART_UartPostEnable
                0x000018c0       0x24 .\CortexM0\ARM_GCC_541\Debug\PSoC Project Template.a(DBG_UART_UART.o)
                0x000018c0                DBG_UART_UartPostEnable
 .text.DBG_UART_UartGetByte
                0x000018e4       0x34 .\CortexM0\ARM_GCC_541\Debug\PSoC Project Template.a(DBG_UART_UART.o)
                0x000018e4                DBG_UART_UartGetByte
 .text.DBG_UART_UartPutString
                0x00001918       0x18 .\CortexM0\ARM_GCC_541\Debug\PSoC Project Template.a(DBG_UART_UART.o)
                0x00001918                DBG_UART_UartPutString
 .text.LED_ERR_Write
                0x00001930       0x18 .\CortexM0\ARM_GCC_541\Debug\PSoC Project Template.a(LED_ERR.o)
                0x00001930                LED_ERR_Write
 .text.LED_DBG_1_Write
                0x00001948       0x18 .\CortexM0\ARM_GCC_541\Debug\PSoC Project Template.a(LED_DBG_1.o)
                0x00001948                LED_DBG_1_Write
 .text.LED_DBG_1_Read
                0x00001960       0x10 .\CortexM0\ARM_GCC_541\Debug\PSoC Project Template.a(LED_DBG_1.o)
                0x00001960                LED_DBG_1_Read
 .text.LED_CAN_Write
                0x00001970       0x18 .\CortexM0\ARM_GCC_541\Debug\PSoC Project Template.a(LED_CAN.o)
                0x00001970                LED_CAN_Write
 .text.Timer_Period_Reset_Enable
                0x00001988       0x14 .\CortexM0\ARM_GCC_541\Debug\PSoC Project Template.a(Timer_Period_Reset.o)
                0x00001988                Timer_Period_Reset_Enable
 .text.Timer_Period_Reset_SetInterruptMode
                0x0000199c        0xc .\CortexM0\ARM_GCC_541\Debug\PSoC Project Template.a(Timer_Period_Reset.o)
                0x0000199c                Timer_Period_Reset_SetInterruptMode
 .text.Timer_Period_Reset_ReadStatusRegister
                0x000019a8        0xc .\CortexM0\ARM_GCC_541\Debug\PSoC Project Template.a(Timer_Period_Reset.o)
                0x000019a8                Timer_Period_Reset_ReadStatusRegister
 .text.Timer_Period_Reset_WritePeriod
                0x000019b4        0xc .\CortexM0\ARM_GCC_541\Debug\PSoC Project Template.a(Timer_Period_Reset.o)
                0x000019b4                Timer_Period_Reset_WritePeriod
 .text.Timer_Period_Reset_ReadCapture
                0x000019c0        0xc .\CortexM0\ARM_GCC_541\Debug\PSoC Project Template.a(Timer_Period_Reset.o)
                0x000019c0                Timer_Period_Reset_ReadCapture
 .text.Timer_Period_Reset_WriteCounter
                0x000019cc        0xc .\CortexM0\ARM_GCC_541\Debug\PSoC Project Template.a(Timer_Period_Reset.o)
                0x000019cc                Timer_Period_Reset_WriteCounter
 .text.Timer_Period_Reset_ClearFIFO
                0x000019d8       0x14 .\CortexM0\ARM_GCC_541\Debug\PSoC Project Template.a(Timer_Period_Reset.o)
                0x000019d8                Timer_Period_Reset_ClearFIFO
 .text.Timer_Period_Reset_Init
                0x000019ec       0x38 .\CortexM0\ARM_GCC_541\Debug\PSoC Project Template.a(Timer_Period_Reset.o)
                0x000019ec                Timer_Period_Reset_Init
 .text.Timer_Period_Reset_Start
                0x00001a24       0x20 .\CortexM0\ARM_GCC_541\Debug\PSoC Project Template.a(Timer_Period_Reset.o)
                0x00001a24                Timer_Period_Reset_Start
 .text.isr_Period_Reset_SetVector
                0x00001a44        0xc .\CortexM0\ARM_GCC_541\Debug\PSoC Project Template.a(isr_Period_Reset.o)
                0x00001a44                isr_Period_Reset_SetVector
 .text.isr_Period_Reset_SetPriority
                0x00001a50       0x24 .\CortexM0\ARM_GCC_541\Debug\PSoC Project Template.a(isr_Period_Reset.o)
                0x00001a50                isr_Period_Reset_SetPriority
 .text.isr_Period_Reset_Enable
                0x00001a74        0xc .\CortexM0\ARM_GCC_541\Debug\PSoC Project Template.a(isr_Period_Reset.o)
                0x00001a74                isr_Period_Reset_Enable
 .text.isr_Period_Reset_Disable
                0x00001a80        0xc .\CortexM0\ARM_GCC_541\Debug\PSoC Project Template.a(isr_Period_Reset.o)
                0x00001a80                isr_Period_Reset_Disable
 .text.isr_Period_Reset_StartEx
                0x00001a8c       0x1c .\CortexM0\ARM_GCC_541\Debug\PSoC Project Template.a(isr_Period_Reset.o)
                0x00001a8c                isr_Period_Reset_StartEx
 .text.isr_Button_1_SetVector
                0x00001aa8        0xc .\CortexM0\ARM_GCC_541\Debug\PSoC Project Template.a(isr_Button_1.o)
                0x00001aa8                isr_Button_1_SetVector
 .text.isr_Button_1_SetPriority
                0x00001ab4       0x20 .\CortexM0\ARM_GCC_541\Debug\PSoC Project Template.a(isr_Button_1.o)
                0x00001ab4                isr_Button_1_SetPriority
 .text.isr_Button_1_Enable
                0x00001ad4        0xc .\CortexM0\ARM_GCC_541\Debug\PSoC Project Template.a(isr_Button_1.o)
                0x00001ad4                isr_Button_1_Enable
 .text.isr_Button_1_Disable
                0x00001ae0        0xc .\CortexM0\ARM_GCC_541\Debug\PSoC Project Template.a(isr_Button_1.o)
                0x00001ae0                isr_Button_1_Disable
 .text.isr_Button_1_StartEx
                0x00001aec       0x1c .\CortexM0\ARM_GCC_541\Debug\PSoC Project Template.a(isr_Button_1.o)
                0x00001aec                isr_Button_1_StartEx
 .text          0x00001b08       0x20 .\CortexM0\ARM_GCC_541\Debug\PSoC Project Template.a(CyBootAsmGnu.o)
                0x00001b08                CyDelayCycles
                0x00001b1a                CyEnterCriticalSection
                0x00001b22                CyExitCriticalSection
 .text.CySysFlashSetWaitCycles
                0x00001b28       0x54 .\CortexM0\ARM_GCC_541\Debug\PSoC Project Template.a(CyFlash.o)
                0x00001b28                CySysFlashSetWaitCycles
 .text          0x00001b7c      0x114 c:/program files (x86)/cypress/psoc creator/4.4/psoc creator/import/gnu/arm/5.4.1/bin/../lib/gcc/arm-none-eabi/5.4.1/armv6-m\libgcc.a(_udivsi3.o)
                0x00001b7c                __aeabi_uidiv
                0x00001b7c                __udivsi3
                0x00001c88                __aeabi_uidivmod
 .text          0x00001c90        0x4 c:/program files (x86)/cypress/psoc creator/4.4/psoc creator/import/gnu/arm/5.4.1/bin/../lib/gcc/arm-none-eabi/5.4.1/armv6-m\libgcc.a(_dvmd_tls.o)
                0x00001c90                __aeabi_idiv0
                0x00001c90                __aeabi_ldiv0
 .text.__errno  0x00001c94        0xc c:/program files (x86)/cypress/psoc creator/4.4/psoc creator/import/gnu/arm/5.4.1/bin/../lib/gcc/arm-none-eabi/5.4.1/../../../../arm-none-eabi/lib/armv6-m\libg_nano.a(lib_a-errno.o)
                0x00001c94                __errno
 .text.__libc_init_array
                0x00001ca0       0x4c c:/program files (x86)/cypress/psoc creator/4.4/psoc creator/import/gnu/arm/5.4.1/bin/../lib/gcc/arm-none-eabi/5.4.1/../../../../arm-none-eabi/lib/armv6-m\libg_nano.a(lib_a-init.o)
                0x00001ca0                __libc_init_array
 .text.memcpy   0x00001cec       0x12 c:/program files (x86)/cypress/psoc creator/4.4/psoc creator/import/gnu/arm/5.4.1/bin/../lib/gcc/arm-none-eabi/5.4.1/../../../../arm-none-eabi/lib/armv6-m\libg_nano.a(lib_a-memcpy-stub.o)
                0x00001cec                memcpy
 .text.memset   0x00001cfe       0x10 c:/program files (x86)/cypress/psoc creator/4.4/psoc creator/import/gnu/arm/5.4.1/bin/../lib/gcc/arm-none-eabi/5.4.1/../../../../arm-none-eabi/lib/armv6-m\libg_nano.a(lib_a-memset.o)
                0x00001cfe                memset
 *fill*         0x00001d0e        0x2 
 .text.sprintf  0x00001d10       0x44 c:/program files (x86)/cypress/psoc creator/4.4/psoc creator/import/gnu/arm/5.4.1/bin/../lib/gcc/arm-none-eabi/5.4.1/../../../../arm-none-eabi/lib/armv6-m\libg_nano.a(lib_a-sprintf.o)
                0x00001d10                siprintf
                0x00001d10                sprintf
 .text.__ssputs_r
                0x00001d54       0xc4 c:/program files (x86)/cypress/psoc creator/4.4/psoc creator/import/gnu/arm/5.4.1/bin/../lib/gcc/arm-none-eabi/5.4.1/../../../../arm-none-eabi/lib/armv6-m\libg_nano.a(lib_a-nano-svfprintf.o)
                0x00001d54                __ssputs_r
 .text._svfprintf_r
                0x00001e18      0x1fc c:/program files (x86)/cypress/psoc creator/4.4/psoc creator/import/gnu/arm/5.4.1/bin/../lib/gcc/arm-none-eabi/5.4.1/../../../../arm-none-eabi/lib/armv6-m\libg_nano.a(lib_a-nano-svfprintf.o)
                0x00001e18                _svfiprintf_r
                0x00001e18                _svfprintf_r
 .text._printf_common
                0x00002014       0xdc c:/program files (x86)/cypress/psoc creator/4.4/psoc creator/import/gnu/arm/5.4.1/bin/../lib/gcc/arm-none-eabi/5.4.1/../../../../arm-none-eabi/lib/armv6-m\libg_nano.a(lib_a-nano-vfprintf_i.o)
                0x00002014                _printf_common
 .text._printf_i
                0x000020f0      0x244 c:/program files (x86)/cypress/psoc creator/4.4/psoc creator/import/gnu/arm/5.4.1/bin/../lib/gcc/arm-none-eabi/5.4.1/../../../../arm-none-eabi/lib/armv6-m\libg_nano.a(lib_a-nano-vfprintf_i.o)
                0x000020f0                _printf_i
 .text.memchr   0x00002334       0x16 c:/program files (x86)/cypress/psoc creator/4.4/psoc creator/import/gnu/arm/5.4.1/bin/../lib/gcc/arm-none-eabi/5.4.1/../../../../arm-none-eabi/lib/armv6-m\libg_nano.a(lib_a-memchr-stub.o)
                0x00002334                memchr
 .text.memmove  0x0000234a       0x2a c:/program files (x86)/cypress/psoc creator/4.4/psoc creator/import/gnu/arm/5.4.1/bin/../lib/gcc/arm-none-eabi/5.4.1/../../../../arm-none-eabi/lib/armv6-m\libg_nano.a(lib_a-memmove.o)
                0x0000234a                memmove
 .text._free_r  0x00002374       0x98 c:/program files (x86)/cypress/psoc creator/4.4/psoc creator/import/gnu/arm/5.4.1/bin/../lib/gcc/arm-none-eabi/5.4.1/../../../../arm-none-eabi/lib/armv6-m\libg_nano.a(lib_a-nano-freer.o)
                0x00002374                _free_r
 .text._malloc_r
                0x0000240c       0xc0 c:/program files (x86)/cypress/psoc creator/4.4/psoc creator/import/gnu/arm/5.4.1/bin/../lib/gcc/arm-none-eabi/5.4.1/../../../../arm-none-eabi/lib/armv6-m\libg_nano.a(lib_a-nano-mallocr.o)
                0x0000240c                _malloc_r
 .text._realloc_r
                0x000024cc       0x4c c:/program files (x86)/cypress/psoc creator/4.4/psoc creator/import/gnu/arm/5.4.1/bin/../lib/gcc/arm-none-eabi/5.4.1/../../../../arm-none-eabi/lib/armv6-m\libg_nano.a(lib_a-nano-reallocr.o)
                0x000024cc                _realloc_r
 .text._sbrk_r  0x00002518       0x24 c:/program files (x86)/cypress/psoc creator/4.4/psoc creator/import/gnu/arm/5.4.1/bin/../lib/gcc/arm-none-eabi/5.4.1/../../../../arm-none-eabi/lib/armv6-m\libg_nano.a(lib_a-sbrkr.o)
                0x00002518                _sbrk_r
 .text.__malloc_lock
                0x0000253c        0x2 c:/program files (x86)/cypress/psoc creator/4.4/psoc creator/import/gnu/arm/5.4.1/bin/../lib/gcc/arm-none-eabi/5.4.1/../../../../arm-none-eabi/lib/armv6-m\libg_nano.a(lib_a-mlock.o)
                0x0000253c                __malloc_lock
 .text.__malloc_unlock
                0x0000253e        0x2 c:/program files (x86)/cypress/psoc creator/4.4/psoc creator/import/gnu/arm/5.4.1/bin/../lib/gcc/arm-none-eabi/5.4.1/../../../../arm-none-eabi/lib/armv6-m\libg_nano.a(lib_a-mlock.o)
                0x0000253e                __malloc_unlock
 .text._malloc_usable_size_r
                0x00002540       0x16 c:/program files (x86)/cypress/psoc creator/4.4/psoc creator/import/gnu/arm/5.4.1/bin/../lib/gcc/arm-none-eabi/5.4.1/../../../../arm-none-eabi/lib/armv6-m\libg_nano.a(lib_a-nano-msizer.o)
                0x00002540                _malloc_usable_size_r
 *(.plt)
 *(.gnu.warning)
 *(.glue_7t)
 .glue_7t       0x00002556        0x0 linker stubs
 *(.glue_7)
 .glue_7        0x00002556        0x0 linker stubs
 *(.vfp11_veneer)
 .vfp11_veneer  0x00002556        0x0 linker stubs
 *(.bootloader)
 *(.ARM.extab* .gnu.linkonce.armextab.*)
 *(.gcc_except_table)

.v4_bx          0x00002558        0x0
 .v4_bx         0x00002558        0x0 linker stubs

.iplt           0x00002558        0x0
 .iplt          0x00002558        0x0 c:/program files (x86)/cypress/psoc creator/4.4/psoc creator/import/gnu/arm/5.4.1/bin/../lib/gcc/arm-none-eabi/5.4.1/armv6-m/crtbegin.o

.eh_frame_hdr
 *(.eh_frame_hdr)

.eh_frame       0x00002558        0x4
 *(.eh_frame)
 .eh_frame      0x00002558        0x0 c:/program files (x86)/cypress/psoc creator/4.4/psoc creator/import/gnu/arm/5.4.1/bin/../lib/gcc/arm-none-eabi/5.4.1/armv6-m/crtbegin.o
 .eh_frame      0x00002558        0x4 c:/program files (x86)/cypress/psoc creator/4.4/psoc creator/import/gnu/arm/5.4.1/bin/../lib/gcc/arm-none-eabi/5.4.1/armv6-m/crtend.o
                [!provide]                PROVIDE (__exidx_start, .)

.ARM.exidx
 *(.ARM.exidx* .gnu.linkonce.armexidx.*)
                0x0000255c                __exidx_end = .

.rodata         0x0000255c      0x3b4
 *(.rodata .rodata.* .gnu.linkonce.r.*)
 .rodata.str1.4
                0x0000255c       0x43 .\CortexM0\ARM_GCC_541\Debug\main.o
 *fill*         0x0000259f        0x1 
 .rodata.str1.4
                0x000025a0       0x50 .\CortexM0\ARM_GCC_541\Debug\Temp_CAN.o
                                 0x4e (size before relaxing)
 .rodata        0x000025f0      0x120 .\CortexM0\ARM_GCC_541\Debug\cyfitter_cfg.o
 .rodata        0x00002710       0x2e .\CortexM0\ARM_GCC_541\Debug\PSoC Project Template.a(CyLib.o)
                0x00002710                cyImoFreqMhz2Reg
 *fill*         0x0000273e        0x2 
 .rodata        0x00002740      0x160 .\CortexM0\ARM_GCC_541\Debug\PSoC Project Template.a(CAN.o)
 .rodata.str1.1
                0x000028a0        0x2 c:/program files (x86)/cypress/psoc creator/4.4/psoc creator/import/gnu/arm/5.4.1/bin/../lib/gcc/arm-none-eabi/5.4.1/../../../../arm-none-eabi/lib/armv6-m\libg_nano.a(lib_a-impure.o)
 .rodata.str1.1
                0x000028a2       0x11 c:/program files (x86)/cypress/psoc creator/4.4/psoc creator/import/gnu/arm/5.4.1/bin/../lib/gcc/arm-none-eabi/5.4.1/../../../../arm-none-eabi/lib/armv6-m\libg_nano.a(lib_a-nano-svfprintf.o)
 .rodata.str1.1
                0x000028b3       0x22 c:/program files (x86)/cypress/psoc creator/4.4/psoc creator/import/gnu/arm/5.4.1/bin/../lib/gcc/arm-none-eabi/5.4.1/../../../../arm-none-eabi/lib/armv6-m\libg_nano.a(lib_a-nano-vfprintf_i.o)
                0x000028d8                . = ALIGN (0x4)
 *fill*         0x000028d5        0x3 
 *(.init)
 .init          0x000028d8        0x4 c:/program files (x86)/cypress/psoc creator/4.4/psoc creator/import/gnu/arm/5.4.1/bin/../lib/gcc/arm-none-eabi/5.4.1/armv6-m/crti.o
                0x000028d8                _init
 .init          0x000028dc        0x8 c:/program files (x86)/cypress/psoc creator/4.4/psoc creator/import/gnu/arm/5.4.1/bin/../lib/gcc/arm-none-eabi/5.4.1/armv6-m/crtn.o
                0x000028e4                . = ALIGN (0x4)
                0x000028e4                __preinit_array_start = .
 *(.preinit_array)
                0x000028e4                __preinit_array_end = .
                0x000028e4                . = ALIGN (0x4)
                0x000028e4                __init_array_start = .
 *(SORT(.init_array.*))
 *(.init_array)
 .init_array    0x000028e4        0x4 c:/program files (x86)/cypress/psoc creator/4.4/psoc creator/import/gnu/arm/5.4.1/bin/../lib/gcc/arm-none-eabi/5.4.1/armv6-m/crtbegin.o
 .init_array    0x000028e8        0x4 .\CortexM0\ARM_GCC_541\Debug\Cm0Start.o
                0x000028ec                __init_array_end = .
                0x000028ec                . = ALIGN (0x4)
 *(.fini)
 .fini          0x000028ec        0x4 c:/program files (x86)/cypress/psoc creator/4.4/psoc creator/import/gnu/arm/5.4.1/bin/../lib/gcc/arm-none-eabi/5.4.1/armv6-m/crti.o
                0x000028ec                _fini
 .fini          0x000028f0        0x8 c:/program files (x86)/cypress/psoc creator/4.4/psoc creator/import/gnu/arm/5.4.1/bin/../lib/gcc/arm-none-eabi/5.4.1/armv6-m/crtn.o
                0x000028f8                . = ALIGN (0x4)
                0x000028f8                __fini_array_start = .
 *(.fini_array)
 .fini_array    0x000028f8        0x4 c:/program files (x86)/cypress/psoc creator/4.4/psoc creator/import/gnu/arm/5.4.1/bin/../lib/gcc/arm-none-eabi/5.4.1/armv6-m/crtbegin.o
 *(SORT(.fini_array.*))
                0x000028fc                __fini_array_end = .
                0x000028fc                . = ALIGN (0x4)
 *crtbegin.o(.ctors)
 *(EXCLUDE_FILE(*crtend.o) .ctors)
 *(SORT(.ctors.*))
 *crtend.o(.ctors)
                0x000028fc                . = ALIGN (0x4)
 *crtbegin.o(.dtors)
 *(EXCLUDE_FILE(*crtend.o) .dtors)
 *(SORT(.dtors.*))
 *crtend.o(.dtors)
                0x000028fc                . = ALIGN (0x4)
                0x000028fc                __cy_regions = .
                0x000028fc        0x4 LONG 0x2910 __cy_region_init_ram
                0x00002900        0x4 LONG 0x200000c0 __cy_region_start_data
                0x00002904        0x4 LONG 0x90 __cy_region_init_size_ram
                0x00002908        0x4 LONG 0x1d8 __cy_region_zero_size_ram
                0x0000290c                __cy_regions_end = .
                0x00002910                . = ALIGN (0x8)
 *fill*         0x0000290c        0x4 
                0x00002910                _etext = .

.cy_checksum_exclude
                0x00002910        0x0
 *(.cy_checksum_exclude)

.ramvectors     0x20000000       0xc0
                0x20000000                __cy_region_start_ram = .
 *(.ramvectors)
 .ramvectors    0x20000000       0xc0 .\CortexM0\ARM_GCC_541\Debug\Cm0Start.o
                0x20000000                CyRamVectors

.noinit
 *(.noinit)

.data           0x200000c0       0x90 load address 0x00002910
                0x200000c0                __cy_region_start_data = .
 *(.jcr)
 .jcr           0x200000c0        0x0 c:/program files (x86)/cypress/psoc creator/4.4/psoc creator/import/gnu/arm/5.4.1/bin/../lib/gcc/arm-none-eabi/5.4.1/armv6-m/crtbegin.o
 .jcr           0x200000c0        0x4 c:/program files (x86)/cypress/psoc creator/4.4/psoc creator/import/gnu/arm/5.4.1/bin/../lib/gcc/arm-none-eabi/5.4.1/armv6-m/crtend.o
 *(.got.plt)
 *(.got)
 *(.shdata)
 *(.data .data.* .gnu.linkonce.d.*)
 .data          0x200000c4        0x1 .\CortexM0\ARM_GCC_541\Debug\Temp_FSM.o
                0x200000c4                currentMode
 *fill*         0x200000c5        0x3 
 .data          0x200000c8        0x4 .\CortexM0\ARM_GCC_541\Debug\Cm0Start.o
 .data          0x200000cc       0x14 .\CortexM0\ARM_GCC_541\Debug\PSoC Project Template.a(CyLib.o)
                0x200000cc                CySysClkPumpConfig
                0x200000d0                cydelay32kMs
                0x200000d4                cydelayFreqKhz
                0x200000d8                cydelayFreqMhz
                0x200000dc                cydelayFreqHz
 .data          0x200000e0        0x8 .\CortexM0\ARM_GCC_541\Debug\PSoC Project Template.a(CyLFClk.o)
 .data.impure_data
                0x200000e8       0x60 c:/program files (x86)/cypress/psoc creator/4.4/psoc creator/import/gnu/arm/5.4.1/bin/../lib/gcc/arm-none-eabi/5.4.1/../../../../arm-none-eabi/lib/armv6-m\libg_nano.a(lib_a-impure.o)
 .data._impure_ptr
                0x20000148        0x4 c:/program files (x86)/cypress/psoc creator/4.4/psoc creator/import/gnu/arm/5.4.1/bin/../lib/gcc/arm-none-eabi/5.4.1/../../../../arm-none-eabi/lib/armv6-m\libg_nano.a(lib_a-impure.o)
                0x20000148                _impure_ptr
                0x20000150                . = ALIGN (0x8)
 *fill*         0x2000014c        0x4 
 *(.ram)
                0x20000150                _edata = .

.igot.plt       0x20000150        0x0 load address 0x000029a0
 .igot.plt      0x20000150        0x0 c:/program files (x86)/cypress/psoc creator/4.4/psoc creator/import/gnu/arm/5.4.1/bin/../lib/gcc/arm-none-eabi/5.4.1/armv6-m/crtbegin.o

.bss            0x20000150      0x1d8 load address 0x000029a0
                0x20000150                PROVIDE (__bss_start__, .)
 *(.shbss)
 *(.bss .bss.* .gnu.linkonce.b.*)
 .bss           0x20000150       0x1c c:/program files (x86)/cypress/psoc creator/4.4/psoc creator/import/gnu/arm/5.4.1/bin/../lib/gcc/arm-none-eabi/5.4.1/armv6-m/crtbegin.o
 .bss           0x2000016c        0x3 .\CortexM0\ARM_GCC_541\Debug\main.o
                0x2000016c                CAN_time_LED
                0x2000016d                ERROR_time_LED
                0x2000016e                address
 .bss           0x2000016f        0x1 .\CortexM0\ARM_GCC_541\Debug\Temp_FSM.o
                0x2000016f                currentState
 .bss           0x20000170        0x4 .\CortexM0\ARM_GCC_541\Debug\PortPSOC_CY8C4248AZI_L485.o
                0x20000170                latestMessageFull
                0x20000171                latestMessageHead
                0x20000172                latestMessageTail
                0x20000173                messageReadFlag
 .bss           0x20000174       0x20 .\CortexM0\ARM_GCC_541\Debug\PSoC Project Template.a(CyLib.o)
                0x20000174                CySysClkImoTrim4
                0x20000178                CySysClkImoTrim5
                0x20000190                CySysTickInitVar
 .bss           0x20000194       0x28 .\CortexM0\ARM_GCC_541\Debug\PSoC Project Template.a(CyLFClk.o)
 .bss           0x200001bc        0x1 .\CortexM0\ARM_GCC_541\Debug\PSoC Project Template.a(CAN.o)
                0x200001bc                CAN_initVar
 *fill*         0x200001bd        0x1 
 .bss           0x200001be        0x4 .\CortexM0\ARM_GCC_541\Debug\PSoC Project Template.a(DBG_UART.o)
                0x200001be                DBG_UART_initVar
                0x200001c0                DBG_UART_IntrTxMask
 .bss           0x200001c2        0x1 .\CortexM0\ARM_GCC_541\Debug\PSoC Project Template.a(Timer_Period_Reset.o)
                0x200001c2                Timer_Period_Reset_initVar
 *fill*         0x200001c3        0x1 
 .bss.__malloc_sbrk_start
                0x200001c4        0x4 c:/program files (x86)/cypress/psoc creator/4.4/psoc creator/import/gnu/arm/5.4.1/bin/../lib/gcc/arm-none-eabi/5.4.1/../../../../arm-none-eabi/lib/armv6-m\libg_nano.a(lib_a-nano-mallocr.o)
                0x200001c4                __malloc_sbrk_start
 .bss.__malloc_free_list
                0x200001c8        0x4 c:/program files (x86)/cypress/psoc creator/4.4/psoc creator/import/gnu/arm/5.4.1/bin/../lib/gcc/arm-none-eabi/5.4.1/../../../../arm-none-eabi/lib/armv6-m\libg_nano.a(lib_a-nano-mallocr.o)
                0x200001c8                __malloc_free_list
 *(COMMON)
 COMMON         0x200001cc       0x7c .\CortexM0\ARM_GCC_541\Debug\main.o
                0x200001cc                txData
                0x20000230                can_send
                0x2000023c                can_recieve
 COMMON         0x20000248       0xd8 .\CortexM0\ARM_GCC_541\Debug\PortPSOC_CY8C4248AZI_L485.o
                0x20000248                deviceGroup
                0x2000024c                rxMailbox
                0x2000025c                deviceAddress
                0x20000260                latestMessage
 COMMON         0x20000320        0x4 c:/program files (x86)/cypress/psoc creator/4.4/psoc creator/import/gnu/arm/5.4.1/bin/../lib/gcc/arm-none-eabi/5.4.1/../../../../arm-none-eabi/lib/armv6-m\libg_nano.a(lib_a-reent.o)
                0x20000320                errno
                0x20000328                . = ALIGN (0x8)
 *fill*         0x20000324        0x4 
 *(.ram.b)
                0x20000328                _end = .
                0x20000328                __end = .
                0x20000328                PROVIDE (end, .)
                0x20000328                PROVIDE (__bss_end__, .)
                0x00002910                __cy_region_init_ram = LOADADDR (.data)
                0x00000090                __cy_region_init_size_ram = (_edata - ADDR (.data))
                0x000001d8                __cy_region_zero_size_ram = (_end - _edata)

.heap           0x20000328       0x80 load address 0x000029a0
                0x20000328                . = _end
                0x200003a8                . = (. + 0x80)
 *fill*         0x20000328       0x80 
                0x200003a8                __cy_heap_limit = .

.stack          0x20003800      0x800
                0x20003800                __cy_stack_limit = .
                0x20004000                . = (. + 0x800)
 *fill*         0x20003800      0x800 
                0x00000001                ASSERT ((__cy_stack_limit >= __cy_heap_limit), region RAM overflowed with stack)
                0x00000000                cy_checksum_exclude_size = (CY_APPL_LOADABLE == 0x1)?SIZEOF (.cy_checksum_exclude):0x0
                0x00000001                ASSERT ((cy_checksum_exclude_size <= CY_CHECKSUM_EXCLUDE_SIZE), CY_BOOT: Section .cy_checksum_exclude size exceedes specified limit.)
                0x0001ffc0                cyloadermeta_start = (cy_project_type_bootloader || cy_project_type_app_for_stack_and_copier)?(LENGTH (rom) - CY_METADATA_SIZE):0xf0000000

.cyloadermeta
 *(.cyloadermeta)
                0x0001ffc0                cyloadablemeta_start = cy_project_type_app_for_stack_and_copier?((LENGTH (rom) - CY_FLASH_ROW_SIZE) - CY_METADATA_SIZE):((LENGTH (rom) - (CY_FLASH_ROW_SIZE * (CY_APPL_NUM - 0x1))) - CY_METADATA_SIZE)

.cyloadablemeta
 *(.cyloadablemeta)

.cyflashprotect
                0x90400000       0x40
 *(.cyflashprotect)
 .cyflashprotect
                0x90400000       0x40 .\CortexM0\ARM_GCC_541\Debug\cymetadata.o
                0x90400000                cy_meta_flashprotect

.cymeta         0x90500000        0xc
 *(.cymeta)
 .cymeta        0x90500000        0xc .\CortexM0\ARM_GCC_541\Debug\cymetadata.o
                0x90500000                cy_metadata

.cychipprotect  0x90600000        0x1
 *(.cychipprotect)
 .cychipprotect
                0x90600000        0x1 .\CortexM0\ARM_GCC_541\Debug\cymetadata.o
                0x90600000                cy_meta_chipprotect

.rel.dyn        0x000029a0        0x0 load address 0x90600004
 .rel.iplt      0x000029a0        0x0 c:/program files (x86)/cypress/psoc creator/4.4/psoc creator/import/gnu/arm/5.4.1/bin/../lib/gcc/arm-none-eabi/5.4.1/armv6-m/crtbegin.o

.stab
 *(.stab)

.stabstr
 *(.stabstr)

.debug
 *(.debug)

.line
 *(.line)

.debug_srcinfo
 *(.debug_srcinfo)

.debug_sfnames
 *(.debug_sfnames)

.debug_aranges  0x00000000      0xf50
 *(.debug_aranges)
 .debug_aranges
                0x00000000       0x50 .\CortexM0\ARM_GCC_541\Debug\main.o
 .debug_aranges
                0x00000050       0x28 .\CortexM0\ARM_GCC_541\Debug\Temp_CAN.o
 .debug_aranges
                0x00000078       0x40 .\CortexM0\ARM_GCC_541\Debug\Temp_FSM.o
 .debug_aranges
                0x000000b8       0xc0 .\CortexM0\ARM_GCC_541\Debug\CANCommon.o
 .debug_aranges
                0x00000178       0x88 .\CortexM0\ARM_GCC_541\Debug\CANGPIO.o
 .debug_aranges
                0x00000200       0x18 .\CortexM0\ARM_GCC_541\Debug\CANLocalization.o
 .debug_aranges
                0x00000218       0xa8 .\CortexM0\ARM_GCC_541\Debug\CANPacket.o
 .debug_aranges
                0x000002c0       0x68 .\CortexM0\ARM_GCC_541\Debug\PortPSOC_CY8C4248AZI_L485.o
 .debug_aranges
                0x00000328      0x110 .\CortexM0\ARM_GCC_541\Debug\CANMotorUnit.o
 .debug_aranges
                0x00000438       0x40 .\CortexM0\ARM_GCC_541\Debug\cyfitter_cfg.o
 .debug_aranges
                0x00000478       0x18 .\CortexM0\ARM_GCC_541\Debug\cymetadata.o
 .debug_aranges
                0x00000490       0x48 .\CortexM0\ARM_GCC_541\Debug\Cm0Start.o
 .debug_aranges
                0x000004d8      0x270 .\CortexM0\ARM_GCC_541\Debug\PSoC Project Template.a(CyLib.o)
 .debug_aranges
                0x00000748      0x188 .\CortexM0\ARM_GCC_541\Debug\PSoC Project Template.a(CyLFClk.o)
 .debug_aranges
                0x000008d0       0xe8 .\CortexM0\ARM_GCC_541\Debug\PSoC Project Template.a(CAN.o)
 .debug_aranges
                0x000009b8       0x20 .\CortexM0\ARM_GCC_541\Debug\PSoC Project Template.a(CAN_INT.o)
 .debug_aranges
                0x000009d8       0x48 .\CortexM0\ARM_GCC_541\Debug\PSoC Project Template.a(CAN_TX_RX_func.o)
 .debug_aranges
                0x00000a20       0x48 .\CortexM0\ARM_GCC_541\Debug\PSoC Project Template.a(DIP1.o)
 .debug_aranges
                0x00000a68       0x48 .\CortexM0\ARM_GCC_541\Debug\PSoC Project Template.a(DIP2.o)
 .debug_aranges
                0x00000ab0       0x48 .\CortexM0\ARM_GCC_541\Debug\PSoC Project Template.a(DIP3.o)
 .debug_aranges
                0x00000af8       0x48 .\CortexM0\ARM_GCC_541\Debug\PSoC Project Template.a(DIP4.o)
 .debug_aranges
                0x00000b40       0x58 .\CortexM0\ARM_GCC_541\Debug\PSoC Project Template.a(DBG_UART.o)
 .debug_aranges
                0x00000b98       0x60 .\CortexM0\ARM_GCC_541\Debug\PSoC Project Template.a(DBG_UART_SPI_UART.o)
 .debug_aranges
                0x00000bf8       0x90 .\CortexM0\ARM_GCC_541\Debug\PSoC Project Template.a(DBG_UART_UART.o)
 .debug_aranges
                0x00000c88       0x48 .\CortexM0\ARM_GCC_541\Debug\PSoC Project Template.a(LED_ERR.o)
 .debug_aranges
                0x00000cd0       0x48 .\CortexM0\ARM_GCC_541\Debug\PSoC Project Template.a(LED_DBG_1.o)
 .debug_aranges
                0x00000d18       0x48 .\CortexM0\ARM_GCC_541\Debug\PSoC Project Template.a(LED_CAN.o)
 .debug_aranges
                0x00000d60       0x90 .\CortexM0\ARM_GCC_541\Debug\PSoC Project Template.a(Timer_Period_Reset.o)
 .debug_aranges
                0x00000df0       0x80 .\CortexM0\ARM_GCC_541\Debug\PSoC Project Template.a(isr_Period_Reset.o)
 .debug_aranges
                0x00000e70       0x80 .\CortexM0\ARM_GCC_541\Debug\PSoC Project Template.a(isr_Button_1.o)
 .debug_aranges
                0x00000ef0       0x20 .\CortexM0\ARM_GCC_541\Debug\PSoC Project Template.a(CyBootAsmGnu.o)
 .debug_aranges
                0x00000f10       0x40 .\CortexM0\ARM_GCC_541\Debug\PSoC Project Template.a(CyFlash.o)

.debug_pubnames
 *(.debug_pubnames)

.debug_info     0x00000000     0x962b
 *(.debug_info .gnu.linkonce.wi.*)
 .debug_info    0x00000000      0x630 .\CortexM0\ARM_GCC_541\Debug\main.o
 .debug_info    0x00000630      0x3ef .\CortexM0\ARM_GCC_541\Debug\Temp_CAN.o
 .debug_info    0x00000a1f      0x148 .\CortexM0\ARM_GCC_541\Debug\Temp_FSM.o
 .debug_info    0x00000b67      0xa46 .\CortexM0\ARM_GCC_541\Debug\CANCommon.o
 .debug_info    0x000015ad      0x60d .\CortexM0\ARM_GCC_541\Debug\CANGPIO.o
 .debug_info    0x00001bba       0x6b .\CortexM0\ARM_GCC_541\Debug\CANLocalization.o
 .debug_info    0x00001c25      0x641 .\CortexM0\ARM_GCC_541\Debug\CANPacket.o
 .debug_info    0x00002266      0x639 .\CortexM0\ARM_GCC_541\Debug\PortPSOC_CY8C4248AZI_L485.o
 .debug_info    0x0000289f      0xe62 .\CortexM0\ARM_GCC_541\Debug\CANMotorUnit.o
 .debug_info    0x00003701      0x3f2 .\CortexM0\ARM_GCC_541\Debug\cyfitter_cfg.o
 .debug_info    0x00003af3       0xf8 .\CortexM0\ARM_GCC_541\Debug\cymetadata.o
 .debug_info    0x00003beb      0x3a2 .\CortexM0\ARM_GCC_541\Debug\Cm0Start.o
 .debug_info    0x00003f8d     0x17e4 .\CortexM0\ARM_GCC_541\Debug\PSoC Project Template.a(CyLib.o)
 .debug_info    0x00005771     0x1058 .\CortexM0\ARM_GCC_541\Debug\PSoC Project Template.a(CyLFClk.o)
 .debug_info    0x000067c9      0x9c6 .\CortexM0\ARM_GCC_541\Debug\PSoC Project Template.a(CAN.o)
 .debug_info    0x0000718f       0xa0 .\CortexM0\ARM_GCC_541\Debug\PSoC Project Template.a(CAN_INT.o)
 .debug_info    0x0000722f      0x3b4 .\CortexM0\ARM_GCC_541\Debug\PSoC Project Template.a(CAN_TX_RX_func.o)
 .debug_info    0x000075e3      0x19d .\CortexM0\ARM_GCC_541\Debug\PSoC Project Template.a(DIP1.o)
 .debug_info    0x00007780      0x19d .\CortexM0\ARM_GCC_541\Debug\PSoC Project Template.a(DIP2.o)
 .debug_info    0x0000791d      0x19d .\CortexM0\ARM_GCC_541\Debug\PSoC Project Template.a(DIP3.o)
 .debug_info    0x00007aba      0x19b .\CortexM0\ARM_GCC_541\Debug\PSoC Project Template.a(DIP4.o)
 .debug_info    0x00007c55      0x23a .\CortexM0\ARM_GCC_541\Debug\PSoC Project Template.a(DBG_UART.o)
 .debug_info    0x00007e8f      0x220 .\CortexM0\ARM_GCC_541\Debug\PSoC Project Template.a(DBG_UART_SPI_UART.o)
 .debug_info    0x000080af      0x3b5 .\CortexM0\ARM_GCC_541\Debug\PSoC Project Template.a(DBG_UART_UART.o)
 .debug_info    0x00008464      0x19d .\CortexM0\ARM_GCC_541\Debug\PSoC Project Template.a(LED_ERR.o)
 .debug_info    0x00008601      0x19d .\CortexM0\ARM_GCC_541\Debug\PSoC Project Template.a(LED_DBG_1.o)
 .debug_info    0x0000879e      0x19d .\CortexM0\ARM_GCC_541\Debug\PSoC Project Template.a(LED_CAN.o)
 .debug_info    0x0000893b      0x2ee .\CortexM0\ARM_GCC_541\Debug\PSoC Project Template.a(Timer_Period_Reset.o)
 .debug_info    0x00008c29      0x305 .\CortexM0\ARM_GCC_541\Debug\PSoC Project Template.a(isr_Period_Reset.o)
 .debug_info    0x00008f2e      0x305 .\CortexM0\ARM_GCC_541\Debug\PSoC Project Template.a(isr_Button_1.o)
 .debug_info    0x00009233       0xa6 .\CortexM0\ARM_GCC_541\Debug\PSoC Project Template.a(CyBootAsmGnu.o)
 .debug_info    0x000092d9      0x352 .\CortexM0\ARM_GCC_541\Debug\PSoC Project Template.a(CyFlash.o)

.debug_abbrev   0x00000000     0x255a
 *(.debug_abbrev)
 .debug_abbrev  0x00000000      0x177 .\CortexM0\ARM_GCC_541\Debug\main.o
 .debug_abbrev  0x00000177      0x16b .\CortexM0\ARM_GCC_541\Debug\Temp_CAN.o
 .debug_abbrev  0x000002e2       0x9f .\CortexM0\ARM_GCC_541\Debug\Temp_FSM.o
 .debug_abbrev  0x00000381      0x149 .\CortexM0\ARM_GCC_541\Debug\CANCommon.o
 .debug_abbrev  0x000004ca      0x106 .\CortexM0\ARM_GCC_541\Debug\CANGPIO.o
 .debug_abbrev  0x000005d0       0x26 .\CortexM0\ARM_GCC_541\Debug\CANLocalization.o
 .debug_abbrev  0x000005f6      0x16f .\CortexM0\ARM_GCC_541\Debug\CANPacket.o
 .debug_abbrev  0x00000765      0x1ad .\CortexM0\ARM_GCC_541\Debug\PortPSOC_CY8C4248AZI_L485.o
 .debug_abbrev  0x00000912      0x18e .\CortexM0\ARM_GCC_541\Debug\CANMotorUnit.o
 .debug_abbrev  0x00000aa0      0x1af .\CortexM0\ARM_GCC_541\Debug\cyfitter_cfg.o
 .debug_abbrev  0x00000c4f       0x5d .\CortexM0\ARM_GCC_541\Debug\cymetadata.o
 .debug_abbrev  0x00000cac      0x1d7 .\CortexM0\ARM_GCC_541\Debug\Cm0Start.o
 .debug_abbrev  0x00000e83      0x293 .\CortexM0\ARM_GCC_541\Debug\PSoC Project Template.a(CyLib.o)
 .debug_abbrev  0x00001116      0x248 .\CortexM0\ARM_GCC_541\Debug\PSoC Project Template.a(CyLFClk.o)
 .debug_abbrev  0x0000135e      0x186 .\CortexM0\ARM_GCC_541\Debug\PSoC Project Template.a(CAN.o)
 .debug_abbrev  0x000014e4       0x42 .\CortexM0\ARM_GCC_541\Debug\PSoC Project Template.a(CAN_INT.o)
 .debug_abbrev  0x00001526      0x171 .\CortexM0\ARM_GCC_541\Debug\PSoC Project Template.a(CAN_TX_RX_func.o)
 .debug_abbrev  0x00001697       0xc8 .\CortexM0\ARM_GCC_541\Debug\PSoC Project Template.a(DIP1.o)
 .debug_abbrev  0x0000175f       0xc8 .\CortexM0\ARM_GCC_541\Debug\PSoC Project Template.a(DIP2.o)
 .debug_abbrev  0x00001827       0xc8 .\CortexM0\ARM_GCC_541\Debug\PSoC Project Template.a(DIP3.o)
 .debug_abbrev  0x000018ef       0xc8 .\CortexM0\ARM_GCC_541\Debug\PSoC Project Template.a(DIP4.o)
 .debug_abbrev  0x000019b7       0xd5 .\CortexM0\ARM_GCC_541\Debug\PSoC Project Template.a(DBG_UART.o)
 .debug_abbrev  0x00001a8c      0x14f .\CortexM0\ARM_GCC_541\Debug\PSoC Project Template.a(DBG_UART_SPI_UART.o)
 .debug_abbrev  0x00001bdb      0x132 .\CortexM0\ARM_GCC_541\Debug\PSoC Project Template.a(DBG_UART_UART.o)
 .debug_abbrev  0x00001d0d       0xc8 .\CortexM0\ARM_GCC_541\Debug\PSoC Project Template.a(LED_ERR.o)
 .debug_abbrev  0x00001dd5       0xc8 .\CortexM0\ARM_GCC_541\Debug\PSoC Project Template.a(LED_DBG_1.o)
 .debug_abbrev  0x00001e9d       0xc8 .\CortexM0\ARM_GCC_541\Debug\PSoC Project Template.a(LED_CAN.o)
 .debug_abbrev  0x00001f65      0x12b .\CortexM0\ARM_GCC_541\Debug\PSoC Project Template.a(Timer_Period_Reset.o)
 .debug_abbrev  0x00002090      0x19a .\CortexM0\ARM_GCC_541\Debug\PSoC Project Template.a(isr_Period_Reset.o)
 .debug_abbrev  0x0000222a      0x19a .\CortexM0\ARM_GCC_541\Debug\PSoC Project Template.a(isr_Button_1.o)
 .debug_abbrev  0x000023c4       0x14 .\CortexM0\ARM_GCC_541\Debug\PSoC Project Template.a(CyBootAsmGnu.o)
 .debug_abbrev  0x000023d8      0x182 .\CortexM0\ARM_GCC_541\Debug\PSoC Project Template.a(CyFlash.o)

.debug_line     0x00000000     0x3ed2
 *(.debug_line)
 .debug_line    0x00000000      0x37b .\CortexM0\ARM_GCC_541\Debug\main.o
 .debug_line    0x0000037b      0x278 .\CortexM0\ARM_GCC_541\Debug\Temp_CAN.o
 .debug_line    0x000005f3      0x17d .\CortexM0\ARM_GCC_541\Debug\Temp_FSM.o
 .debug_line    0x00000770      0x2f6 .\CortexM0\ARM_GCC_541\Debug\CANCommon.o
 .debug_line    0x00000a66      0x251 .\CortexM0\ARM_GCC_541\Debug\CANGPIO.o
 .debug_line    0x00000cb7       0x1d .\CortexM0\ARM_GCC_541\Debug\CANLocalization.o
 .debug_line    0x00000cd4      0x2df .\CortexM0\ARM_GCC_541\Debug\CANPacket.o
 .debug_line    0x00000fb3      0x2f9 .\CortexM0\ARM_GCC_541\Debug\PortPSOC_CY8C4248AZI_L485.o
 .debug_line    0x000012ac      0x3a4 .\CortexM0\ARM_GCC_541\Debug\CANMotorUnit.o
 .debug_line    0x00001650      0x191 .\CortexM0\ARM_GCC_541\Debug\cyfitter_cfg.o
 .debug_line    0x000017e1      0x141 .\CortexM0\ARM_GCC_541\Debug\cymetadata.o
 .debug_line    0x00001922      0x236 .\CortexM0\ARM_GCC_541\Debug\Cm0Start.o
 .debug_line    0x00001b58      0x8ef .\CortexM0\ARM_GCC_541\Debug\PSoC Project Template.a(CyLib.o)
 .debug_line    0x00002447      0x5d1 .\CortexM0\ARM_GCC_541\Debug\PSoC Project Template.a(CyLFClk.o)
 .debug_line    0x00002a18      0x3e7 .\CortexM0\ARM_GCC_541\Debug\PSoC Project Template.a(CAN.o)
 .debug_line    0x00002dff       0x53 .\CortexM0\ARM_GCC_541\Debug\PSoC Project Template.a(CAN_INT.o)
 .debug_line    0x00002e52      0x138 .\CortexM0\ARM_GCC_541\Debug\PSoC Project Template.a(CAN_TX_RX_func.o)
 .debug_line    0x00002f8a       0xbc .\CortexM0\ARM_GCC_541\Debug\PSoC Project Template.a(DIP1.o)
 .debug_line    0x00003046       0xbc .\CortexM0\ARM_GCC_541\Debug\PSoC Project Template.a(DIP2.o)
 .debug_line    0x00003102       0xbc .\CortexM0\ARM_GCC_541\Debug\PSoC Project Template.a(DIP3.o)
 .debug_line    0x000031be       0xbb .\CortexM0\ARM_GCC_541\Debug\PSoC Project Template.a(DIP4.o)
 .debug_line    0x00003279      0x110 .\CortexM0\ARM_GCC_541\Debug\PSoC Project Template.a(DBG_UART.o)
 .debug_line    0x00003389      0x11e .\CortexM0\ARM_GCC_541\Debug\PSoC Project Template.a(DBG_UART_SPI_UART.o)
 .debug_line    0x000034a7      0x1db .\CortexM0\ARM_GCC_541\Debug\PSoC Project Template.a(DBG_UART_UART.o)
 .debug_line    0x00003682       0xbf .\CortexM0\ARM_GCC_541\Debug\PSoC Project Template.a(LED_ERR.o)
 .debug_line    0x00003741       0xc1 .\CortexM0\ARM_GCC_541\Debug\PSoC Project Template.a(LED_DBG_1.o)
 .debug_line    0x00003802       0xbf .\CortexM0\ARM_GCC_541\Debug\PSoC Project Template.a(LED_CAN.o)
 .debug_line    0x000038c1      0x186 .\CortexM0\ARM_GCC_541\Debug\PSoC Project Template.a(Timer_Period_Reset.o)
 .debug_line    0x00003a47      0x15c .\CortexM0\ARM_GCC_541\Debug\PSoC Project Template.a(isr_Period_Reset.o)
 .debug_line    0x00003ba3      0x154 .\CortexM0\ARM_GCC_541\Debug\PSoC Project Template.a(isr_Button_1.o)
 .debug_line    0x00003cf7       0x68 .\CortexM0\ARM_GCC_541\Debug\PSoC Project Template.a(CyBootAsmGnu.o)
 .debug_line    0x00003d5f      0x173 .\CortexM0\ARM_GCC_541\Debug\PSoC Project Template.a(CyFlash.o)

.debug_frame    0x00000000     0x28dc
 *(.debug_frame)
 .debug_frame   0x00000000       0xdc .\CortexM0\ARM_GCC_541\Debug\main.o
 .debug_frame   0x000000dc       0x58 .\CortexM0\ARM_GCC_541\Debug\Temp_CAN.o
 .debug_frame   0x00000134       0x60 .\CortexM0\ARM_GCC_541\Debug\Temp_FSM.o
 .debug_frame   0x00000194      0x27c .\CortexM0\ARM_GCC_541\Debug\CANCommon.o
 .debug_frame   0x00000410      0x178 .\CortexM0\ARM_GCC_541\Debug\CANGPIO.o
 .debug_frame   0x00000588      0x1a4 .\CortexM0\ARM_GCC_541\Debug\CANPacket.o
 .debug_frame   0x0000072c       0xfc .\CortexM0\ARM_GCC_541\Debug\PortPSOC_CY8C4248AZI_L485.o
 .debug_frame   0x00000828      0x360 .\CortexM0\ARM_GCC_541\Debug\CANMotorUnit.o
 .debug_frame   0x00000b88       0x9c .\CortexM0\ARM_GCC_541\Debug\cyfitter_cfg.o
 .debug_frame   0x00000c24       0xbc .\CortexM0\ARM_GCC_541\Debug\Cm0Start.o
 .debug_frame   0x00000ce0      0x718 .\CortexM0\ARM_GCC_541\Debug\PSoC Project Template.a(CyLib.o)
 .debug_frame   0x000013f8      0x4a4 .\CortexM0\ARM_GCC_541\Debug\PSoC Project Template.a(CyLFClk.o)
 .debug_frame   0x0000189c      0x238 .\CortexM0\ARM_GCC_541\Debug\PSoC Project Template.a(CAN.o)
 .debug_frame   0x00001ad4       0x20 .\CortexM0\ARM_GCC_541\Debug\PSoC Project Template.a(CAN_INT.o)
 .debug_frame   0x00001af4       0x90 .\CortexM0\ARM_GCC_541\Debug\PSoC Project Template.a(CAN_TX_RX_func.o)
 .debug_frame   0x00001b84       0x70 .\CortexM0\ARM_GCC_541\Debug\PSoC Project Template.a(DIP1.o)
 .debug_frame   0x00001bf4       0x70 .\CortexM0\ARM_GCC_541\Debug\PSoC Project Template.a(DIP2.o)
 .debug_frame   0x00001c64       0x70 .\CortexM0\ARM_GCC_541\Debug\PSoC Project Template.a(DIP3.o)
 .debug_frame   0x00001cd4       0x70 .\CortexM0\ARM_GCC_541\Debug\PSoC Project Template.a(DIP4.o)
 .debug_frame   0x00001d44       0xd8 .\CortexM0\ARM_GCC_541\Debug\PSoC Project Template.a(DBG_UART.o)
 .debug_frame   0x00001e1c       0xb0 .\CortexM0\ARM_GCC_541\Debug\PSoC Project Template.a(DBG_UART_SPI_UART.o)
 .debug_frame   0x00001ecc      0x144 .\CortexM0\ARM_GCC_541\Debug\PSoC Project Template.a(DBG_UART_UART.o)
 .debug_frame   0x00002010       0x70 .\CortexM0\ARM_GCC_541\Debug\PSoC Project Template.a(LED_ERR.o)
 .debug_frame   0x00002080       0x70 .\CortexM0\ARM_GCC_541\Debug\PSoC Project Template.a(LED_DBG_1.o)
 .debug_frame   0x000020f0       0x70 .\CortexM0\ARM_GCC_541\Debug\PSoC Project Template.a(LED_CAN.o)
 .debug_frame   0x00002160      0x124 .\CortexM0\ARM_GCC_541\Debug\PSoC Project Template.a(Timer_Period_Reset.o)
 .debug_frame   0x00002284      0x110 .\CortexM0\ARM_GCC_541\Debug\PSoC Project Template.a(isr_Period_Reset.o)
 .debug_frame   0x00002394      0x110 .\CortexM0\ARM_GCC_541\Debug\PSoC Project Template.a(isr_Button_1.o)
 .debug_frame   0x000024a4       0x90 .\CortexM0\ARM_GCC_541\Debug\PSoC Project Template.a(CyFlash.o)
 .debug_frame   0x00002534       0x20 c:/program files (x86)/cypress/psoc creator/4.4/psoc creator/import/gnu/arm/5.4.1/bin/../lib/gcc/arm-none-eabi/5.4.1/armv6-m\libgcc.a(_udivsi3.o)
 .debug_frame   0x00002554       0x20 c:/program files (x86)/cypress/psoc creator/4.4/psoc creator/import/gnu/arm/5.4.1/bin/../lib/gcc/arm-none-eabi/5.4.1/armv6-m\libgcc.a(_divsi3.o)
 .debug_frame   0x00002574       0x20 c:/program files (x86)/cypress/psoc creator/4.4/psoc creator/import/gnu/arm/5.4.1/bin/../lib/gcc/arm-none-eabi/5.4.1/../../../../arm-none-eabi/lib/armv6-m\libg_nano.a(lib_a-errno.o)
 .debug_frame   0x00002594       0x28 c:/program files (x86)/cypress/psoc creator/4.4/psoc creator/import/gnu/arm/5.4.1/bin/../lib/gcc/arm-none-eabi/5.4.1/../../../../arm-none-eabi/lib/armv6-m\libg_nano.a(lib_a-exit.o)
 .debug_frame   0x000025bc       0x2c c:/program files (x86)/cypress/psoc creator/4.4/psoc creator/import/gnu/arm/5.4.1/bin/../lib/gcc/arm-none-eabi/5.4.1/../../../../arm-none-eabi/lib/armv6-m\libg_nano.a(lib_a-init.o)
 .debug_frame   0x000025e8       0x28 c:/program files (x86)/cypress/psoc creator/4.4/psoc creator/import/gnu/arm/5.4.1/bin/../lib/gcc/arm-none-eabi/5.4.1/../../../../arm-none-eabi/lib/armv6-m\libg_nano.a(lib_a-memcpy-stub.o)
 .debug_frame   0x00002610       0x20 c:/program files (x86)/cypress/psoc creator/4.4/psoc creator/import/gnu/arm/5.4.1/bin/../lib/gcc/arm-none-eabi/5.4.1/../../../../arm-none-eabi/lib/armv6-m\libg_nano.a(lib_a-memset.o)
 .debug_frame   0x00002630       0x50 c:/program files (x86)/cypress/psoc creator/4.4/psoc creator/import/gnu/arm/5.4.1/bin/../lib/gcc/arm-none-eabi/5.4.1/../../../../arm-none-eabi/lib/armv6-m\libg_nano.a(lib_a-sprintf.o)
 .debug_frame   0x00002680       0x74 c:/program files (x86)/cypress/psoc creator/4.4/psoc creator/import/gnu/arm/5.4.1/bin/../lib/gcc/arm-none-eabi/5.4.1/../../../../arm-none-eabi/lib/armv6-m\libg_nano.a(lib_a-nano-svfprintf.o)
 .debug_frame   0x000026f4       0x54 c:/program files (x86)/cypress/psoc creator/4.4/psoc creator/import/gnu/arm/5.4.1/bin/../lib/gcc/arm-none-eabi/5.4.1/../../../../arm-none-eabi/lib/armv6-m\libg_nano.a(lib_a-nano-vfprintf_i.o)
 .debug_frame   0x00002748       0x20 c:/program files (x86)/cypress/psoc creator/4.4/psoc creator/import/gnu/arm/5.4.1/bin/../lib/gcc/arm-none-eabi/5.4.1/../../../../arm-none-eabi/lib/armv6-m\libg_nano.a(lib_a-memchr-stub.o)
 .debug_frame   0x00002768       0x28 c:/program files (x86)/cypress/psoc creator/4.4/psoc creator/import/gnu/arm/5.4.1/bin/../lib/gcc/arm-none-eabi/5.4.1/../../../../arm-none-eabi/lib/armv6-m\libg_nano.a(lib_a-memmove.o)
 .debug_frame   0x00002790       0x2c c:/program files (x86)/cypress/psoc creator/4.4/psoc creator/import/gnu/arm/5.4.1/bin/../lib/gcc/arm-none-eabi/5.4.1/../../../../arm-none-eabi/lib/armv6-m\libg_nano.a(lib_a-nano-freer.o)
 .debug_frame   0x000027bc       0x2c c:/program files (x86)/cypress/psoc creator/4.4/psoc creator/import/gnu/arm/5.4.1/bin/../lib/gcc/arm-none-eabi/5.4.1/../../../../arm-none-eabi/lib/armv6-m\libg_nano.a(lib_a-nano-mallocr.o)
 .debug_frame   0x000027e8       0x30 c:/program files (x86)/cypress/psoc creator/4.4/psoc creator/import/gnu/arm/5.4.1/bin/../lib/gcc/arm-none-eabi/5.4.1/../../../../arm-none-eabi/lib/armv6-m\libg_nano.a(lib_a-nano-reallocr.o)
 .debug_frame   0x00002818       0x2c c:/program files (x86)/cypress/psoc creator/4.4/psoc creator/import/gnu/arm/5.4.1/bin/../lib/gcc/arm-none-eabi/5.4.1/../../../../arm-none-eabi/lib/armv6-m\libg_nano.a(lib_a-sbrkr.o)
 .debug_frame   0x00002844       0x30 c:/program files (x86)/cypress/psoc creator/4.4/psoc creator/import/gnu/arm/5.4.1/bin/../lib/gcc/arm-none-eabi/5.4.1/../../../../arm-none-eabi/lib/armv6-m\libg_nano.a(lib_a-mlock.o)
 .debug_frame   0x00002874       0x20 c:/program files (x86)/cypress/psoc creator/4.4/psoc creator/import/gnu/arm/5.4.1/bin/../lib/gcc/arm-none-eabi/5.4.1/../../../../arm-none-eabi/lib/armv6-m\libg_nano.a(lib_a-nano-msizer.o)
 .debug_frame   0x00002894       0x48 c:/program files (x86)/cypress/psoc creator/4.4/psoc creator/import/gnu/arm/5.4.1/bin/../lib/gcc/arm-none-eabi/5.4.1/../../../../arm-none-eabi/lib/armv6-m\libg_nano.a(lib_a-reent.o)

.debug_str      0x00000000     0x34e3
 *(.debug_str)
 .debug_str     0x00000000      0x363 .\CortexM0\ARM_GCC_541\Debug\main.o
                                0x3dc (size before relaxing)
 .debug_str     0x00000363      0x112 .\CortexM0\ARM_GCC_541\Debug\Temp_CAN.o
                                0x311 (size before relaxing)
 .debug_str     0x00000475       0x2f .\CortexM0\ARM_GCC_541\Debug\Temp_FSM.o
                                0x208 (size before relaxing)
 .debug_str     0x000004a4      0x3c0 .\CortexM0\ARM_GCC_541\Debug\CANCommon.o
                                0x5bc (size before relaxing)
 .debug_str     0x00000864      0x1ff .\CortexM0\ARM_GCC_541\Debug\CANGPIO.o
                                0x445 (size before relaxing)
 .debug_str     0x00000a63       0x1f .\CortexM0\ARM_GCC_541\Debug\CANLocalization.o
                                0x192 (size before relaxing)
 .debug_str     0x00000a82      0x17d .\CortexM0\ARM_GCC_541\Debug\CANPacket.o
                                0x444 (size before relaxing)
 .debug_str     0x00000bff      0x21b .\CortexM0\ARM_GCC_541\Debug\PortPSOC_CY8C4248AZI_L485.o
                                0x48e (size before relaxing)
 .debug_str     0x00000e1a      0x36b .\CortexM0\ARM_GCC_541\Debug\CANMotorUnit.o
                                0x631 (size before relaxing)
 .debug_str     0x00001185      0x130 .\CortexM0\ARM_GCC_541\Debug\cyfitter_cfg.o
                                0x30b (size before relaxing)
 .debug_str     0x000012b5       0x59 .\CortexM0\ARM_GCC_541\Debug\cymetadata.o
                                0x1de (size before relaxing)
 .debug_str     0x0000130e      0x13a .\CortexM0\ARM_GCC_541\Debug\Cm0Start.o
                                0x317 (size before relaxing)
 .debug_str     0x00001448      0x91d .\CortexM0\ARM_GCC_541\Debug\PSoC Project Template.a(CyLib.o)
                                0xb5e (size before relaxing)
 .debug_str     0x00001d65      0x6d1 .\CortexM0\ARM_GCC_541\Debug\PSoC Project Template.a(CyLFClk.o)
                                0x933 (size before relaxing)
 .debug_str     0x00002436      0x2bb .\CortexM0\ARM_GCC_541\Debug\PSoC Project Template.a(CAN.o)
                                0x54c (size before relaxing)
 .debug_str     0x000026f1       0x29 .\CortexM0\ARM_GCC_541\Debug\PSoC Project Template.a(CAN_INT.o)
                                0x1ba (size before relaxing)
 .debug_str     0x0000271a       0x93 .\CortexM0\ARM_GCC_541\Debug\PSoC Project Template.a(CAN_TX_RX_func.o)
                                0x30f (size before relaxing)
 .debug_str     0x000027ad       0x9a .\CortexM0\ARM_GCC_541\Debug\PSoC Project Template.a(DIP1.o)
                                0x245 (size before relaxing)
 .debug_str     0x00002847       0x76 .\CortexM0\ARM_GCC_541\Debug\PSoC Project Template.a(DIP2.o)
                                0x245 (size before relaxing)
 .debug_str     0x000028bd       0x76 .\CortexM0\ARM_GCC_541\Debug\PSoC Project Template.a(DIP3.o)
                                0x245 (size before relaxing)
 .debug_str     0x00002933       0x76 .\CortexM0\ARM_GCC_541\Debug\PSoC Project Template.a(DIP4.o)
                                0x245 (size before relaxing)
 .debug_str     0x000029a9      0x12b .\CortexM0\ARM_GCC_541\Debug\PSoC Project Template.a(DBG_UART.o)
                                0x2e5 (size before relaxing)
 .debug_str     0x00002ad4      0x136 .\CortexM0\ARM_GCC_541\Debug\PSoC Project Template.a(DBG_UART_SPI_UART.o)
                                0x30c (size before relaxing)
 .debug_str     0x00002c0a      0x1a1 .\CortexM0\ARM_GCC_541\Debug\PSoC Project Template.a(DBG_UART_UART.o)
                                0x42e (size before relaxing)
 .debug_str     0x00002dab       0x87 .\CortexM0\ARM_GCC_541\Debug\PSoC Project Template.a(LED_ERR.o)
                                0x25a (size before relaxing)
 .debug_str     0x00002e32       0x84 .\CortexM0\ARM_GCC_541\Debug\PSoC Project Template.a(LED_DBG_1.o)
                                0x268 (size before relaxing)
 .debug_str     0x00002eb6       0x87 .\CortexM0\ARM_GCC_541\Debug\PSoC Project Template.a(LED_CAN.o)
                                0x25a (size before relaxing)
 .debug_str     0x00002f3d      0x252 .\CortexM0\ARM_GCC_541\Debug\PSoC Project Template.a(Timer_Period_Reset.o)
                                0x43b (size before relaxing)
 .debug_str     0x0000318f      0x176 .\CortexM0\ARM_GCC_541\Debug\PSoC Project Template.a(isr_Period_Reset.o)
                                0x39a (size before relaxing)
 .debug_str     0x00003305      0x133 .\CortexM0\ARM_GCC_541\Debug\PSoC Project Template.a(isr_Button_1.o)
                                0x362 (size before relaxing)
 .debug_str     0x00003438       0xab .\CortexM0\ARM_GCC_541\Debug\PSoC Project Template.a(CyFlash.o)
                                0x2c6 (size before relaxing)

.debug_loc      0x00000000     0x63fb
 *(.debug_loc)
 .debug_loc     0x00000000      0x102 .\CortexM0\ARM_GCC_541\Debug\main.o
 .debug_loc     0x00000102      0x144 .\CortexM0\ARM_GCC_541\Debug\Temp_CAN.o
 .debug_loc     0x00000246      0x926 .\CortexM0\ARM_GCC_541\Debug\CANCommon.o
 .debug_loc     0x00000b6c      0x620 .\CortexM0\ARM_GCC_541\Debug\CANGPIO.o
 .debug_loc     0x0000118c      0x540 .\CortexM0\ARM_GCC_541\Debug\CANPacket.o
 .debug_loc     0x000016cc      0x112 .\CortexM0\ARM_GCC_541\Debug\PortPSOC_CY8C4248AZI_L485.o
 .debug_loc     0x000017de      0xd32 .\CortexM0\ARM_GCC_541\Debug\CANMotorUnit.o
 .debug_loc     0x00002510      0x118 .\CortexM0\ARM_GCC_541\Debug\cyfitter_cfg.o
 .debug_loc     0x00002628      0x14f .\CortexM0\ARM_GCC_541\Debug\Cm0Start.o
 .debug_loc     0x00002777     0x18f5 .\CortexM0\ARM_GCC_541\Debug\PSoC Project Template.a(CyLib.o)
 .debug_loc     0x0000406c      0xdb7 .\CortexM0\ARM_GCC_541\Debug\PSoC Project Template.a(CyLFClk.o)
 .debug_loc     0x00004e23      0xa5e .\CortexM0\ARM_GCC_541\Debug\PSoC Project Template.a(CAN.o)
 .debug_loc     0x00005881      0x17f .\CortexM0\ARM_GCC_541\Debug\PSoC Project Template.a(CAN_TX_RX_func.o)
 .debug_loc     0x00005a00       0xa2 .\CortexM0\ARM_GCC_541\Debug\PSoC Project Template.a(DIP1.o)
 .debug_loc     0x00005aa2       0xa2 .\CortexM0\ARM_GCC_541\Debug\PSoC Project Template.a(DIP2.o)
 .debug_loc     0x00005b44       0xa2 .\CortexM0\ARM_GCC_541\Debug\PSoC Project Template.a(DIP3.o)
 .debug_loc     0x00005be6       0x81 .\CortexM0\ARM_GCC_541\Debug\PSoC Project Template.a(DIP4.o)
 .debug_loc     0x00005c67       0x7e .\CortexM0\ARM_GCC_541\Debug\PSoC Project Template.a(DBG_UART.o)
 .debug_loc     0x00005ce5       0x96 .\CortexM0\ARM_GCC_541\Debug\PSoC Project Template.a(DBG_UART_SPI_UART.o)
 .debug_loc     0x00005d7b      0x223 .\CortexM0\ARM_GCC_541\Debug\PSoC Project Template.a(DBG_UART_UART.o)
 .debug_loc     0x00005f9e       0xa2 .\CortexM0\ARM_GCC_541\Debug\PSoC Project Template.a(LED_ERR.o)
 .debug_loc     0x00006040       0xa2 .\CortexM0\ARM_GCC_541\Debug\PSoC Project Template.a(LED_DBG_1.o)
 .debug_loc     0x000060e2       0xa2 .\CortexM0\ARM_GCC_541\Debug\PSoC Project Template.a(LED_CAN.o)
 .debug_loc     0x00006184       0x13 .\CortexM0\ARM_GCC_541\Debug\PSoC Project Template.a(Timer_Period_Reset.o)
 .debug_loc     0x00006197       0x82 .\CortexM0\ARM_GCC_541\Debug\PSoC Project Template.a(isr_Period_Reset.o)
 .debug_loc     0x00006219       0x82 .\CortexM0\ARM_GCC_541\Debug\PSoC Project Template.a(isr_Button_1.o)
 .debug_loc     0x0000629b      0x160 .\CortexM0\ARM_GCC_541\Debug\PSoC Project Template.a(CyFlash.o)

.debug_macinfo
 *(.debug_macinfo)

.debug_ranges   0x00000000      0xd60
 *(.debug_ranges)
 .debug_ranges  0x00000000       0x40 .\CortexM0\ARM_GCC_541\Debug\main.o
 .debug_ranges  0x00000040       0x18 .\CortexM0\ARM_GCC_541\Debug\Temp_CAN.o
 .debug_ranges  0x00000058       0x30 .\CortexM0\ARM_GCC_541\Debug\Temp_FSM.o
 .debug_ranges  0x00000088       0xb0 .\CortexM0\ARM_GCC_541\Debug\CANCommon.o
 .debug_ranges  0x00000138       0x78 .\CortexM0\ARM_GCC_541\Debug\CANGPIO.o
 .debug_ranges  0x000001b0       0xc8 .\CortexM0\ARM_GCC_541\Debug\CANPacket.o
 .debug_ranges  0x00000278       0x58 .\CortexM0\ARM_GCC_541\Debug\PortPSOC_CY8C4248AZI_L485.o
 .debug_ranges  0x000002d0      0x100 .\CortexM0\ARM_GCC_541\Debug\CANMotorUnit.o
 .debug_ranges  0x000003d0       0x30 .\CortexM0\ARM_GCC_541\Debug\cyfitter_cfg.o
 .debug_ranges  0x00000400       0x38 .\CortexM0\ARM_GCC_541\Debug\Cm0Start.o
 .debug_ranges  0x00000438      0x260 .\CortexM0\ARM_GCC_541\Debug\PSoC Project Template.a(CyLib.o)
 .debug_ranges  0x00000698      0x178 .\CortexM0\ARM_GCC_541\Debug\PSoC Project Template.a(CyLFClk.o)
 .debug_ranges  0x00000810       0xd8 .\CortexM0\ARM_GCC_541\Debug\PSoC Project Template.a(CAN.o)
 .debug_ranges  0x000008e8       0x10 .\CortexM0\ARM_GCC_541\Debug\PSoC Project Template.a(CAN_INT.o)
 .debug_ranges  0x000008f8       0x38 .\CortexM0\ARM_GCC_541\Debug\PSoC Project Template.a(CAN_TX_RX_func.o)
 .debug_ranges  0x00000930       0x38 .\CortexM0\ARM_GCC_541\Debug\PSoC Project Template.a(DIP1.o)
 .debug_ranges  0x00000968       0x38 .\CortexM0\ARM_GCC_541\Debug\PSoC Project Template.a(DIP2.o)
 .debug_ranges  0x000009a0       0x38 .\CortexM0\ARM_GCC_541\Debug\PSoC Project Template.a(DIP3.o)
 .debug_ranges  0x000009d8       0x38 .\CortexM0\ARM_GCC_541\Debug\PSoC Project Template.a(DIP4.o)
 .debug_ranges  0x00000a10       0x48 .\CortexM0\ARM_GCC_541\Debug\PSoC Project Template.a(DBG_UART.o)
 .debug_ranges  0x00000a58       0x50 .\CortexM0\ARM_GCC_541\Debug\PSoC Project Template.a(DBG_UART_SPI_UART.o)
 .debug_ranges  0x00000aa8       0x80 .\CortexM0\ARM_GCC_541\Debug\PSoC Project Template.a(DBG_UART_UART.o)
 .debug_ranges  0x00000b28       0x38 .\CortexM0\ARM_GCC_541\Debug\PSoC Project Template.a(LED_ERR.o)
 .debug_ranges  0x00000b60       0x38 .\CortexM0\ARM_GCC_541\Debug\PSoC Project Template.a(LED_DBG_1.o)
 .debug_ranges  0x00000b98       0x38 .\CortexM0\ARM_GCC_541\Debug\PSoC Project Template.a(LED_CAN.o)
 .debug_ranges  0x00000bd0       0x80 .\CortexM0\ARM_GCC_541\Debug\PSoC Project Template.a(Timer_Period_Reset.o)
 .debug_ranges  0x00000c50       0x70 .\CortexM0\ARM_GCC_541\Debug\PSoC Project Template.a(isr_Period_Reset.o)
 .debug_ranges  0x00000cc0       0x70 .\CortexM0\ARM_GCC_541\Debug\PSoC Project Template.a(isr_Button_1.o)
 .debug_ranges  0x00000d30       0x30 .\CortexM0\ARM_GCC_541\Debug\PSoC Project Template.a(CyFlash.o)

.comment        0x00000000       0x6e
 .comment       0x00000000       0x6e .\CortexM0\ARM_GCC_541\Debug\main.o
                                 0x6f (size before relaxing)
 .comment       0x0000006e       0x6f .\CortexM0\ARM_GCC_541\Debug\Temp_CAN.o
 .comment       0x0000006e       0x6f .\CortexM0\ARM_GCC_541\Debug\Temp_FSM.o
 .comment       0x0000006e       0x6f .\CortexM0\ARM_GCC_541\Debug\CANCommon.o
 .comment       0x0000006e       0x6f .\CortexM0\ARM_GCC_541\Debug\CANGPIO.o
 .comment       0x0000006e       0x6f .\CortexM0\ARM_GCC_541\Debug\CANLocalization.o
 .comment       0x0000006e       0x6f .\CortexM0\ARM_GCC_541\Debug\CANPacket.o
 .comment       0x0000006e       0x6f .\CortexM0\ARM_GCC_541\Debug\PortPSOC_CY8C4248AZI_L485.o
 .comment       0x0000006e       0x6f .\CortexM0\ARM_GCC_541\Debug\CANMotorUnit.o
 .comment       0x0000006e       0x6f .\CortexM0\ARM_GCC_541\Debug\cyfitter_cfg.o
 .comment       0x0000006e       0x6f .\CortexM0\ARM_GCC_541\Debug\cymetadata.o
 .comment       0x0000006e       0x6f .\CortexM0\ARM_GCC_541\Debug\Cm0Start.o
 .comment       0x0000006e       0x6f .\CortexM0\ARM_GCC_541\Debug\PSoC Project Template.a(CyLib.o)
 .comment       0x0000006e       0x6f .\CortexM0\ARM_GCC_541\Debug\PSoC Project Template.a(CyLFClk.o)
 .comment       0x0000006e       0x6f .\CortexM0\ARM_GCC_541\Debug\PSoC Project Template.a(CAN.o)
 .comment       0x0000006e       0x6f .\CortexM0\ARM_GCC_541\Debug\PSoC Project Template.a(CAN_INT.o)
 .comment       0x0000006e       0x6f .\CortexM0\ARM_GCC_541\Debug\PSoC Project Template.a(CAN_TX_RX_func.o)
 .comment       0x0000006e       0x6f .\CortexM0\ARM_GCC_541\Debug\PSoC Project Template.a(DIP1.o)
 .comment       0x0000006e       0x6f .\CortexM0\ARM_GCC_541\Debug\PSoC Project Template.a(DIP2.o)
 .comment       0x0000006e       0x6f .\CortexM0\ARM_GCC_541\Debug\PSoC Project Template.a(DIP3.o)
 .comment       0x0000006e       0x6f .\CortexM0\ARM_GCC_541\Debug\PSoC Project Template.a(DIP4.o)
 .comment       0x0000006e       0x6f .\CortexM0\ARM_GCC_541\Debug\PSoC Project Template.a(DBG_UART.o)
 .comment       0x0000006e       0x6f .\CortexM0\ARM_GCC_541\Debug\PSoC Project Template.a(DBG_UART_SPI_UART.o)
 .comment       0x0000006e       0x6f .\CortexM0\ARM_GCC_541\Debug\PSoC Project Template.a(DBG_UART_UART.o)
 .comment       0x0000006e       0x6f .\CortexM0\ARM_GCC_541\Debug\PSoC Project Template.a(LED_ERR.o)
 .comment       0x0000006e       0x6f .\CortexM0\ARM_GCC_541\Debug\PSoC Project Template.a(LED_DBG_1.o)
 .comment       0x0000006e       0x6f .\CortexM0\ARM_GCC_541\Debug\PSoC Project Template.a(LED_CAN.o)
 .comment       0x0000006e       0x6f .\CortexM0\ARM_GCC_541\Debug\PSoC Project Template.a(Timer_Period_Reset.o)
 .comment       0x0000006e       0x6f .\CortexM0\ARM_GCC_541\Debug\PSoC Project Template.a(isr_Period_Reset.o)
 .comment       0x0000006e       0x6f .\CortexM0\ARM_GCC_541\Debug\PSoC Project Template.a(isr_Button_1.o)
 .comment       0x0000006e       0x6f .\CortexM0\ARM_GCC_541\Debug\PSoC Project Template.a(CyFlash.o)

.debug_weaknames
 *(.debug_weaknames)

.debug_funcnames
 *(.debug_funcnames)

.debug_typenames
 *(.debug_typenames)

.debug_varnames
 *(.debug_varnames)

.note.gnu.arm.ident
 *(.note.gnu.arm.ident)

.ARM.attributes
                0x00000000       0x28
 *(.ARM.attributes)
 .ARM.attributes
                0x00000000       0x1e c:/program files (x86)/cypress/psoc creator/4.4/psoc creator/import/gnu/arm/5.4.1/bin/../lib/gcc/arm-none-eabi/5.4.1/armv6-m/crti.o
 .ARM.attributes
                0x0000001e       0x2c c:/program files (x86)/cypress/psoc creator/4.4/psoc creator/import/gnu/arm/5.4.1/bin/../lib/gcc/arm-none-eabi/5.4.1/armv6-m/crtbegin.o
 .ARM.attributes
                0x0000004a       0x1b c:/program files (x86)/cypress/psoc creator/4.4/psoc creator/import/gnu/arm/5.4.1/bin/../lib/gcc/arm-none-eabi/5.4.1/../../../../arm-none-eabi/lib/armv6-m/crt0.o
 .ARM.attributes
                0x00000065       0x31 .\CortexM0\ARM_GCC_541\Debug\main.o
 .ARM.attributes
                0x00000096       0x31 .\CortexM0\ARM_GCC_541\Debug\Temp_CAN.o
 .ARM.attributes
                0x000000c7       0x31 .\CortexM0\ARM_GCC_541\Debug\Temp_FSM.o
 .ARM.attributes
                0x000000f8       0x31 .\CortexM0\ARM_GCC_541\Debug\CANCommon.o
 .ARM.attributes
                0x00000129       0x31 .\CortexM0\ARM_GCC_541\Debug\CANGPIO.o
 .ARM.attributes
                0x0000015a       0x31 .\CortexM0\ARM_GCC_541\Debug\CANLocalization.o
 .ARM.attributes
                0x0000018b       0x31 .\CortexM0\ARM_GCC_541\Debug\CANPacket.o
 .ARM.attributes
                0x000001bc       0x31 .\CortexM0\ARM_GCC_541\Debug\PortPSOC_CY8C4248AZI_L485.o
 .ARM.attributes
                0x000001ed       0x31 .\CortexM0\ARM_GCC_541\Debug\CANMotorUnit.o
 .ARM.attributes
                0x0000021e       0x31 .\CortexM0\ARM_GCC_541\Debug\cyfitter_cfg.o
 .ARM.attributes
                0x0000024f       0x31 .\CortexM0\ARM_GCC_541\Debug\cymetadata.o
 .ARM.attributes
                0x00000280       0x31 .\CortexM0\ARM_GCC_541\Debug\Cm0Start.o
 .ARM.attributes
                0x000002b1       0x31 .\CortexM0\ARM_GCC_541\Debug\PSoC Project Template.a(CyLib.o)
 .ARM.attributes
                0x000002e2       0x31 .\CortexM0\ARM_GCC_541\Debug\PSoC Project Template.a(CyLFClk.o)
 .ARM.attributes
                0x00000313       0x31 .\CortexM0\ARM_GCC_541\Debug\PSoC Project Template.a(CAN.o)
 .ARM.attributes
                0x00000344       0x31 .\CortexM0\ARM_GCC_541\Debug\PSoC Project Template.a(CAN_INT.o)
 .ARM.attributes
                0x00000375       0x31 .\CortexM0\ARM_GCC_541\Debug\PSoC Project Template.a(CAN_TX_RX_func.o)
 .ARM.attributes
                0x000003a6       0x31 .\CortexM0\ARM_GCC_541\Debug\PSoC Project Template.a(DIP1.o)
 .ARM.attributes
                0x000003d7       0x31 .\CortexM0\ARM_GCC_541\Debug\PSoC Project Template.a(DIP2.o)
 .ARM.attributes
                0x00000408       0x31 .\CortexM0\ARM_GCC_541\Debug\PSoC Project Template.a(DIP3.o)
 .ARM.attributes
                0x00000439       0x31 .\CortexM0\ARM_GCC_541\Debug\PSoC Project Template.a(DIP4.o)
 .ARM.attributes
                0x0000046a       0x31 .\CortexM0\ARM_GCC_541\Debug\PSoC Project Template.a(DBG_UART.o)
 .ARM.attributes
                0x0000049b       0x31 .\CortexM0\ARM_GCC_541\Debug\PSoC Project Template.a(DBG_UART_SPI_UART.o)
 .ARM.attributes
                0x000004cc       0x31 .\CortexM0\ARM_GCC_541\Debug\PSoC Project Template.a(DBG_UART_UART.o)
 .ARM.attributes
                0x000004fd       0x31 .\CortexM0\ARM_GCC_541\Debug\PSoC Project Template.a(LED_ERR.o)
 .ARM.attributes
                0x0000052e       0x31 .\CortexM0\ARM_GCC_541\Debug\PSoC Project Template.a(LED_DBG_1.o)
 .ARM.attributes
                0x0000055f       0x31 .\CortexM0\ARM_GCC_541\Debug\PSoC Project Template.a(LED_CAN.o)
 .ARM.attributes
                0x00000590       0x31 .\CortexM0\ARM_GCC_541\Debug\PSoC Project Template.a(Timer_Period_Reset.o)
 .ARM.attributes
                0x000005c1       0x31 .\CortexM0\ARM_GCC_541\Debug\PSoC Project Template.a(isr_Period_Reset.o)
 .ARM.attributes
                0x000005f2       0x31 .\CortexM0\ARM_GCC_541\Debug\PSoC Project Template.a(isr_Button_1.o)
 .ARM.attributes
                0x00000623       0x21 .\CortexM0\ARM_GCC_541\Debug\PSoC Project Template.a(CyBootAsmGnu.o)
 .ARM.attributes
                0x00000644       0x31 .\CortexM0\ARM_GCC_541\Debug\PSoC Project Template.a(CyFlash.o)
 .ARM.attributes
                0x00000675       0x1e c:/program files (x86)/cypress/psoc creator/4.4/psoc creator/import/gnu/arm/5.4.1/bin/../lib/gcc/arm-none-eabi/5.4.1/armv6-m\libgcc.a(_udivsi3.o)
 .ARM.attributes
                0x00000693       0x1e c:/program files (x86)/cypress/psoc creator/4.4/psoc creator/import/gnu/arm/5.4.1/bin/../lib/gcc/arm-none-eabi/5.4.1/armv6-m\libgcc.a(_divsi3.o)
 .ARM.attributes
                0x000006b1       0x1e c:/program files (x86)/cypress/psoc creator/4.4/psoc creator/import/gnu/arm/5.4.1/bin/../lib/gcc/arm-none-eabi/5.4.1/armv6-m\libgcc.a(_dvmd_tls.o)
 .ARM.attributes
                0x000006cf       0x2c c:/program files (x86)/cypress/psoc creator/4.4/psoc creator/import/gnu/arm/5.4.1/bin/../lib/gcc/arm-none-eabi/5.4.1/../../../../arm-none-eabi/lib/armv6-m\libg_nano.a(lib_a-errno.o)
 .ARM.attributes
                0x000006fb       0x2c c:/program files (x86)/cypress/psoc creator/4.4/psoc creator/import/gnu/arm/5.4.1/bin/../lib/gcc/arm-none-eabi/5.4.1/../../../../arm-none-eabi/lib/armv6-m\libg_nano.a(lib_a-exit.o)
 .ARM.attributes
                0x00000727       0x2c c:/program files (x86)/cypress/psoc creator/4.4/psoc creator/import/gnu/arm/5.4.1/bin/../lib/gcc/arm-none-eabi/5.4.1/../../../../arm-none-eabi/lib/armv6-m\libg_nano.a(lib_a-impure.o)
 .ARM.attributes
                0x00000753       0x2c c:/program files (x86)/cypress/psoc creator/4.4/psoc creator/import/gnu/arm/5.4.1/bin/../lib/gcc/arm-none-eabi/5.4.1/../../../../arm-none-eabi/lib/armv6-m\libg_nano.a(lib_a-init.o)
 .ARM.attributes
                0x0000077f       0x2c c:/program files (x86)/cypress/psoc creator/4.4/psoc creator/import/gnu/arm/5.4.1/bin/../lib/gcc/arm-none-eabi/5.4.1/../../../../arm-none-eabi/lib/armv6-m\libg_nano.a(lib_a-memcpy-stub.o)
 .ARM.attributes
                0x000007ab       0x2c c:/program files (x86)/cypress/psoc creator/4.4/psoc creator/import/gnu/arm/5.4.1/bin/../lib/gcc/arm-none-eabi/5.4.1/../../../../arm-none-eabi/lib/armv6-m\libg_nano.a(lib_a-memset.o)
 .ARM.attributes
                0x000007d7       0x2c c:/program files (x86)/cypress/psoc creator/4.4/psoc creator/import/gnu/arm/5.4.1/bin/../lib/gcc/arm-none-eabi/5.4.1/../../../../arm-none-eabi/lib/armv6-m\libg_nano.a(lib_a-sprintf.o)
 .ARM.attributes
                0x00000803       0x2c c:/program files (x86)/cypress/psoc creator/4.4/psoc creator/import/gnu/arm/5.4.1/bin/../lib/gcc/arm-none-eabi/5.4.1/../../../../arm-none-eabi/lib/armv6-m\libg_nano.a(lib_a-nano-svfprintf.o)
 .ARM.attributes
                0x0000082f       0x2c c:/program files (x86)/cypress/psoc creator/4.4/psoc creator/import/gnu/arm/5.4.1/bin/../lib/gcc/arm-none-eabi/5.4.1/../../../../arm-none-eabi/lib/armv6-m\libg_nano.a(lib_a-nano-vfprintf_i.o)
 .ARM.attributes
                0x0000085b       0x2c c:/program files (x86)/cypress/psoc creator/4.4/psoc creator/import/gnu/arm/5.4.1/bin/../lib/gcc/arm-none-eabi/5.4.1/../../../../arm-none-eabi/lib/armv6-m\libg_nano.a(lib_a-memchr-stub.o)
 .ARM.attributes
                0x00000887       0x2c c:/program files (x86)/cypress/psoc creator/4.4/psoc creator/import/gnu/arm/5.4.1/bin/../lib/gcc/arm-none-eabi/5.4.1/../../../../arm-none-eabi/lib/armv6-m\libg_nano.a(lib_a-memmove.o)
 .ARM.attributes
                0x000008b3       0x2c c:/program files (x86)/cypress/psoc creator/4.4/psoc creator/import/gnu/arm/5.4.1/bin/../lib/gcc/arm-none-eabi/5.4.1/../../../../arm-none-eabi/lib/armv6-m\libg_nano.a(lib_a-nano-freer.o)
 .ARM.attributes
                0x000008df       0x2c c:/program files (x86)/cypress/psoc creator/4.4/psoc creator/import/gnu/arm/5.4.1/bin/../lib/gcc/arm-none-eabi/5.4.1/../../../../arm-none-eabi/lib/armv6-m\libg_nano.a(lib_a-nano-mallocr.o)
 .ARM.attributes
                0x0000090b       0x2c c:/program files (x86)/cypress/psoc creator/4.4/psoc creator/import/gnu/arm/5.4.1/bin/../lib/gcc/arm-none-eabi/5.4.1/../../../../arm-none-eabi/lib/armv6-m\libg_nano.a(lib_a-nano-reallocr.o)
 .ARM.attributes
                0x00000937       0x2c c:/program files (x86)/cypress/psoc creator/4.4/psoc creator/import/gnu/arm/5.4.1/bin/../lib/gcc/arm-none-eabi/5.4.1/../../../../arm-none-eabi/lib/armv6-m\libg_nano.a(lib_a-sbrkr.o)
 .ARM.attributes
                0x00000963       0x2c c:/program files (x86)/cypress/psoc creator/4.4/psoc creator/import/gnu/arm/5.4.1/bin/../lib/gcc/arm-none-eabi/5.4.1/../../../../arm-none-eabi/lib/armv6-m\libg_nano.a(lib_a-mlock.o)
 .ARM.attributes
                0x0000098f       0x2c c:/program files (x86)/cypress/psoc creator/4.4/psoc creator/import/gnu/arm/5.4.1/bin/../lib/gcc/arm-none-eabi/5.4.1/../../../../arm-none-eabi/lib/armv6-m\libg_nano.a(lib_a-nano-msizer.o)
 .ARM.attributes
                0x000009bb       0x2c c:/program files (x86)/cypress/psoc creator/4.4/psoc creator/import/gnu/arm/5.4.1/bin/../lib/gcc/arm-none-eabi/5.4.1/../../../../arm-none-eabi/lib/armv6-m\libg_nano.a(lib_a-reent.o)
 .ARM.attributes
                0x000009e7       0x2c c:/program files (x86)/cypress/psoc creator/4.4/psoc creator/import/gnu/arm/5.4.1/bin/../lib/gcc/arm-none-eabi/5.4.1/armv6-m/crtend.o
 .ARM.attributes
                0x00000a13       0x1e c:/program files (x86)/cypress/psoc creator/4.4/psoc creator/import/gnu/arm/5.4.1/bin/../lib/gcc/arm-none-eabi/5.4.1/armv6-m/crtn.o

/DISCARD/
 *(.note.GNU-stack)
OUTPUT(C:\Users\casey\Desktop\Robotics Stuff\PSoC_Project_Template\PSoC Project Template.cydsn\CortexM0\ARM_GCC_541\Debug\PSoC Project Template.elf elf32-littlearm)
