Archive member included to satisfy reference by file (symbol)

.\CortexM0\ARM_GCC_541\Debug\PSoC Project Template.a(CyLib.o)
                              .\CortexM0\ARM_GCC_541\Debug\cyfitter_cfg.o (CyIntEnable)
.\CortexM0\ARM_GCC_541\Debug\PSoC Project Template.a(CyLFClk.o)
                              .\CortexM0\ARM_GCC_541\Debug\cyfitter_cfg.o (CySysClkWcoStart)
.\CortexM0\ARM_GCC_541\Debug\PSoC Project Template.a(CAN.o)
                              .\CortexM0\ARM_GCC_541\Debug\Port.o (CAN_GlobalIntEnable)
.\CortexM0\ARM_GCC_541\Debug\PSoC Project Template.a(CAN_INT.o)
                              .\CortexM0\ARM_GCC_541\Debug\PSoC Project Template.a(CAN.o) (CAN_ISR)
.\CortexM0\ARM_GCC_541\Debug\PSoC Project Template.a(CAN_TX_RX_func.o)
                              .\CortexM0\ARM_GCC_541\Debug\Port.o (CAN_SendMsg)
.\CortexM0\ARM_GCC_541\Debug\PSoC Project Template.a(DIP1.o)
                              .\CortexM0\ARM_GCC_541\Debug\main.o (DIP1_Read)
.\CortexM0\ARM_GCC_541\Debug\PSoC Project Template.a(DIP2.o)
                              .\CortexM0\ARM_GCC_541\Debug\main.o (DIP2_Read)
.\CortexM0\ARM_GCC_541\Debug\PSoC Project Template.a(DIP3.o)
                              .\CortexM0\ARM_GCC_541\Debug\main.o (DIP3_Read)
.\CortexM0\ARM_GCC_541\Debug\PSoC Project Template.a(DIP4.o)
                              .\CortexM0\ARM_GCC_541\Debug\main.o (DIP4_Read)
.\CortexM0\ARM_GCC_541\Debug\PSoC Project Template.a(DBG.o)
                              .\CortexM0\ARM_GCC_541\Debug\main.o (DBG_Write)
.\CortexM0\ARM_GCC_541\Debug\PSoC Project Template.a(DBG_UART.o)
                              .\CortexM0\ARM_GCC_541\Debug\main.o (DBG_UART_Start)
.\CortexM0\ARM_GCC_541\Debug\PSoC Project Template.a(DBG_UART_UART.o)
                              .\CortexM0\ARM_GCC_541\Debug\PSoC Project Template.a(DBG_UART.o) (DBG_UART_UartInit)
.\CortexM0\ARM_GCC_541\Debug\PSoC Project Template.a(CyBootAsmGnu.o)
                              .\CortexM0\ARM_GCC_541\Debug\cyfitter_cfg.o (CyDelayCycles)
.\CortexM0\ARM_GCC_541\Debug\PSoC Project Template.a(CyFlash.o)
                              .\CortexM0\ARM_GCC_541\Debug\PSoC Project Template.a(CyLib.o) (CySysFlashSetWaitCycles)
.\CortexM0\ARM_GCC_541\Debug\PSoC Project Template.a(DBG_UART_SPI_UART.o)
                              .\CortexM0\ARM_GCC_541\Debug\PSoC Project Template.a(DBG_UART_UART.o) (DBG_UART_SpiUartReadRxData)
c:/program files (x86)/cypress/psoc creator/4.4/psoc creator/import/gnu/arm/5.4.1/bin/../lib/gcc/arm-none-eabi/5.4.1/armv6-m\libgcc.a(_udivsi3.o)
                              .\CortexM0\ARM_GCC_541\Debug\PSoC Project Template.a(CyLib.o) (__aeabi_uidiv)
c:/program files (x86)/cypress/psoc creator/4.4/psoc creator/import/gnu/arm/5.4.1/bin/../lib/gcc/arm-none-eabi/5.4.1/armv6-m\libgcc.a(_divsi3.o)
                              .\CortexM0\ARM_GCC_541\Debug\PSoC Project Template.a(CyLib.o) (__aeabi_idiv)
c:/program files (x86)/cypress/psoc creator/4.4/psoc creator/import/gnu/arm/5.4.1/bin/../lib/gcc/arm-none-eabi/5.4.1/armv6-m\libgcc.a(_dvmd_tls.o)
                              c:/program files (x86)/cypress/psoc creator/4.4/psoc creator/import/gnu/arm/5.4.1/bin/../lib/gcc/arm-none-eabi/5.4.1/armv6-m\libgcc.a(_udivsi3.o) (__aeabi_idiv0)
c:/program files (x86)/cypress/psoc creator/4.4/psoc creator/import/gnu/arm/5.4.1/bin/../lib/gcc/arm-none-eabi/5.4.1/../../../../arm-none-eabi/lib/armv6-m\libg_nano.a(lib_a-errno.o)
                              .\CortexM0\ARM_GCC_541\Debug\Cm0Start.o (__errno)
c:/program files (x86)/cypress/psoc creator/4.4/psoc creator/import/gnu/arm/5.4.1/bin/../lib/gcc/arm-none-eabi/5.4.1/../../../../arm-none-eabi/lib/armv6-m\libg_nano.a(lib_a-exit.o)
                              c:/program files (x86)/cypress/psoc creator/4.4/psoc creator/import/gnu/arm/5.4.1/bin/../lib/gcc/arm-none-eabi/5.4.1/../../../../arm-none-eabi/lib/armv6-m/crt0.o (exit)
c:/program files (x86)/cypress/psoc creator/4.4/psoc creator/import/gnu/arm/5.4.1/bin/../lib/gcc/arm-none-eabi/5.4.1/../../../../arm-none-eabi/lib/armv6-m\libg_nano.a(lib_a-impure.o)
                              c:/program files (x86)/cypress/psoc creator/4.4/psoc creator/import/gnu/arm/5.4.1/bin/../lib/gcc/arm-none-eabi/5.4.1/../../../../arm-none-eabi/lib/armv6-m\libg_nano.a(lib_a-exit.o) (_global_impure_ptr)
c:/program files (x86)/cypress/psoc creator/4.4/psoc creator/import/gnu/arm/5.4.1/bin/../lib/gcc/arm-none-eabi/5.4.1/../../../../arm-none-eabi/lib/armv6-m\libg_nano.a(lib_a-init.o)
                              c:/program files (x86)/cypress/psoc creator/4.4/psoc creator/import/gnu/arm/5.4.1/bin/../lib/gcc/arm-none-eabi/5.4.1/../../../../arm-none-eabi/lib/armv6-m/crt0.o (__libc_init_array)
c:/program files (x86)/cypress/psoc creator/4.4/psoc creator/import/gnu/arm/5.4.1/bin/../lib/gcc/arm-none-eabi/5.4.1/../../../../arm-none-eabi/lib/armv6-m\libg_nano.a(lib_a-memcpy-stub.o)
                              .\CortexM0\ARM_GCC_541\Debug\Port.o (memcpy)
[...]
Memory Configuration

Name             Origin             Length             Attributes
rom              0x00000000         0x00020000         xr
ram              0x20000000         0x00004000         xrw
*default*        0x00000000         0xffffffff

Linker script and memory map

LOAD c:/program files (x86)/cypress/psoc creator/4.4/psoc creator/import/gnu/arm/5.4.1/bin/../lib/gcc/arm-none-eabi/5.4.1/armv6-m/crti.o
LOAD c:/program files (x86)/cypress/psoc creator/4.4/psoc creator/import/gnu/arm/5.4.1/bin/../lib/gcc/arm-none-eabi/5.4.1/armv6-m/crtbegin.o
LOAD c:/program files (x86)/cypress/psoc creator/4.4/psoc creator/import/gnu/arm/5.4.1/bin/../lib/gcc/arm-none-eabi/5.4.1/../../../../arm-none-eabi/lib/armv6-m/crt0.o
START GROUP
LOAD .\CortexM0\ARM_GCC_541\Debug\CANCommon.o
LOAD .\CortexM0\ARM_GCC_541\Debug\CANGPIO.o
LOAD .\CortexM0\ARM_GCC_541\Debug\CANLocalization.o
LOAD .\CortexM0\ARM_GCC_541\Debug\CANPacket.o
LOAD .\CortexM0\ARM_GCC_541\Debug\Port.o
LOAD .\CortexM0\ARM_GCC_541\Debug\main.o
LOAD .\CortexM0\ARM_GCC_541\Debug\cyfitter_cfg.o
LOAD .\CortexM0\ARM_GCC_541\Debug\cymetadata.o
LOAD .\CortexM0\ARM_GCC_541\Debug\Cm0Start.o
LOAD .\CortexM0\ARM_GCC_541\Debug\PSoC Project Template.a
END GROUP
START GROUP
LOAD c:/program files (x86)/cypress/psoc creator/4.4/psoc creator/import/gnu/arm/5.4.1/bin/../lib/gcc/arm-none-eabi/5.4.1/armv6-m\libgcc.a
LOAD c:/program files (x86)/cypress/psoc creator/4.4/psoc creator/import/gnu/arm/5.4.1/bin/../lib/gcc/arm-none-eabi/5.4.1/../../../../arm-none-eabi/lib/armv6-m\libg_nano.a
LOAD c:/program files (x86)/cypress/psoc creator/4.4/psoc creator/import/gnu/arm/5.4.1/bin/../lib/gcc/arm-none-eabi/5.4.1/../../../../arm-none-eabi/lib/armv6-m\libc_nano.a
END GROUP
START GROUP
LOAD c:/program files (x86)/cypress/psoc creator/4.4/psoc creator/import/gnu/arm/5.4.1/bin/../lib/gcc/arm-none-eabi/5.4.1/armv6-m\libgcc.a
LOAD c:/program files (x86)/cypress/psoc creator/4.4/psoc creator/import/gnu/arm/5.4.1/bin/../lib/gcc/arm-none-eabi/5.4.1/../../../../arm-none-eabi/lib/armv6-m\libc_nano.a
END GROUP
LOAD c:/program files (x86)/cypress/psoc creator/4.4/psoc creator/import/gnu/arm/5.4.1/bin/../lib/gcc/arm-none-eabi/5.4.1/armv6-m/crtend.o
LOAD c:/program files (x86)/cypress/psoc creator/4.4/psoc creator/import/gnu/arm/5.4.1/bin/../lib/gcc/arm-none-eabi/5.4.1/armv6-m/crtn.o
START GROUP
LOAD c:/program files (x86)/cypress/psoc creator/4.4/psoc creator/import/gnu/arm/5.4.1/bin/../lib/gcc/arm-none-eabi/5.4.1/armv6-m\libgcc.a
LOAD c:/program files (x86)/cypress/psoc creator/4.4/psoc creator/import/gnu/arm/5.4.1/bin/../lib/gcc/arm-none-eabi/5.4.1/../../../../arm-none-eabi/lib/armv6-m\libc.a
LOAD c:/program files (x86)/cypress/psoc creator/4.4/psoc creator/import/gnu/arm/5.4.1/bin/../lib/gcc/arm-none-eabi/5.4.1/../../../../arm-none-eabi/lib/armv6-m\libnosys.a
END GROUP
                0x00000000                CY_APPL_ORIGIN = 0x0
                0x00000100                CY_FLASH_ROW_SIZE = 0x100
                0x00000001                CY_APPL_NUM = 0x1
                0x00000001                CY_APPL_MAX = 0x1
                0x00000040                CY_METADATA_SIZE = 0x40
                0x00000000                CY_APPL_LOADABLE = 0x0
                0x00000000                CY_CHECKSUM_EXCLUDE_SIZE = ALIGN (0x0, CY_FLASH_ROW_SIZE)
                0x00000000                CY_APP_FOR_STACK_AND_COPIER = 0x0
                [!provide]                PROVIDE (__cy_heap_start, _end)
                0x00000001                PROVIDE (__cy_region_num, ((__cy_regions_end - __cy_regions) / 0x10))
                0x20004000                PROVIDE (__cy_stack, (ORIGIN (ram) + LENGTH (ram)))
                [!provide]                PROVIDE (__cy_heap_end, (__cy_stack - 0x800))

.cybootloader   0x00000000        0x0
 *(.cybootloader)
                0x00000000                appl1_start = CY_APPL_ORIGIN?CY_APPL_ORIGIN:ALIGN (CY_FLASH_ROW_SIZE)
                0x0000ff00                appl2_start = (appl1_start + ALIGN ((((LENGTH (rom) - appl1_start) - (0x2 * CY_FLASH_ROW_SIZE)) / 0x2), CY_FLASH_ROW_SIZE))
                0x00000000                appl_start = (CY_APPL_NUM == 0x1)?appl1_start:appl2_start
                0x00000001                cy_project_type_bootloader = (appl_start == 0x0)?0x1:0x0
                0x00000000                cy_project_type_app_for_stack_and_copier = (CY_APP_FOR_STACK_AND_COPIER == 0x1)?0x1:0x0

.text           0x00000000     0x177a
 CREATE_OBJECT_SYMBOLS
                0x00000000                PROVIDE (__cy_interrupt_vector, RomVectors)
 *(.romvectors)
 .romvectors    0x00000000       0x10 .\CortexM0\ARM_GCC_541\Debug\Cm0Start.o
                0x00000000                RomVectors
                0x00000001                ASSERT ((. != __cy_interrupt_vector), No interrupt vector)
                0x00000001                ASSERT (CY_APPL_ORIGIN?(SIZEOF (.cybootloader) <= CY_APPL_ORIGIN):0x1, Wrong image location)
                0x00000010                PROVIDE (__cy_reset, Reset)
 *(.text.Reset)
 .text.Reset    0x00000010        0x8 .\CortexM0\ARM_GCC_541\Debug\Cm0Start.o
                0x00000010                Reset
                0x00000001                ASSERT ((. != __cy_reset), No reset code)
 *(.psocinit)
 .psocinit      0x00000018      0x19c .\CortexM0\ARM_GCC_541\Debug\cyfitter_cfg.o
                0x000000bc                cyfitter_cfg
                0x000001b4                . = MAX (., 0x100)
 *(.text .text.* .gnu.linkonce.t.*)
 .text          0x000001b4       0x60 c:/program files (x86)/cypress/psoc creator/4.4/psoc creator/import/gnu/arm/5.4.1/bin/../lib/gcc/arm-none-eabi/5.4.1/armv6-m/crtbegin.o
 .text.AssembleTelemetryReportPacket
                0x00000214       0x2c .\CortexM0\ARM_GCC_541\Debug\CANCommon.o
                0x00000214                AssembleTelemetryReportPacket
 .text.DecodeTelemetryType
                0x00000240        0x4 .\CortexM0\ARM_GCC_541\Debug\CANCommon.o
                0x00000240                DecodeTelemetryType
 .text.ConstructCANID
                0x00000244       0x1c .\CortexM0\ARM_GCC_541\Debug\CANPacket.o
                0x00000244                ConstructCANID
 .text.WriteSenderSerialAndPacketID
                0x00000260       0x18 .\CortexM0\ARM_GCC_541\Debug\CANPacket.o
                0x00000260                WriteSenderSerialAndPacketID
 .text.GetPacketID
                0x00000278        0x4 .\CortexM0\ARM_GCC_541\Debug\CANPacket.o
                0x00000278                GetPacketID
 .text.PackIntIntoDataMSBFirst
                0x0000027c       0x18 .\CortexM0\ARM_GCC_541\Debug\CANPacket.o
                0x0000027c                PackIntIntoDataMSBFirst
 .text.InitCAN  0x00000294       0x98 .\CortexM0\ARM_GCC_541\Debug\Port.o
                0x00000294                InitCAN
 .text.SendCANPacket
                0x0000032c       0x40 .\CortexM0\ARM_GCC_541\Debug\Port.o
                0x0000032c                SendCANPacket
 .text.getLocalDeviceSerial
                0x0000036c        0xc .\CortexM0\ARM_GCC_541\Debug\Port.o
                0x0000036c                getLocalDeviceSerial
 .text.getLocalDeviceGroup
                0x00000378        0xc .\CortexM0\ARM_GCC_541\Debug\Port.o
                0x00000378                getLocalDeviceGroup
 .text.FIFOSize
                0x00000384       0x48 .\CortexM0\ARM_GCC_541\Debug\Port.o
                0x00000384                FIFOSize
 .text.countAddFIFO
                0x000003cc       0x50 .\CortexM0\ARM_GCC_541\Debug\Port.o
                0x000003cc                countAddFIFO
 .text.CAN_FLAG_ISR
                0x0000041c      0x12c .\CortexM0\ARM_GCC_541\Debug\Port.o
                0x0000041c                CAN_FLAG_ISR
 .text.countRemoveFIFO
                0x00000548       0x28 .\CortexM0\ARM_GCC_541\Debug\Port.o
                0x00000548                countRemoveFIFO
 .text.PollAndReceiveCANPacket
                0x00000570       0x4c .\CortexM0\ARM_GCC_541\Debug\Port.o
                0x00000570                PollAndReceiveCANPacket
 .text.getSerialAddress
                0x000005bc       0x38 .\CortexM0\ARM_GCC_541\Debug\main.o
                0x000005bc                getSerialAddress
 .text.sendRequestedData
                0x000005f4       0x48 .\CortexM0\ARM_GCC_541\Debug\main.o
                0x000005f4                sendRequestedData
 .text.main     0x0000063c       0x84 .\CortexM0\ARM_GCC_541\Debug\main.o
                0x0000063c                main
 .text.AnalogSetDefault
                0x000006c0       0x20 .\CortexM0\ARM_GCC_541\Debug\cyfitter_cfg.o
 .text.CYMEMZERO
                0x000006e0        0xc .\CortexM0\ARM_GCC_541\Debug\cyfitter_cfg.o
 .text.IntDefaultHandler
                0x000006ec       0x10 .\CortexM0\ARM_GCC_541\Debug\Cm0Start.o
                0x000006ec                IntDefaultHandler
 .text.Start_c  0x000006fc       0x48 .\CortexM0\ARM_GCC_541\Debug\Cm0Start.o
                0x000006fc                Start_c
 .text.initialize_psoc
                0x00000744       0x4c .\CortexM0\ARM_GCC_541\Debug\Cm0Start.o
                0x00000744                initialize_psoc
 .text.CySysClkImoSetPwrBgTrim5
                0x00000790       0x30 .\CortexM0\ARM_GCC_541\Debug\PSoC Project Template.a(CyLib.o)
 .text.CySysClkImoSetImoTrims
                0x000007c0       0xb0 .\CortexM0\ARM_GCC_541\Debug\PSoC Project Template.a(CyLib.o)
 .text.CySysClkImoDisableWcoLock
                0x00000870       0x54 .\CortexM0\ARM_GCC_541\Debug\PSoC Project Template.a(CyLib.o)
                0x00000870                CySysClkImoDisableWcoLock
 .text.CySysClkImoGetWcoLock
                0x000008c4       0x14 .\CortexM0\ARM_GCC_541\Debug\PSoC Project Template.a(CyLib.o)
                0x000008c4                CySysClkImoGetWcoLock
 .text.CySysClkImoEnableUsbLock
                0x000008d8       0x44 .\CortexM0\ARM_GCC_541\Debug\PSoC Project Template.a(CyLib.o)
                0x000008d8                CySysClkImoEnableUsbLock
 .text.CySysClkImoDisableUsbLock
                0x0000091c       0x74 .\CortexM0\ARM_GCC_541\Debug\PSoC Project Template.a(CyLib.o)
                0x0000091c                CySysClkImoDisableUsbLock
 .text.CySysClkImoGetUsbLock
                0x00000990       0x14 .\CortexM0\ARM_GCC_541\Debug\PSoC Project Template.a(CyLib.o)
                0x00000990                CySysClkImoGetUsbLock
 .text.CyIntEnable
                0x000009a4       0x14 .\CortexM0\ARM_GCC_541\Debug\PSoC Project Template.a(CyLib.o)
                0x000009a4                CyIntEnable
 .text.CyIntDisable
                0x000009b8       0x14 .\CortexM0\ARM_GCC_541\Debug\PSoC Project Template.a(CyLib.o)
                0x000009b8                CyIntDisable
 .text.CyHalt   0x000009cc        0x4 .\CortexM0\ARM_GCC_541\Debug\PSoC Project Template.a(CyLib.o)
                0x000009cc                CyHalt
 .text.CyIntSetVector
                0x000009d0       0x24 .\CortexM0\ARM_GCC_541\Debug\PSoC Project Template.a(CyLib.o)
                0x000009d0                CyIntSetVector
 .text.CyIntSetPriority
                0x000009f4       0x4c .\CortexM0\ARM_GCC_541\Debug\PSoC Project Template.a(CyLib.o)
                0x000009f4                CyIntSetPriority
 .text.CyDelay  0x00000a40       0x30 .\CortexM0\ARM_GCC_541\Debug\PSoC Project Template.a(CyLib.o)
                0x00000a40                CyDelay
 .text.CySysClkImoEnableWcoLock
                0x00000a70      0x104 .\CortexM0\ARM_GCC_541\Debug\PSoC Project Template.a(CyLib.o)
                0x00000a70                CySysClkImoEnableWcoLock
 .text.CyDelayUs
                0x00000b74       0x14 .\CortexM0\ARM_GCC_541\Debug\PSoC Project Template.a(CyLib.o)
                0x00000b74                CyDelayUs
 .text.CySysClkWriteImoFreq
                0x00000b88      0x1bc .\CortexM0\ARM_GCC_541\Debug\PSoC Project Template.a(CyLib.o)
                0x00000b88                CySysClkWriteImoFreq
 .text.CySysWdtLocked
                0x00000d44       0x14 .\CortexM0\ARM_GCC_541\Debug\PSoC Project Template.a(CyLFClk.o)
 .text.CySysClkWcoStart
                0x00000d58       0x40 .\CortexM0\ARM_GCC_541\Debug\PSoC Project Template.a(CyLFClk.o)
                0x00000d58                CySysClkWcoStart
 .text.CySysClkWcoEnabled
                0x00000d98       0x14 .\CortexM0\ARM_GCC_541\Debug\PSoC Project Template.a(CyLFClk.o)
                0x00000d98                CySysClkWcoEnabled
 .text.CySysWdtLock
                0x00000dac       0x1c .\CortexM0\ARM_GCC_541\Debug\PSoC Project Template.a(CyLFClk.o)
                0x00000dac                CySysWdtLock
 .text.CySysWdtUnlock
                0x00000dc8       0x30 .\CortexM0\ARM_GCC_541\Debug\PSoC Project Template.a(CyLFClk.o)
                0x00000dc8                CySysWdtUnlock
 .text.CySysWdtClearInterrupt
                0x00000df8       0x4c .\CortexM0\ARM_GCC_541\Debug\PSoC Project Template.a(CyLFClk.o)
                0x00000df8                CySysWdtClearInterrupt
 .text.CySysWdtIsr
                0x00000e44       0xa4 .\CortexM0\ARM_GCC_541\Debug\PSoC Project Template.a(CyLFClk.o)
                0x00000e44                CySysWdtIsr
 .text.CAN_GlobalIntEnable
                0x00000ee8       0x1c .\CortexM0\ARM_GCC_541\Debug\PSoC Project Template.a(CAN.o)
                0x00000ee8                CAN_GlobalIntEnable
 .text.CAN_Enable
                0x00000f04       0x48 .\CortexM0\ARM_GCC_541\Debug\PSoC Project Template.a(CAN.o)
                0x00000f04                CAN_Enable
 .text.CAN_SetPreScaler
                0x00000f4c       0x38 .\CortexM0\ARM_GCC_541\Debug\PSoC Project Template.a(CAN.o)
                0x00000f4c                CAN_SetPreScaler
 .text.CAN_SetArbiter
                0x00000f84       0x40 .\CortexM0\ARM_GCC_541\Debug\PSoC Project Template.a(CAN.o)
                0x00000f84                CAN_SetArbiter
 .text.CAN_SetTsegSample
                0x00000fc4       0xa0 .\CortexM0\ARM_GCC_541\Debug\PSoC Project Template.a(CAN.o)
                0x00000fc4                CAN_SetTsegSample
 .text.CAN_SetRestartType
                0x00001064       0x38 .\CortexM0\ARM_GCC_541\Debug\PSoC Project Template.a(CAN.o)
                0x00001064                CAN_SetRestartType
 .text.CAN_SetEdgeMode
                0x0000109c       0x38 .\CortexM0\ARM_GCC_541\Debug\PSoC Project Template.a(CAN.o)
                0x0000109c                CAN_SetEdgeMode
 .text.CAN_SetIrqMask
                0x000010d4       0x1c .\CortexM0\ARM_GCC_541\Debug\PSoC Project Template.a(CAN.o)
                0x000010d4                CAN_SetIrqMask
 .text.CAN_RxBufConfig
                0x000010f0       0x98 .\CortexM0\ARM_GCC_541\Debug\PSoC Project Template.a(CAN.o)
                0x000010f0                CAN_RxBufConfig
 .text.CAN_TxBufConfig
                0x00001188       0x58 .\CortexM0\ARM_GCC_541\Debug\PSoC Project Template.a(CAN.o)
                0x00001188                CAN_TxBufConfig
 .text.CAN_RxTxBuffersConfig
                0x000011e0       0x54 .\CortexM0\ARM_GCC_541\Debug\PSoC Project Template.a(CAN.o)
                0x000011e0                CAN_RxTxBuffersConfig
 .text.CAN_SetSwapDataEndianness
                0x00001234       0x40 .\CortexM0\ARM_GCC_541\Debug\PSoC Project Template.a(CAN.o)
                0x00001234                CAN_SetSwapDataEndianness
 .text.CAN_Init
                0x00001274       0xe4 .\CortexM0\ARM_GCC_541\Debug\PSoC Project Template.a(CAN.o)
                0x00001274                CAN_Init
 .text.CAN_Start
                0x00001358       0x28 .\CortexM0\ARM_GCC_541\Debug\PSoC Project Template.a(CAN.o)
                0x00001358                CAN_Start
 .text.CAN_ISR  0x00001380        0x4 .\CortexM0\ARM_GCC_541\Debug\PSoC Project Template.a(CAN_INT.o)
                0x00001380                CAN_ISR
 .text.CAN_SendMsg
                0x00001384      0x154 .\CortexM0\ARM_GCC_541\Debug\PSoC Project Template.a(CAN_TX_RX_func.o)
                0x00001384                CAN_SendMsg
 .text.DIP1_Read
                0x000014d8       0x10 .\CortexM0\ARM_GCC_541\Debug\PSoC Project Template.a(DIP1.o)
                0x000014d8                DIP1_Read
 .text.DIP2_Read
                0x000014e8       0x10 .\CortexM0\ARM_GCC_541\Debug\PSoC Project Template.a(DIP2.o)
                0x000014e8                DIP2_Read
 .text.DIP3_Read
                0x000014f8       0x10 .\CortexM0\ARM_GCC_541\Debug\PSoC Project Template.a(DIP3.o)
                0x000014f8                DIP3_Read
 .text.DIP4_Read
                0x00001508       0x10 .\CortexM0\ARM_GCC_541\Debug\PSoC Project Template.a(DIP4.o)
                0x00001508                DIP4_Read
 .text.DBG_Write
                0x00001518       0x18 .\CortexM0\ARM_GCC_541\Debug\PSoC Project Template.a(DBG.o)
                0x00001518                DBG_Write
 .text.DBG_Read
                0x00001530       0x10 .\CortexM0\ARM_GCC_541\Debug\PSoC Project Template.a(DBG.o)
                0x00001530                DBG_Read
 .text.DBG_UART_ScbModePostEnable
                0x00001540        0x8 .\CortexM0\ARM_GCC_541\Debug\PSoC Project Template.a(DBG_UART.o)
 .text.DBG_UART_Init
                0x00001548        0x8 .\CortexM0\ARM_GCC_541\Debug\PSoC Project Template.a(DBG_UART.o)
                0x00001548                DBG_UART_Init
 .text.DBG_UART_Enable
                0x00001550       0x18 .\CortexM0\ARM_GCC_541\Debug\PSoC Project Template.a(DBG_UART.o)
                0x00001550                DBG_UART_Enable
 .text.DBG_UART_Start
                0x00001568       0x20 .\CortexM0\ARM_GCC_541\Debug\PSoC Project Template.a(DBG_UART.o)
                0x00001568                DBG_UART_Start
 .text.DBG_UART_UartInit
                0x00001588       0xa8 .\CortexM0\ARM_GCC_541\Debug\PSoC Project Template.a(DBG_UART_UART.o)
                0x00001588                DBG_UART_UartInit
 .text.DBG_UART_UartPostEnable
                0x00001630       0x24 .\CortexM0\ARM_GCC_541\Debug\PSoC Project Template.a(DBG_UART_UART.o)
                0x00001630                DBG_UART_UartPostEnable
 .text.DBG_UART_UartPutString
                0x00001654       0x18 .\CortexM0\ARM_GCC_541\Debug\PSoC Project Template.a(DBG_UART_UART.o)
                0x00001654                DBG_UART_UartPutString
 *fill*         0x0000166c        0x4 
 .text          0x00001670       0x20 .\CortexM0\ARM_GCC_541\Debug\PSoC Project Template.a(CyBootAsmGnu.o)
                0x00001670                CyDelayCycles
                0x00001682                CyEnterCriticalSection
                0x0000168a                CyExitCriticalSection
 .text.CySysFlashSetWaitCycles
                0x00001690       0x54 .\CortexM0\ARM_GCC_541\Debug\PSoC Project Template.a(CyFlash.o)
                0x00001690                CySysFlashSetWaitCycles
 .text.DBG_UART_SpiUartWriteTxData
                0x000016e4       0x1c .\CortexM0\ARM_GCC_541\Debug\PSoC Project Template.a(DBG_UART_SPI_UART.o)
                0x000016e4                DBG_UART_SpiUartWriteTxData
 .text.__errno  0x00001700        0xc c:/program files (x86)/cypress/psoc creator/4.4/psoc creator/import/gnu/arm/5.4.1/bin/../lib/gcc/arm-none-eabi/5.4.1/../../../../arm-none-eabi/lib/armv6-m\libg_nano.a(lib_a-errno.o)
                0x00001700                __errno
 .text.__libc_init_array
                0x0000170c       0x4c c:/program files (x86)/cypress/psoc creator/4.4/psoc creator/import/gnu/arm/5.4.1/bin/../lib/gcc/arm-none-eabi/5.4.1/../../../../arm-none-eabi/lib/armv6-m\libg_nano.a(lib_a-init.o)
                0x0000170c                __libc_init_array
 .text.memcpy   0x00001758       0x12 c:/program files (x86)/cypress/psoc creator/4.4/psoc creator/import/gnu/arm/5.4.1/bin/../lib/gcc/arm-none-eabi/5.4.1/../../../../arm-none-eabi/lib/armv6-m\libg_nano.a(lib_a-memcpy-stub.o)
                0x00001758                memcpy
 .text.memset   0x0000176a       0x10 c:/program files (x86)/cypress/psoc creator/4.4/psoc creator/import/gnu/arm/5.4.1/bin/../lib/gcc/arm-none-eabi/5.4.1/../../../../arm-none-eabi/lib/armv6-m\libg_nano.a(lib_a-memset.o)
                0x0000176a                memset
 *(.plt)
 *(.gnu.warning)
 *(.glue_7t)
 .glue_7t       0x0000177a        0x0 linker stubs
 *(.glue_7)
 .glue_7        0x0000177a        0x0 linker stubs
 *(.vfp11_veneer)
 .vfp11_veneer  0x0000177a        0x0 linker stubs
 *(.bootloader)
 *(.ARM.extab* .gnu.linkonce.armextab.*)
 *(.gcc_except_table)

.v4_bx          0x0000177c        0x0
 .v4_bx         0x0000177c        0x0 linker stubs

.iplt           0x0000177c        0x0
 .iplt          0x0000177c        0x0 c:/program files (x86)/cypress/psoc creator/4.4/psoc creator/import/gnu/arm/5.4.1/bin/../lib/gcc/arm-none-eabi/5.4.1/armv6-m/crtbegin.o

.eh_frame_hdr
 *(.eh_frame_hdr)

.eh_frame       0x0000177c        0x4
 *(.eh_frame)
 .eh_frame      0x0000177c        0x0 c:/program files (x86)/cypress/psoc creator/4.4/psoc creator/import/gnu/arm/5.4.1/bin/../lib/gcc/arm-none-eabi/5.4.1/armv6-m/crtbegin.o
 .eh_frame      0x0000177c        0x4 c:/program files (x86)/cypress/psoc creator/4.4/psoc creator/import/gnu/arm/5.4.1/bin/../lib/gcc/arm-none-eabi/5.4.1/armv6-m/crtend.o
                [!provide]                PROVIDE (__exidx_start, .)

.ARM.exidx
 *(.ARM.exidx* .gnu.linkonce.armexidx.*)
                0x00001780                __exidx_end = .

.rodata         0x00001780      0x258
 *(.rodata .rodata.* .gnu.linkonce.r.*)
 .rodata.str1.4
                0x00001780       0x84 .\CortexM0\ARM_GCC_541\Debug\main.o
 .rodata        0x00001804        0xc .\CortexM0\ARM_GCC_541\Debug\cyfitter_cfg.o
 .rodata        0x00001810       0x2e .\CortexM0\ARM_GCC_541\Debug\PSoC Project Template.a(CyLib.o)
                0x00001810                cyImoFreqMhz2Reg
 *fill*         0x0000183e        0x2 
 .rodata        0x00001840      0x160 .\CortexM0\ARM_GCC_541\Debug\PSoC Project Template.a(CAN.o)
 .rodata.str1.1
                0x000019a0        0x2 c:/program files (x86)/cypress/psoc creator/4.4/psoc creator/import/gnu/arm/5.4.1/bin/../lib/gcc/arm-none-eabi/5.4.1/../../../../arm-none-eabi/lib/armv6-m\libg_nano.a(lib_a-impure.o)
                0x000019a4                . = ALIGN (0x4)
 *fill*         0x000019a2        0x2 
 *(.init)
 .init          0x000019a4        0x4 c:/program files (x86)/cypress/psoc creator/4.4/psoc creator/import/gnu/arm/5.4.1/bin/../lib/gcc/arm-none-eabi/5.4.1/armv6-m/crti.o
                0x000019a4                _init
 .init          0x000019a8        0x8 c:/program files (x86)/cypress/psoc creator/4.4/psoc creator/import/gnu/arm/5.4.1/bin/../lib/gcc/arm-none-eabi/5.4.1/armv6-m/crtn.o
                0x000019b0                . = ALIGN (0x4)
                0x000019b0                __preinit_array_start = .
 *(.preinit_array)
                0x000019b0                __preinit_array_end = .
                0x000019b0                . = ALIGN (0x4)
                0x000019b0                __init_array_start = .
 *(SORT(.init_array.*))
 *(.init_array)
 .init_array    0x000019b0        0x4 c:/program files (x86)/cypress/psoc creator/4.4/psoc creator/import/gnu/arm/5.4.1/bin/../lib/gcc/arm-none-eabi/5.4.1/armv6-m/crtbegin.o
 .init_array    0x000019b4        0x4 .\CortexM0\ARM_GCC_541\Debug\Cm0Start.o
                0x000019b8                __init_array_end = .
                0x000019b8                . = ALIGN (0x4)
 *(.fini)
 .fini          0x000019b8        0x4 c:/program files (x86)/cypress/psoc creator/4.4/psoc creator/import/gnu/arm/5.4.1/bin/../lib/gcc/arm-none-eabi/5.4.1/armv6-m/crti.o
                0x000019b8                _fini
 .fini          0x000019bc        0x8 c:/program files (x86)/cypress/psoc creator/4.4/psoc creator/import/gnu/arm/5.4.1/bin/../lib/gcc/arm-none-eabi/5.4.1/armv6-m/crtn.o
                0x000019c4                . = ALIGN (0x4)
                0x000019c4                __fini_array_start = .
 *(.fini_array)
 .fini_array    0x000019c4        0x4 c:/program files (x86)/cypress/psoc creator/4.4/psoc creator/import/gnu/arm/5.4.1/bin/../lib/gcc/arm-none-eabi/5.4.1/armv6-m/crtbegin.o
 *(SORT(.fini_array.*))
                0x000019c8                __fini_array_end = .
                0x000019c8                . = ALIGN (0x4)
 *crtbegin.o(.ctors)
 *(EXCLUDE_FILE(*crtend.o) .ctors)
 *(SORT(.ctors.*))
 *crtend.o(.ctors)
                0x000019c8                . = ALIGN (0x4)
 *crtbegin.o(.dtors)
 *(EXCLUDE_FILE(*crtend.o) .dtors)
 *(SORT(.dtors.*))
 *crtend.o(.dtors)
                0x000019c8                . = ALIGN (0x4)
                0x000019c8                __cy_regions = .
                0x000019c8        0x4 LONG 0x19d8 __cy_region_init_ram
                0x000019cc        0x4 LONG 0x200000c0 __cy_region_start_data
                0x000019d0        0x4 LONG 0x88 __cy_region_init_size_ram
                0x000019d4        0x4 LONG 0x188 __cy_region_zero_size_ram
                0x000019d8                __cy_regions_end = .
                0x000019d8                . = ALIGN (0x8)
                0x000019d8                _etext = .

.cy_checksum_exclude
                0x000019d8        0x0
 *(.cy_checksum_exclude)

.ramvectors     0x20000000       0xc0
                0x20000000                __cy_region_start_ram = .
 *(.ramvectors)
 .ramvectors    0x20000000       0xc0 .\CortexM0\ARM_GCC_541\Debug\Cm0Start.o
                0x20000000                CyRamVectors

.noinit
 *(.noinit)

.data           0x200000c0       0x88 load address 0x000019d8
                0x200000c0                __cy_region_start_data = .
 *(.jcr)
 .jcr           0x200000c0        0x0 c:/program files (x86)/cypress/psoc creator/4.4/psoc creator/import/gnu/arm/5.4.1/bin/../lib/gcc/arm-none-eabi/5.4.1/armv6-m/crtbegin.o
 .jcr           0x200000c0        0x4 c:/program files (x86)/cypress/psoc creator/4.4/psoc creator/import/gnu/arm/5.4.1/bin/../lib/gcc/arm-none-eabi/5.4.1/armv6-m/crtend.o
 *(.got.plt)
 *(.got)
 *(.shdata)
 *(.data .data.* .gnu.linkonce.d.*)
 .data          0x200000c4       0x14 .\CortexM0\ARM_GCC_541\Debug\PSoC Project Template.a(CyLib.o)
                0x200000c4                CySysClkPumpConfig
                0x200000c8                cydelay32kMs
                0x200000cc                cydelayFreqKhz
                0x200000d0                cydelayFreqMhz
                0x200000d4                cydelayFreqHz
 .data          0x200000d8        0x8 .\CortexM0\ARM_GCC_541\Debug\PSoC Project Template.a(CyLFClk.o)
 .data.impure_data
                0x200000e0       0x60 c:/program files (x86)/cypress/psoc creator/4.4/psoc creator/import/gnu/arm/5.4.1/bin/../lib/gcc/arm-none-eabi/5.4.1/../../../../arm-none-eabi/lib/armv6-m\libg_nano.a(lib_a-impure.o)
 .data._impure_ptr
                0x20000140        0x4 c:/program files (x86)/cypress/psoc creator/4.4/psoc creator/import/gnu/arm/5.4.1/bin/../lib/gcc/arm-none-eabi/5.4.1/../../../../arm-none-eabi/lib/armv6-m\libg_nano.a(lib_a-impure.o)
                0x20000140                _impure_ptr
                0x20000148                . = ALIGN (0x8)
 *fill*         0x20000144        0x4 
 *(.ram)
                0x20000148                _edata = .

.igot.plt       0x20000148        0x0 load address 0x00001a60
 .igot.plt      0x20000148        0x0 c:/program files (x86)/cypress/psoc creator/4.4/psoc creator/import/gnu/arm/5.4.1/bin/../lib/gcc/arm-none-eabi/5.4.1/armv6-m/crtbegin.o

.bss            0x20000148      0x188 load address 0x00001a60
                0x20000148                PROVIDE (__bss_start__, .)
 *(.shbss)
 *(.bss .bss.* .gnu.linkonce.b.*)
 .bss           0x20000148       0x1c c:/program files (x86)/cypress/psoc creator/4.4/psoc creator/import/gnu/arm/5.4.1/bin/../lib/gcc/arm-none-eabi/5.4.1/armv6-m/crtbegin.o
 .bss           0x20000164        0x4 .\CortexM0\ARM_GCC_541\Debug\Port.o
                0x20000164                latestMessageFull
                0x20000165                latestMessageHead
                0x20000166                latestMessageTail
                0x20000167                messageReadFlag
 .bss           0x20000168        0x4 .\CortexM0\ARM_GCC_541\Debug\main.o
                0x20000168                state
 .bss           0x2000016c       0x20 .\CortexM0\ARM_GCC_541\Debug\PSoC Project Template.a(CyLib.o)
                0x2000016c                CySysClkImoTrim4
                0x20000170                CySysClkImoTrim5
                0x20000188                CySysTickInitVar
 .bss           0x2000018c       0x28 .\CortexM0\ARM_GCC_541\Debug\PSoC Project Template.a(CyLFClk.o)
 .bss           0x200001b4        0x1 .\CortexM0\ARM_GCC_541\Debug\PSoC Project Template.a(CAN.o)
                0x200001b4                CAN_initVar
 *fill*         0x200001b5        0x1 
 .bss           0x200001b6        0x4 .\CortexM0\ARM_GCC_541\Debug\PSoC Project Template.a(DBG_UART.o)
                0x200001b6                DBG_UART_initVar
                0x200001b8                DBG_UART_IntrTxMask
 *(COMMON)
 *fill*         0x200001ba        0x2 
 COMMON         0x200001bc       0xd8 .\CortexM0\ARM_GCC_541\Debug\Port.o
                0x200001bc                deviceGroup
                0x200001c0                rxMailbox
                0x200001d0                deviceAddress
                0x200001d4                latestMessage
 COMMON         0x20000294       0x38 .\CortexM0\ARM_GCC_541\Debug\main.o
                0x20000294                send
                0x200002a0                debugOutput
                0x200002c0                receive
                0x200002d0                . = ALIGN (0x8)
 *fill*         0x200002cc        0x4 
 *(.ram.b)
                0x200002d0                _end = .
                0x200002d0                __end = .
                0x200002d0                PROVIDE (end, .)
                0x200002d0                PROVIDE (__bss_end__, .)
                0x000019d8                __cy_region_init_ram = LOADADDR (.data)
                0x00000088                __cy_region_init_size_ram = (_edata - ADDR (.data))
                0x00000188                __cy_region_zero_size_ram = (_end - _edata)

.heap           0x200002d0       0x80 load address 0x00001a60
                0x200002d0                . = _end
                0x20000350                . = (. + 0x80)
 *fill*         0x200002d0       0x80 
                0x20000350                __cy_heap_limit = .

.stack          0x20003800      0x800
                0x20003800                __cy_stack_limit = .
                0x20004000                . = (. + 0x800)
 *fill*         0x20003800      0x800 
                0x00000001                ASSERT ((__cy_stack_limit >= __cy_heap_limit), region RAM overflowed with stack)
                0x00000000                cy_checksum_exclude_size = (CY_APPL_LOADABLE == 0x1)?SIZEOF (.cy_checksum_exclude):0x0
                0x00000001                ASSERT ((cy_checksum_exclude_size <= CY_CHECKSUM_EXCLUDE_SIZE), CY_BOOT: Section .cy_checksum_exclude size exceedes specified limit.)
                0x0001ffc0                cyloadermeta_start = (cy_project_type_bootloader || cy_project_type_app_for_stack_and_copier)?(LENGTH (rom) - CY_METADATA_SIZE):0xf0000000

.cyloadermeta
 *(.cyloadermeta)
                0x0001ffc0                cyloadablemeta_start = cy_project_type_app_for_stack_and_copier?((LENGTH (rom) - CY_FLASH_ROW_SIZE) - CY_METADATA_SIZE):((LENGTH (rom) - (CY_FLASH_ROW_SIZE * (CY_APPL_NUM - 0x1))) - CY_METADATA_SIZE)

.cyloadablemeta
 *(.cyloadablemeta)

.cyflashprotect
                0x90400000       0x40
 *(.cyflashprotect)
 .cyflashprotect
                0x90400000       0x40 .\CortexM0\ARM_GCC_541\Debug\cymetadata.o
                0x90400000                cy_meta_flashprotect

.cymeta         0x90500000        0xc
 *(.cymeta)
 .cymeta        0x90500000        0xc .\CortexM0\ARM_GCC_541\Debug\cymetadata.o
                0x90500000                cy_metadata

.cychipprotect  0x90600000        0x1
 *(.cychipprotect)
 .cychipprotect
                0x90600000        0x1 .\CortexM0\ARM_GCC_541\Debug\cymetadata.o
                0x90600000                cy_meta_chipprotect

.rel.dyn        0x00001a60        0x0 load address 0x90600004
 .rel.iplt      0x00001a60        0x0 c:/program files (x86)/cypress/psoc creator/4.4/psoc creator/import/gnu/arm/5.4.1/bin/../lib/gcc/arm-none-eabi/5.4.1/armv6-m/crtbegin.o

.stab
 *(.stab)

.stabstr
 *(.stabstr)

.debug
 *(.debug)

.line
 *(.line)

.debug_srcinfo
 *(.debug_srcinfo)

.debug_sfnames
 *(.debug_sfnames)

.debug_aranges  0x00000000      0xb78
 *(.debug_aranges)
 .debug_aranges
                0x00000000       0xc0 .\CortexM0\ARM_GCC_541\Debug\CANCommon.o
 .debug_aranges
                0x000000c0       0x88 .\CortexM0\ARM_GCC_541\Debug\CANGPIO.o
 .debug_aranges
                0x00000148       0x18 .\CortexM0\ARM_GCC_541\Debug\CANLocalization.o
 .debug_aranges
                0x00000160       0xa8 .\CortexM0\ARM_GCC_541\Debug\CANPacket.o
 .debug_aranges
                0x00000208       0x68 .\CortexM0\ARM_GCC_541\Debug\Port.o
 .debug_aranges
                0x00000270       0x30 .\CortexM0\ARM_GCC_541\Debug\main.o
 .debug_aranges
                0x000002a0       0x38 .\CortexM0\ARM_GCC_541\Debug\cyfitter_cfg.o
 .debug_aranges
                0x000002d8       0x18 .\CortexM0\ARM_GCC_541\Debug\cymetadata.o
 .debug_aranges
                0x000002f0       0x48 .\CortexM0\ARM_GCC_541\Debug\Cm0Start.o
 .debug_aranges
                0x00000338      0x270 .\CortexM0\ARM_GCC_541\Debug\PSoC Project Template.a(CyLib.o)
 .debug_aranges
                0x000005a8      0x188 .\CortexM0\ARM_GCC_541\Debug\PSoC Project Template.a(CyLFClk.o)
 .debug_aranges
                0x00000730       0xe8 .\CortexM0\ARM_GCC_541\Debug\PSoC Project Template.a(CAN.o)
 .debug_aranges
                0x00000818       0x20 .\CortexM0\ARM_GCC_541\Debug\PSoC Project Template.a(CAN_INT.o)
 .debug_aranges
                0x00000838       0x30 .\CortexM0\ARM_GCC_541\Debug\PSoC Project Template.a(CAN_TX_RX_func.o)
 .debug_aranges
                0x00000868       0x48 .\CortexM0\ARM_GCC_541\Debug\PSoC Project Template.a(DIP1.o)
 .debug_aranges
                0x000008b0       0x48 .\CortexM0\ARM_GCC_541\Debug\PSoC Project Template.a(DIP2.o)
 .debug_aranges
                0x000008f8       0x48 .\CortexM0\ARM_GCC_541\Debug\PSoC Project Template.a(DIP3.o)
 .debug_aranges
                0x00000940       0x48 .\CortexM0\ARM_GCC_541\Debug\PSoC Project Template.a(DIP4.o)
 .debug_aranges
                0x00000988       0x48 .\CortexM0\ARM_GCC_541\Debug\PSoC Project Template.a(DBG.o)
 .debug_aranges
                0x000009d0       0x58 .\CortexM0\ARM_GCC_541\Debug\PSoC Project Template.a(DBG_UART.o)
 .debug_aranges
                0x00000a28       0x90 .\CortexM0\ARM_GCC_541\Debug\PSoC Project Template.a(DBG_UART_UART.o)
 .debug_aranges
                0x00000ab8       0x20 .\CortexM0\ARM_GCC_541\Debug\PSoC Project Template.a(CyBootAsmGnu.o)
 .debug_aranges
                0x00000ad8       0x40 .\CortexM0\ARM_GCC_541\Debug\PSoC Project Template.a(CyFlash.o)
 .debug_aranges
                0x00000b18       0x60 .\CortexM0\ARM_GCC_541\Debug\PSoC Project Template.a(DBG_UART_SPI_UART.o)

.debug_pubnames
 *(.debug_pubnames)

.debug_info     0x00000000     0x7326
 *(.debug_info .gnu.linkonce.wi.*)
 .debug_info    0x00000000      0xa46 .\CortexM0\ARM_GCC_541\Debug\CANCommon.o
 .debug_info    0x00000a46      0x60d .\CortexM0\ARM_GCC_541\Debug\CANGPIO.o
 .debug_info    0x00001053       0x6b .\CortexM0\ARM_GCC_541\Debug\CANLocalization.o
 .debug_info    0x000010be      0x641 .\CortexM0\ARM_GCC_541\Debug\CANPacket.o
 .debug_info    0x000016ff      0x639 .\CortexM0\ARM_GCC_541\Debug\Port.o
 .debug_info    0x00001d38      0x42b .\CortexM0\ARM_GCC_541\Debug\main.o
 .debug_info    0x00002163      0x2e3 .\CortexM0\ARM_GCC_541\Debug\cyfitter_cfg.o
 .debug_info    0x00002446       0xf8 .\CortexM0\ARM_GCC_541\Debug\cymetadata.o
 .debug_info    0x0000253e      0x3a2 .\CortexM0\ARM_GCC_541\Debug\Cm0Start.o
 .debug_info    0x000028e0     0x17f2 .\CortexM0\ARM_GCC_541\Debug\PSoC Project Template.a(CyLib.o)
 .debug_info    0x000040d2     0x1058 .\CortexM0\ARM_GCC_541\Debug\PSoC Project Template.a(CyLFClk.o)
 .debug_info    0x0000512a      0x9c6 .\CortexM0\ARM_GCC_541\Debug\PSoC Project Template.a(CAN.o)
 .debug_info    0x00005af0       0xa0 .\CortexM0\ARM_GCC_541\Debug\PSoC Project Template.a(CAN_INT.o)
 .debug_info    0x00005b90      0x37e .\CortexM0\ARM_GCC_541\Debug\PSoC Project Template.a(CAN_TX_RX_func.o)
 .debug_info    0x00005f0e      0x19d .\CortexM0\ARM_GCC_541\Debug\PSoC Project Template.a(DIP1.o)
 .debug_info    0x000060ab      0x19d .\CortexM0\ARM_GCC_541\Debug\PSoC Project Template.a(DIP2.o)
 .debug_info    0x00006248      0x19d .\CortexM0\ARM_GCC_541\Debug\PSoC Project Template.a(DIP3.o)
 .debug_info    0x000063e5      0x19d .\CortexM0\ARM_GCC_541\Debug\PSoC Project Template.a(DIP4.o)
 .debug_info    0x00006582      0x19d .\CortexM0\ARM_GCC_541\Debug\PSoC Project Template.a(DBG.o)
 .debug_info    0x0000671f      0x23a .\CortexM0\ARM_GCC_541\Debug\PSoC Project Template.a(DBG_UART.o)
 .debug_info    0x00006959      0x3b5 .\CortexM0\ARM_GCC_541\Debug\PSoC Project Template.a(DBG_UART_UART.o)
 .debug_info    0x00006d0e       0xa6 .\CortexM0\ARM_GCC_541\Debug\PSoC Project Template.a(CyBootAsmGnu.o)
 .debug_info    0x00006db4      0x352 .\CortexM0\ARM_GCC_541\Debug\PSoC Project Template.a(CyFlash.o)
 .debug_info    0x00007106      0x220 .\CortexM0\ARM_GCC_541\Debug\PSoC Project Template.a(DBG_UART_SPI_UART.o)

.debug_abbrev   0x00000000     0x1b60
 *(.debug_abbrev)
 .debug_abbrev  0x00000000      0x149 .\CortexM0\ARM_GCC_541\Debug\CANCommon.o
 .debug_abbrev  0x00000149      0x106 .\CortexM0\ARM_GCC_541\Debug\CANGPIO.o
 .debug_abbrev  0x0000024f       0x26 .\CortexM0\ARM_GCC_541\Debug\CANLocalization.o
 .debug_abbrev  0x00000275      0x16f .\CortexM0\ARM_GCC_541\Debug\CANPacket.o
 .debug_abbrev  0x000003e4      0x1ad .\CortexM0\ARM_GCC_541\Debug\Port.o
 .debug_abbrev  0x00000591      0x17d .\CortexM0\ARM_GCC_541\Debug\main.o
 .debug_abbrev  0x0000070e      0x166 .\CortexM0\ARM_GCC_541\Debug\cyfitter_cfg.o
 .debug_abbrev  0x00000874       0x5d .\CortexM0\ARM_GCC_541\Debug\cymetadata.o
 .debug_abbrev  0x000008d1      0x1d7 .\CortexM0\ARM_GCC_541\Debug\Cm0Start.o
 .debug_abbrev  0x00000aa8      0x27b .\CortexM0\ARM_GCC_541\Debug\PSoC Project Template.a(CyLib.o)
 .debug_abbrev  0x00000d23      0x248 .\CortexM0\ARM_GCC_541\Debug\PSoC Project Template.a(CyLFClk.o)
 .debug_abbrev  0x00000f6b      0x186 .\CortexM0\ARM_GCC_541\Debug\PSoC Project Template.a(CAN.o)
 .debug_abbrev  0x000010f1       0x42 .\CortexM0\ARM_GCC_541\Debug\PSoC Project Template.a(CAN_INT.o)
 .debug_abbrev  0x00001133      0x159 .\CortexM0\ARM_GCC_541\Debug\PSoC Project Template.a(CAN_TX_RX_func.o)
 .debug_abbrev  0x0000128c       0xc8 .\CortexM0\ARM_GCC_541\Debug\PSoC Project Template.a(DIP1.o)
 .debug_abbrev  0x00001354       0xc8 .\CortexM0\ARM_GCC_541\Debug\PSoC Project Template.a(DIP2.o)
 .debug_abbrev  0x0000141c       0xc8 .\CortexM0\ARM_GCC_541\Debug\PSoC Project Template.a(DIP3.o)
 .debug_abbrev  0x000014e4       0xc8 .\CortexM0\ARM_GCC_541\Debug\PSoC Project Template.a(DIP4.o)
 .debug_abbrev  0x000015ac       0xc8 .\CortexM0\ARM_GCC_541\Debug\PSoC Project Template.a(DBG.o)
 .debug_abbrev  0x00001674       0xd5 .\CortexM0\ARM_GCC_541\Debug\PSoC Project Template.a(DBG_UART.o)
 .debug_abbrev  0x00001749      0x132 .\CortexM0\ARM_GCC_541\Debug\PSoC Project Template.a(DBG_UART_UART.o)
 .debug_abbrev  0x0000187b       0x14 .\CortexM0\ARM_GCC_541\Debug\PSoC Project Template.a(CyBootAsmGnu.o)
 .debug_abbrev  0x0000188f      0x182 .\CortexM0\ARM_GCC_541\Debug\PSoC Project Template.a(CyFlash.o)
 .debug_abbrev  0x00001a11      0x14f .\CortexM0\ARM_GCC_541\Debug\PSoC Project Template.a(DBG_UART_SPI_UART.o)

.debug_line     0x00000000     0x2f95
 *(.debug_line)
 .debug_line    0x00000000      0x2f6 .\CortexM0\ARM_GCC_541\Debug\CANCommon.o
 .debug_line    0x000002f6      0x251 .\CortexM0\ARM_GCC_541\Debug\CANGPIO.o
 .debug_line    0x00000547       0x1d .\CortexM0\ARM_GCC_541\Debug\CANLocalization.o
 .debug_line    0x00000564      0x2df .\CortexM0\ARM_GCC_541\Debug\CANPacket.o
 .debug_line    0x00000843      0x2c2 .\CortexM0\ARM_GCC_541\Debug\Port.o
 .debug_line    0x00000b05      0x230 .\CortexM0\ARM_GCC_541\Debug\main.o
 .debug_line    0x00000d35      0x163 .\CortexM0\ARM_GCC_541\Debug\cyfitter_cfg.o
 .debug_line    0x00000e98      0x141 .\CortexM0\ARM_GCC_541\Debug\cymetadata.o
 .debug_line    0x00000fd9      0x236 .\CortexM0\ARM_GCC_541\Debug\Cm0Start.o
 .debug_line    0x0000120f      0x8f0 .\CortexM0\ARM_GCC_541\Debug\PSoC Project Template.a(CyLib.o)
 .debug_line    0x00001aff      0x5d1 .\CortexM0\ARM_GCC_541\Debug\PSoC Project Template.a(CyLFClk.o)
 .debug_line    0x000020d0      0x3e7 .\CortexM0\ARM_GCC_541\Debug\PSoC Project Template.a(CAN.o)
 .debug_line    0x000024b7       0x53 .\CortexM0\ARM_GCC_541\Debug\PSoC Project Template.a(CAN_INT.o)
 .debug_line    0x0000250a       0xfc .\CortexM0\ARM_GCC_541\Debug\PSoC Project Template.a(CAN_TX_RX_func.o)
 .debug_line    0x00002606       0xbc .\CortexM0\ARM_GCC_541\Debug\PSoC Project Template.a(DIP1.o)
 .debug_line    0x000026c2       0xbc .\CortexM0\ARM_GCC_541\Debug\PSoC Project Template.a(DIP2.o)
 .debug_line    0x0000277e       0xbc .\CortexM0\ARM_GCC_541\Debug\PSoC Project Template.a(DIP3.o)
 .debug_line    0x0000283a       0xbc .\CortexM0\ARM_GCC_541\Debug\PSoC Project Template.a(DIP4.o)
 .debug_line    0x000028f6       0xbb .\CortexM0\ARM_GCC_541\Debug\PSoC Project Template.a(DBG.o)
 .debug_line    0x000029b1      0x110 .\CortexM0\ARM_GCC_541\Debug\PSoC Project Template.a(DBG_UART.o)
 .debug_line    0x00002ac1      0x1db .\CortexM0\ARM_GCC_541\Debug\PSoC Project Template.a(DBG_UART_UART.o)
 .debug_line    0x00002c9c       0x68 .\CortexM0\ARM_GCC_541\Debug\PSoC Project Template.a(CyBootAsmGnu.o)
 .debug_line    0x00002d04      0x173 .\CortexM0\ARM_GCC_541\Debug\PSoC Project Template.a(CyFlash.o)
 .debug_line    0x00002e77      0x11e .\CortexM0\ARM_GCC_541\Debug\PSoC Project Template.a(DBG_UART_SPI_UART.o)

.debug_frame    0x00000000     0x1d34
 *(.debug_frame)
 .debug_frame   0x00000000      0x27c .\CortexM0\ARM_GCC_541\Debug\CANCommon.o
 .debug_frame   0x0000027c      0x178 .\CortexM0\ARM_GCC_541\Debug\CANGPIO.o
 .debug_frame   0x000003f4      0x1a4 .\CortexM0\ARM_GCC_541\Debug\CANPacket.o
 .debug_frame   0x00000598       0xfc .\CortexM0\ARM_GCC_541\Debug\Port.o
 .debug_frame   0x00000694       0x64 .\CortexM0\ARM_GCC_541\Debug\main.o
 .debug_frame   0x000006f8       0x78 .\CortexM0\ARM_GCC_541\Debug\cyfitter_cfg.o
 .debug_frame   0x00000770       0xbc .\CortexM0\ARM_GCC_541\Debug\Cm0Start.o
 .debug_frame   0x0000082c      0x724 .\CortexM0\ARM_GCC_541\Debug\PSoC Project Template.a(CyLib.o)
 .debug_frame   0x00000f50      0x4a4 .\CortexM0\ARM_GCC_541\Debug\PSoC Project Template.a(CyLFClk.o)
 .debug_frame   0x000013f4      0x238 .\CortexM0\ARM_GCC_541\Debug\PSoC Project Template.a(CAN.o)
 .debug_frame   0x0000162c       0x20 .\CortexM0\ARM_GCC_541\Debug\PSoC Project Template.a(CAN_INT.o)
 .debug_frame   0x0000164c       0x60 .\CortexM0\ARM_GCC_541\Debug\PSoC Project Template.a(CAN_TX_RX_func.o)
 .debug_frame   0x000016ac       0x70 .\CortexM0\ARM_GCC_541\Debug\PSoC Project Template.a(DIP1.o)
 .debug_frame   0x0000171c       0x70 .\CortexM0\ARM_GCC_541\Debug\PSoC Project Template.a(DIP2.o)
 .debug_frame   0x0000178c       0x70 .\CortexM0\ARM_GCC_541\Debug\PSoC Project Template.a(DIP3.o)
 .debug_frame   0x000017fc       0x70 .\CortexM0\ARM_GCC_541\Debug\PSoC Project Template.a(DIP4.o)
 .debug_frame   0x0000186c       0x70 .\CortexM0\ARM_GCC_541\Debug\PSoC Project Template.a(DBG.o)
 .debug_frame   0x000018dc       0xd8 .\CortexM0\ARM_GCC_541\Debug\PSoC Project Template.a(DBG_UART.o)
 .debug_frame   0x000019b4      0x144 .\CortexM0\ARM_GCC_541\Debug\PSoC Project Template.a(DBG_UART_UART.o)
 .debug_frame   0x00001af8       0x90 .\CortexM0\ARM_GCC_541\Debug\PSoC Project Template.a(CyFlash.o)
 .debug_frame   0x00001b88       0xb0 .\CortexM0\ARM_GCC_541\Debug\PSoC Project Template.a(DBG_UART_SPI_UART.o)
 .debug_frame   0x00001c38       0x20 c:/program files (x86)/cypress/psoc creator/4.4/psoc creator/import/gnu/arm/5.4.1/bin/../lib/gcc/arm-none-eabi/5.4.1/armv6-m\libgcc.a(_udivsi3.o)
 .debug_frame   0x00001c58       0x20 c:/program files (x86)/cypress/psoc creator/4.4/psoc creator/import/gnu/arm/5.4.1/bin/../lib/gcc/arm-none-eabi/5.4.1/armv6-m\libgcc.a(_divsi3.o)
 .debug_frame   0x00001c78       0x20 c:/program files (x86)/cypress/psoc creator/4.4/psoc creator/import/gnu/arm/5.4.1/bin/../lib/gcc/arm-none-eabi/5.4.1/../../../../arm-none-eabi/lib/armv6-m\libg_nano.a(lib_a-errno.o)
 .debug_frame   0x00001c98       0x28 c:/program files (x86)/cypress/psoc creator/4.4/psoc creator/import/gnu/arm/5.4.1/bin/../lib/gcc/arm-none-eabi/5.4.1/../../../../arm-none-eabi/lib/armv6-m\libg_nano.a(lib_a-exit.o)
 .debug_frame   0x00001cc0       0x2c c:/program files (x86)/cypress/psoc creator/4.4/psoc creator/import/gnu/arm/5.4.1/bin/../lib/gcc/arm-none-eabi/5.4.1/../../../../arm-none-eabi/lib/armv6-m\libg_nano.a(lib_a-init.o)
 .debug_frame   0x00001cec       0x28 c:/program files (x86)/cypress/psoc creator/4.4/psoc creator/import/gnu/arm/5.4.1/bin/../lib/gcc/arm-none-eabi/5.4.1/../../../../arm-none-eabi/lib/armv6-m\libg_nano.a(lib_a-memcpy-stub.o)
 .debug_frame   0x00001d14       0x20 c:/program files (x86)/cypress/psoc creator/4.4/psoc creator/import/gnu/arm/5.4.1/bin/../lib/gcc/arm-none-eabi/5.4.1/../../../../arm-none-eabi/lib/armv6-m\libg_nano.a(lib_a-memset.o)

.debug_str      0x00000000     0x293e
 *(.debug_str)
 .debug_str     0x00000000      0x557 .\CortexM0\ARM_GCC_541\Debug\CANCommon.o
                                0x5bc (size before relaxing)
 .debug_str     0x00000557      0x205 .\CortexM0\ARM_GCC_541\Debug\CANGPIO.o
                                0x445 (size before relaxing)
 .debug_str     0x0000075c       0x1f .\CortexM0\ARM_GCC_541\Debug\CANLocalization.o
                                0x192 (size before relaxing)
 .debug_str     0x0000077b      0x1be .\CortexM0\ARM_GCC_541\Debug\CANPacket.o
                                0x444 (size before relaxing)
 .debug_str     0x00000939      0x258 .\CortexM0\ARM_GCC_541\Debug\Port.o
                                0x462 (size before relaxing)
 .debug_str     0x00000b91       0xb7 .\CortexM0\ARM_GCC_541\Debug\main.o
                                0x310 (size before relaxing)
 .debug_str     0x00000c48       0xe4 .\CortexM0\ARM_GCC_541\Debug\cyfitter_cfg.o
                                0x2a9 (size before relaxing)
 .debug_str     0x00000d2c       0x59 .\CortexM0\ARM_GCC_541\Debug\cymetadata.o
                                0x1de (size before relaxing)
 .debug_str     0x00000d85      0x140 .\CortexM0\ARM_GCC_541\Debug\Cm0Start.o
                                0x317 (size before relaxing)
 .debug_str     0x00000ec5      0x911 .\CortexM0\ARM_GCC_541\Debug\PSoC Project Template.a(CyLib.o)
                                0xb5e (size before relaxing)
 .debug_str     0x000017d6      0x6d6 .\CortexM0\ARM_GCC_541\Debug\PSoC Project Template.a(CyLFClk.o)
                                0x933 (size before relaxing)
 .debug_str     0x00001eac      0x2bb .\CortexM0\ARM_GCC_541\Debug\PSoC Project Template.a(CAN.o)
                                0x54c (size before relaxing)
 .debug_str     0x00002167       0x29 .\CortexM0\ARM_GCC_541\Debug\PSoC Project Template.a(CAN_INT.o)
                                0x1ba (size before relaxing)
 .debug_str     0x00002190       0x63 .\CortexM0\ARM_GCC_541\Debug\PSoC Project Template.a(CAN_TX_RX_func.o)
                                0x2df (size before relaxing)
 .debug_str     0x000021f3       0x9a .\CortexM0\ARM_GCC_541\Debug\PSoC Project Template.a(DIP1.o)
                                0x245 (size before relaxing)
 .debug_str     0x0000228d       0x76 .\CortexM0\ARM_GCC_541\Debug\PSoC Project Template.a(DIP2.o)
                                0x245 (size before relaxing)
 .debug_str     0x00002303       0x76 .\CortexM0\ARM_GCC_541\Debug\PSoC Project Template.a(DIP3.o)
                                0x245 (size before relaxing)
 .debug_str     0x00002379       0x76 .\CortexM0\ARM_GCC_541\Debug\PSoC Project Template.a(DIP4.o)
                                0x245 (size before relaxing)
 .debug_str     0x000023ef       0x66 .\CortexM0\ARM_GCC_541\Debug\PSoC Project Template.a(DBG.o)
                                0x23e (size before relaxing)
 .debug_str     0x00002455      0x12b .\CortexM0\ARM_GCC_541\Debug\PSoC Project Template.a(DBG_UART.o)
                                0x2e5 (size before relaxing)
 .debug_str     0x00002580      0x214 .\CortexM0\ARM_GCC_541\Debug\PSoC Project Template.a(DBG_UART_UART.o)
                                0x42e (size before relaxing)
 .debug_str     0x00002794       0xab .\CortexM0\ARM_GCC_541\Debug\PSoC Project Template.a(CyFlash.o)
                                0x2c6 (size before relaxing)
 .debug_str     0x0000283f       0xff .\CortexM0\ARM_GCC_541\Debug\PSoC Project Template.a(DBG_UART_SPI_UART.o)
                                0x30c (size before relaxing)

.debug_loc      0x00000000     0x5256
 *(.debug_loc)
 .debug_loc     0x00000000      0x926 .\CortexM0\ARM_GCC_541\Debug\CANCommon.o
 .debug_loc     0x00000926      0x620 .\CortexM0\ARM_GCC_541\Debug\CANGPIO.o
 .debug_loc     0x00000f46      0x540 .\CortexM0\ARM_GCC_541\Debug\CANPacket.o
 .debug_loc     0x00001486      0x112 .\CortexM0\ARM_GCC_541\Debug\Port.o
 .debug_loc     0x00001598       0x7c .\CortexM0\ARM_GCC_541\Debug\main.o
 .debug_loc     0x00001614       0xa9 .\CortexM0\ARM_GCC_541\Debug\cyfitter_cfg.o
 .debug_loc     0x000016bd      0x14f .\CortexM0\ARM_GCC_541\Debug\Cm0Start.o
 .debug_loc     0x0000180c     0x18f5 .\CortexM0\ARM_GCC_541\Debug\PSoC Project Template.a(CyLib.o)
 .debug_loc     0x00003101      0xdb7 .\CortexM0\ARM_GCC_541\Debug\PSoC Project Template.a(CyLFClk.o)
 .debug_loc     0x00003eb8      0xa5e .\CortexM0\ARM_GCC_541\Debug\PSoC Project Template.a(CAN.o)
 .debug_loc     0x00004916      0x17f .\CortexM0\ARM_GCC_541\Debug\PSoC Project Template.a(CAN_TX_RX_func.o)
 .debug_loc     0x00004a95       0xa2 .\CortexM0\ARM_GCC_541\Debug\PSoC Project Template.a(DIP1.o)
 .debug_loc     0x00004b37       0xa2 .\CortexM0\ARM_GCC_541\Debug\PSoC Project Template.a(DIP2.o)
 .debug_loc     0x00004bd9       0xa2 .\CortexM0\ARM_GCC_541\Debug\PSoC Project Template.a(DIP3.o)
 .debug_loc     0x00004c7b       0xa2 .\CortexM0\ARM_GCC_541\Debug\PSoC Project Template.a(DIP4.o)
 .debug_loc     0x00004d1d       0xa2 .\CortexM0\ARM_GCC_541\Debug\PSoC Project Template.a(DBG.o)
 .debug_loc     0x00004dbf       0x7e .\CortexM0\ARM_GCC_541\Debug\PSoC Project Template.a(DBG_UART.o)
 .debug_loc     0x00004e3d      0x223 .\CortexM0\ARM_GCC_541\Debug\PSoC Project Template.a(DBG_UART_UART.o)
 .debug_loc     0x00005060      0x160 .\CortexM0\ARM_GCC_541\Debug\PSoC Project Template.a(CyFlash.o)
 .debug_loc     0x000051c0       0x96 .\CortexM0\ARM_GCC_541\Debug\PSoC Project Template.a(DBG_UART_SPI_UART.o)

.debug_macinfo
 *(.debug_macinfo)

.debug_ranges   0x00000000      0xa08
 *(.debug_ranges)
 .debug_ranges  0x00000000       0xb0 .\CortexM0\ARM_GCC_541\Debug\CANCommon.o
 .debug_ranges  0x000000b0       0x78 .\CortexM0\ARM_GCC_541\Debug\CANGPIO.o
 .debug_ranges  0x00000128       0xc8 .\CortexM0\ARM_GCC_541\Debug\CANPacket.o
 .debug_ranges  0x000001f0       0x58 .\CortexM0\ARM_GCC_541\Debug\Port.o
 .debug_ranges  0x00000248       0x20 .\CortexM0\ARM_GCC_541\Debug\main.o
 .debug_ranges  0x00000268       0x28 .\CortexM0\ARM_GCC_541\Debug\cyfitter_cfg.o
 .debug_ranges  0x00000290       0x38 .\CortexM0\ARM_GCC_541\Debug\Cm0Start.o
 .debug_ranges  0x000002c8      0x260 .\CortexM0\ARM_GCC_541\Debug\PSoC Project Template.a(CyLib.o)
 .debug_ranges  0x00000528      0x178 .\CortexM0\ARM_GCC_541\Debug\PSoC Project Template.a(CyLFClk.o)
 .debug_ranges  0x000006a0       0xd8 .\CortexM0\ARM_GCC_541\Debug\PSoC Project Template.a(CAN.o)
 .debug_ranges  0x00000778       0x10 .\CortexM0\ARM_GCC_541\Debug\PSoC Project Template.a(CAN_INT.o)
 .debug_ranges  0x00000788       0x20 .\CortexM0\ARM_GCC_541\Debug\PSoC Project Template.a(CAN_TX_RX_func.o)
 .debug_ranges  0x000007a8       0x38 .\CortexM0\ARM_GCC_541\Debug\PSoC Project Template.a(DIP1.o)
 .debug_ranges  0x000007e0       0x38 .\CortexM0\ARM_GCC_541\Debug\PSoC Project Template.a(DIP2.o)
 .debug_ranges  0x00000818       0x38 .\CortexM0\ARM_GCC_541\Debug\PSoC Project Template.a(DIP3.o)
 .debug_ranges  0x00000850       0x38 .\CortexM0\ARM_GCC_541\Debug\PSoC Project Template.a(DIP4.o)
 .debug_ranges  0x00000888       0x38 .\CortexM0\ARM_GCC_541\Debug\PSoC Project Template.a(DBG.o)
 .debug_ranges  0x000008c0       0x48 .\CortexM0\ARM_GCC_541\Debug\PSoC Project Template.a(DBG_UART.o)
 .debug_ranges  0x00000908       0x80 .\CortexM0\ARM_GCC_541\Debug\PSoC Project Template.a(DBG_UART_UART.o)
 .debug_ranges  0x00000988       0x30 .\CortexM0\ARM_GCC_541\Debug\PSoC Project Template.a(CyFlash.o)
 .debug_ranges  0x000009b8       0x50 .\CortexM0\ARM_GCC_541\Debug\PSoC Project Template.a(DBG_UART_SPI_UART.o)

.comment        0x00000000       0x6e
 .comment       0x00000000       0x6e .\CortexM0\ARM_GCC_541\Debug\CANCommon.o
                                 0x6f (size before relaxing)
 .comment       0x0000006e       0x6f .\CortexM0\ARM_GCC_541\Debug\CANGPIO.o
 .comment       0x0000006e       0x6f .\CortexM0\ARM_GCC_541\Debug\CANLocalization.o
 .comment       0x0000006e       0x6f .\CortexM0\ARM_GCC_541\Debug\CANPacket.o
 .comment       0x0000006e       0x6f .\CortexM0\ARM_GCC_541\Debug\Port.o
 .comment       0x0000006e       0x6f .\CortexM0\ARM_GCC_541\Debug\main.o
 .comment       0x0000006e       0x6f .\CortexM0\ARM_GCC_541\Debug\cyfitter_cfg.o
 .comment       0x0000006e       0x6f .\CortexM0\ARM_GCC_541\Debug\cymetadata.o
 .comment       0x0000006e       0x6f .\CortexM0\ARM_GCC_541\Debug\Cm0Start.o
 .comment       0x0000006e       0x6f .\CortexM0\ARM_GCC_541\Debug\PSoC Project Template.a(CyLib.o)
 .comment       0x0000006e       0x6f .\CortexM0\ARM_GCC_541\Debug\PSoC Project Template.a(CyLFClk.o)
 .comment       0x0000006e       0x6f .\CortexM0\ARM_GCC_541\Debug\PSoC Project Template.a(CAN.o)
 .comment       0x0000006e       0x6f .\CortexM0\ARM_GCC_541\Debug\PSoC Project Template.a(CAN_INT.o)
 .comment       0x0000006e       0x6f .\CortexM0\ARM_GCC_541\Debug\PSoC Project Template.a(CAN_TX_RX_func.o)
 .comment       0x0000006e       0x6f .\CortexM0\ARM_GCC_541\Debug\PSoC Project Template.a(DIP1.o)
 .comment       0x0000006e       0x6f .\CortexM0\ARM_GCC_541\Debug\PSoC Project Template.a(DIP2.o)
 .comment       0x0000006e       0x6f .\CortexM0\ARM_GCC_541\Debug\PSoC Project Template.a(DIP3.o)
 .comment       0x0000006e       0x6f .\CortexM0\ARM_GCC_541\Debug\PSoC Project Template.a(DIP4.o)
 .comment       0x0000006e       0x6f .\CortexM0\ARM_GCC_541\Debug\PSoC Project Template.a(DBG.o)
 .comment       0x0000006e       0x6f .\CortexM0\ARM_GCC_541\Debug\PSoC Project Template.a(DBG_UART.o)
 .comment       0x0000006e       0x6f .\CortexM0\ARM_GCC_541\Debug\PSoC Project Template.a(DBG_UART_UART.o)
 .comment       0x0000006e       0x6f .\CortexM0\ARM_GCC_541\Debug\PSoC Project Template.a(CyFlash.o)
 .comment       0x0000006e       0x6f .\CortexM0\ARM_GCC_541\Debug\PSoC Project Template.a(DBG_UART_SPI_UART.o)

.debug_weaknames
 *(.debug_weaknames)

.debug_funcnames
 *(.debug_funcnames)

.debug_typenames
 *(.debug_typenames)

.debug_varnames
 *(.debug_varnames)

.note.gnu.arm.ident
 *(.note.gnu.arm.ident)

.ARM.attributes
                0x00000000       0x28
 *(.ARM.attributes)
 .ARM.attributes
                0x00000000       0x1e c:/program files (x86)/cypress/psoc creator/4.4/psoc creator/import/gnu/arm/5.4.1/bin/../lib/gcc/arm-none-eabi/5.4.1/armv6-m/crti.o
 .ARM.attributes
                0x0000001e       0x2c c:/program files (x86)/cypress/psoc creator/4.4/psoc creator/import/gnu/arm/5.4.1/bin/../lib/gcc/arm-none-eabi/5.4.1/armv6-m/crtbegin.o
 .ARM.attributes
                0x0000004a       0x1b c:/program files (x86)/cypress/psoc creator/4.4/psoc creator/import/gnu/arm/5.4.1/bin/../lib/gcc/arm-none-eabi/5.4.1/../../../../arm-none-eabi/lib/armv6-m/crt0.o
 .ARM.attributes
                0x00000065       0x31 .\CortexM0\ARM_GCC_541\Debug\CANCommon.o
 .ARM.attributes
                0x00000096       0x31 .\CortexM0\ARM_GCC_541\Debug\CANGPIO.o
 .ARM.attributes
                0x000000c7       0x31 .\CortexM0\ARM_GCC_541\Debug\CANLocalization.o
 .ARM.attributes
                0x000000f8       0x31 .\CortexM0\ARM_GCC_541\Debug\CANPacket.o
 .ARM.attributes
                0x00000129       0x31 .\CortexM0\ARM_GCC_541\Debug\Port.o
 .ARM.attributes
                0x0000015a       0x31 .\CortexM0\ARM_GCC_541\Debug\main.o
 .ARM.attributes
                0x0000018b       0x31 .\CortexM0\ARM_GCC_541\Debug\cyfitter_cfg.o
 .ARM.attributes
                0x000001bc       0x31 .\CortexM0\ARM_GCC_541\Debug\cymetadata.o
 .ARM.attributes
                0x000001ed       0x31 .\CortexM0\ARM_GCC_541\Debug\Cm0Start.o
 .ARM.attributes
                0x0000021e       0x31 .\CortexM0\ARM_GCC_541\Debug\PSoC Project Template.a(CyLib.o)
 .ARM.attributes
                0x0000024f       0x31 .\CortexM0\ARM_GCC_541\Debug\PSoC Project Template.a(CyLFClk.o)
 .ARM.attributes
                0x00000280       0x31 .\CortexM0\ARM_GCC_541\Debug\PSoC Project Template.a(CAN.o)
 .ARM.attributes
                0x000002b1       0x31 .\CortexM0\ARM_GCC_541\Debug\PSoC Project Template.a(CAN_INT.o)
 .ARM.attributes
                0x000002e2       0x31 .\CortexM0\ARM_GCC_541\Debug\PSoC Project Template.a(CAN_TX_RX_func.o)
 .ARM.attributes
                0x00000313       0x31 .\CortexM0\ARM_GCC_541\Debug\PSoC Project Template.a(DIP1.o)
 .ARM.attributes
                0x00000344       0x31 .\CortexM0\ARM_GCC_541\Debug\PSoC Project Template.a(DIP2.o)
 .ARM.attributes
                0x00000375       0x31 .\CortexM0\ARM_GCC_541\Debug\PSoC Project Template.a(DIP3.o)
 .ARM.attributes
                0x000003a6       0x31 .\CortexM0\ARM_GCC_541\Debug\PSoC Project Template.a(DIP4.o)
 .ARM.attributes
                0x000003d7       0x31 .\CortexM0\ARM_GCC_541\Debug\PSoC Project Template.a(DBG.o)
 .ARM.attributes
                0x00000408       0x31 .\CortexM0\ARM_GCC_541\Debug\PSoC Project Template.a(DBG_UART.o)
 .ARM.attributes
                0x00000439       0x31 .\CortexM0\ARM_GCC_541\Debug\PSoC Project Template.a(DBG_UART_UART.o)
 .ARM.attributes
                0x0000046a       0x21 .\CortexM0\ARM_GCC_541\Debug\PSoC Project Template.a(CyBootAsmGnu.o)
 .ARM.attributes
                0x0000048b       0x31 .\CortexM0\ARM_GCC_541\Debug\PSoC Project Template.a(CyFlash.o)
 .ARM.attributes
                0x000004bc       0x31 .\CortexM0\ARM_GCC_541\Debug\PSoC Project Template.a(DBG_UART_SPI_UART.o)
 .ARM.attributes
                0x000004ed       0x1e c:/program files (x86)/cypress/psoc creator/4.4/psoc creator/import/gnu/arm/5.4.1/bin/../lib/gcc/arm-none-eabi/5.4.1/armv6-m\libgcc.a(_udivsi3.o)
 .ARM.attributes
                0x0000050b       0x1e c:/program files (x86)/cypress/psoc creator/4.4/psoc creator/import/gnu/arm/5.4.1/bin/../lib/gcc/arm-none-eabi/5.4.1/armv6-m\libgcc.a(_divsi3.o)
 .ARM.attributes
                0x00000529       0x1e c:/program files (x86)/cypress/psoc creator/4.4/psoc creator/import/gnu/arm/5.4.1/bin/../lib/gcc/arm-none-eabi/5.4.1/armv6-m\libgcc.a(_dvmd_tls.o)
 .ARM.attributes
                0x00000547       0x2c c:/program files (x86)/cypress/psoc creator/4.4/psoc creator/import/gnu/arm/5.4.1/bin/../lib/gcc/arm-none-eabi/5.4.1/../../../../arm-none-eabi/lib/armv6-m\libg_nano.a(lib_a-errno.o)
 .ARM.attributes
                0x00000573       0x2c c:/program files (x86)/cypress/psoc creator/4.4/psoc creator/import/gnu/arm/5.4.1/bin/../lib/gcc/arm-none-eabi/5.4.1/../../../../arm-none-eabi/lib/armv6-m\libg_nano.a(lib_a-exit.o)
 .ARM.attributes
                0x0000059f       0x2c c:/program files (x86)/cypress/psoc creator/4.4/psoc creator/import/gnu/arm/5.4.1/bin/../lib/gcc/arm-none-eabi/5.4.1/../../../../arm-none-eabi/lib/armv6-m\libg_nano.a(lib_a-impure.o)
 .ARM.attributes
                0x000005cb       0x2c c:/program files (x86)/cypress/psoc creator/4.4/psoc creator/import/gnu/arm/5.4.1/bin/../lib/gcc/arm-none-eabi/5.4.1/../../../../arm-none-eabi/lib/armv6-m\libg_nano.a(lib_a-init.o)
 .ARM.attributes
                0x000005f7       0x2c c:/program files (x86)/cypress/psoc creator/4.4/psoc creator/import/gnu/arm/5.4.1/bin/../lib/gcc/arm-none-eabi/5.4.1/../../../../arm-none-eabi/lib/armv6-m\libg_nano.a(lib_a-memcpy-stub.o)
 .ARM.attributes
                0x00000623       0x2c c:/program files (x86)/cypress/psoc creator/4.4/psoc creator/import/gnu/arm/5.4.1/bin/../lib/gcc/arm-none-eabi/5.4.1/../../../../arm-none-eabi/lib/armv6-m\libg_nano.a(lib_a-memset.o)
 .ARM.attributes
                0x0000064f       0x2c c:/program files (x86)/cypress/psoc creator/4.4/psoc creator/import/gnu/arm/5.4.1/bin/../lib/gcc/arm-none-eabi/5.4.1/armv6-m/crtend.o
 .ARM.attributes
                0x0000067b       0x1e c:/program files (x86)/cypress/psoc creator/4.4/psoc creator/import/gnu/arm/5.4.1/bin/../lib/gcc/arm-none-eabi/5.4.1/armv6-m/crtn.o

/DISCARD/
 *(.note.GNU-stack)
OUTPUT(C:\Users\davis\Documents\PSoC Creator\PSoC_Project_Template\PSoC Project Template.cydsn\CortexM0\ARM_GCC_541\Debug\PSoC Project Template.elf elf32-littlearm)
